Android Unit Tests	Set up job	ï»¿2026-01-02T03:59:10.3893159Z Current runner version: '2.330.0'
Android Unit Tests	Set up job	2026-01-02T03:59:10.3927349Z ##[group]Runner Image Provisioner
Android Unit Tests	Set up job	2026-01-02T03:59:10.3928579Z Hosted Compute Agent
Android Unit Tests	Set up job	2026-01-02T03:59:10.3929138Z Version: 20251211.462
Android Unit Tests	Set up job	2026-01-02T03:59:10.3929760Z Commit: 6cbad8c2bb55d58165063d031ccabf57e2d2db61
Android Unit Tests	Set up job	2026-01-02T03:59:10.3930480Z Build Date: 2025-12-11T16:28:49Z
Android Unit Tests	Set up job	2026-01-02T03:59:10.3931163Z Worker ID: {46a17fb5-f77b-4fcf-afbd-ad82f1fd6639}
Android Unit Tests	Set up job	2026-01-02T03:59:10.3931857Z ##[endgroup]
Android Unit Tests	Set up job	2026-01-02T03:59:10.3932420Z ##[group]Operating System
Android Unit Tests	Set up job	2026-01-02T03:59:10.3932975Z Ubuntu
Android Unit Tests	Set up job	2026-01-02T03:59:10.3933463Z 24.04.3
Android Unit Tests	Set up job	2026-01-02T03:59:10.3933999Z LTS
Android Unit Tests	Set up job	2026-01-02T03:59:10.3934462Z ##[endgroup]
Android Unit Tests	Set up job	2026-01-02T03:59:10.3935001Z ##[group]Runner Image
Android Unit Tests	Set up job	2026-01-02T03:59:10.3935484Z Image: ubuntu-24.04
Android Unit Tests	Set up job	2026-01-02T03:59:10.3936060Z Version: 20251215.174.1
Android Unit Tests	Set up job	2026-01-02T03:59:10.3937056Z Included Software: https://github.com/actions/runner-images/blob/ubuntu24/20251215.174/images/ubuntu/Ubuntu2404-Readme.md
Android Unit Tests	Set up job	2026-01-02T03:59:10.3938664Z Image Release: https://github.com/actions/runner-images/releases/tag/ubuntu24%2F20251215.174
Android Unit Tests	Set up job	2026-01-02T03:59:10.3939973Z ##[endgroup]
Android Unit Tests	Set up job	2026-01-02T03:59:10.3941129Z ##[group]GITHUB_TOKEN Permissions
Android Unit Tests	Set up job	2026-01-02T03:59:10.3943216Z Contents: read
Android Unit Tests	Set up job	2026-01-02T03:59:10.3943763Z Metadata: read
Android Unit Tests	Set up job	2026-01-02T03:59:10.3944374Z Packages: read
Android Unit Tests	Set up job	2026-01-02T03:59:10.3944848Z ##[endgroup]
Android Unit Tests	Set up job	2026-01-02T03:59:10.3947145Z Secret source: Actions
Android Unit Tests	Set up job	2026-01-02T03:59:10.3948257Z Prepare workflow directory
Android Unit Tests	Set up job	2026-01-02T03:59:10.4611512Z Prepare all required actions
Android Unit Tests	Set up job	2026-01-02T03:59:10.4666284Z Getting action download info
Android Unit Tests	Set up job	2026-01-02T03:59:10.7929082Z Download action repository 'actions/checkout@v4' (SHA:34e114876b0b11c390a56381ad16ebd13914f8d5)
Android Unit Tests	Set up job	2026-01-02T03:59:10.9660734Z Download action repository 'actions/setup-java@v4' (SHA:c1e323688fd81a25caa38c78aa6df2d33d3e20d9)
Android Unit Tests	Set up job	2026-01-02T03:59:11.4435365Z Download action repository 'gradle/gradle-build-action@v2' (SHA:a8f75513eafdebd8141bd1cd4e30fcd194af8dfa)
Android Unit Tests	Set up job	2026-01-02T03:59:11.9542819Z Download action repository 'actions/upload-artifact@v4' (SHA:ea165f8d65b6e75b540449e92b4886f43607fa02)
Android Unit Tests	Set up job	2026-01-02T03:59:12.2197876Z Complete job name: Android Unit Tests
Android Unit Tests	Run actions/checkout@v4	ï»¿2026-01-02T03:59:12.2803989Z ##[group]Run actions/checkout@v4
Android Unit Tests	Run actions/checkout@v4	2026-01-02T03:59:12.2804692Z with:
Android Unit Tests	Run actions/checkout@v4	2026-01-02T03:59:12.2805013Z   repository: ImL1s/kotlin-crypto-pure
Android Unit Tests	Run actions/checkout@v4	2026-01-02T03:59:12.2805577Z   token: ***
Android Unit Tests	Run actions/checkout@v4	2026-01-02T03:59:12.2805862Z   ssh-strict: true
Android Unit Tests	Run actions/checkout@v4	2026-01-02T03:59:12.2806141Z   ssh-user: git
Android Unit Tests	Run actions/checkout@v4	2026-01-02T03:59:12.2806443Z   persist-credentials: true
Android Unit Tests	Run actions/checkout@v4	2026-01-02T03:59:12.2806762Z   clean: true
Android Unit Tests	Run actions/checkout@v4	2026-01-02T03:59:12.2807067Z   sparse-checkout-cone-mode: true
Android Unit Tests	Run actions/checkout@v4	2026-01-02T03:59:12.2807408Z   fetch-depth: 1
Android Unit Tests	Run actions/checkout@v4	2026-01-02T03:59:12.2807687Z   fetch-tags: false
Android Unit Tests	Run actions/checkout@v4	2026-01-02T03:59:12.2808527Z   show-progress: true
Android Unit Tests	Run actions/checkout@v4	2026-01-02T03:59:12.2808856Z   lfs: false
Android Unit Tests	Run actions/checkout@v4	2026-01-02T03:59:12.2809152Z   submodules: false
Android Unit Tests	Run actions/checkout@v4	2026-01-02T03:59:12.2809449Z   set-safe-directory: true
Android Unit Tests	Run actions/checkout@v4	2026-01-02T03:59:12.2810067Z env:
Android Unit Tests	Run actions/checkout@v4	2026-01-02T03:59:12.2810523Z   GITHUB_TOKEN: ***
Android Unit Tests	Run actions/checkout@v4	2026-01-02T03:59:12.2810886Z   GITHUB_ACTOR: ImL1s
Android Unit Tests	Run actions/checkout@v4	2026-01-02T03:59:12.2811263Z ##[endgroup]
Android Unit Tests	Run actions/checkout@v4	2026-01-02T03:59:12.3922423Z Syncing repository: ImL1s/kotlin-crypto-pure
Android Unit Tests	Run actions/checkout@v4	2026-01-02T03:59:12.3923956Z ##[group]Getting Git version info
Android Unit Tests	Run actions/checkout@v4	2026-01-02T03:59:12.3924655Z Working directory is '/home/runner/work/kotlin-crypto-pure/kotlin-crypto-pure'
Android Unit Tests	Run actions/checkout@v4	2026-01-02T03:59:12.3925446Z [command]/usr/bin/git version
Android Unit Tests	Run actions/checkout@v4	2026-01-02T03:59:12.4036949Z git version 2.52.0
Android Unit Tests	Run actions/checkout@v4	2026-01-02T03:59:12.4079000Z ##[endgroup]
Android Unit Tests	Run actions/checkout@v4	2026-01-02T03:59:12.4098391Z Temporarily overriding HOME='/home/runner/work/_temp/0655d8e5-950d-49e7-85d0-3032bec8a8bd' before making global git config changes
Android Unit Tests	Run actions/checkout@v4	2026-01-02T03:59:12.4099979Z Adding repository directory to the temporary git global config as a safe directory
Android Unit Tests	Run actions/checkout@v4	2026-01-02T03:59:12.4116381Z [command]/usr/bin/git config --global --add safe.directory /home/runner/work/kotlin-crypto-pure/kotlin-crypto-pure
Android Unit Tests	Run actions/checkout@v4	2026-01-02T03:59:12.4164842Z Deleting the contents of '/home/runner/work/kotlin-crypto-pure/kotlin-crypto-pure'
Android Unit Tests	Run actions/checkout@v4	2026-01-02T03:59:12.4169035Z ##[group]Initializing the repository
Android Unit Tests	Run actions/checkout@v4	2026-01-02T03:59:12.4175443Z [command]/usr/bin/git init /home/runner/work/kotlin-crypto-pure/kotlin-crypto-pure
Android Unit Tests	Run actions/checkout@v4	2026-01-02T03:59:12.4312159Z hint: Using 'master' as the name for the initial branch. This default branch name
Android Unit Tests	Run actions/checkout@v4	2026-01-02T03:59:12.4313549Z hint: will change to "main" in Git 3.0. To configure the initial branch name
Android Unit Tests	Run actions/checkout@v4	2026-01-02T03:59:12.4314591Z hint: to use in all of your new repositories, which will suppress this warning,
Android Unit Tests	Run actions/checkout@v4	2026-01-02T03:59:12.4315446Z hint: call:
Android Unit Tests	Run actions/checkout@v4	2026-01-02T03:59:12.4315903Z hint:
Android Unit Tests	Run actions/checkout@v4	2026-01-02T03:59:12.4316497Z hint: 	git config --global init.defaultBranch <name>
Android Unit Tests	Run actions/checkout@v4	2026-01-02T03:59:12.4317266Z hint:
Android Unit Tests	Run actions/checkout@v4	2026-01-02T03:59:12.4318076Z hint: Names commonly chosen instead of 'master' are 'main', 'trunk' and
Android Unit Tests	Run actions/checkout@v4	2026-01-02T03:59:12.4319061Z hint: 'development'. The just-created branch can be renamed via this command:
Android Unit Tests	Run actions/checkout@v4	2026-01-02T03:59:12.4319755Z hint:
Android Unit Tests	Run actions/checkout@v4	2026-01-02T03:59:12.4320077Z hint: 	git branch -m <name>
Android Unit Tests	Run actions/checkout@v4	2026-01-02T03:59:12.4320411Z hint:
Android Unit Tests	Run actions/checkout@v4	2026-01-02T03:59:12.4320833Z hint: Disable this message with "git config set advice.defaultBranchName false"
Android Unit Tests	Run actions/checkout@v4	2026-01-02T03:59:12.4321617Z Initialized empty Git repository in /home/runner/work/kotlin-crypto-pure/kotlin-crypto-pure/.git/
Android Unit Tests	Run actions/checkout@v4	2026-01-02T03:59:12.4336251Z [command]/usr/bin/git remote add origin https://github.com/ImL1s/kotlin-crypto-pure
Android Unit Tests	Run actions/checkout@v4	2026-01-02T03:59:12.4377341Z ##[endgroup]
Android Unit Tests	Run actions/checkout@v4	2026-01-02T03:59:12.4378402Z ##[group]Disabling automatic garbage collection
Android Unit Tests	Run actions/checkout@v4	2026-01-02T03:59:12.4384188Z [command]/usr/bin/git config --local gc.auto 0
Android Unit Tests	Run actions/checkout@v4	2026-01-02T03:59:12.4417586Z ##[endgroup]
Android Unit Tests	Run actions/checkout@v4	2026-01-02T03:59:12.4418515Z ##[group]Setting up auth
Android Unit Tests	Run actions/checkout@v4	2026-01-02T03:59:12.4429118Z [command]/usr/bin/git config --local --name-only --get-regexp core\.sshCommand
Android Unit Tests	Run actions/checkout@v4	2026-01-02T03:59:12.4464563Z [command]/usr/bin/git submodule foreach --recursive sh -c "git config --local --name-only --get-regexp 'core\.sshCommand' && git config --local --unset-all 'core.sshCommand' || :"
Android Unit Tests	Run actions/checkout@v4	2026-01-02T03:59:12.4834127Z [command]/usr/bin/git config --local --name-only --get-regexp http\.https\:\/\/github\.com\/\.extraheader
Android Unit Tests	Run actions/checkout@v4	2026-01-02T03:59:12.4864998Z [command]/usr/bin/git submodule foreach --recursive sh -c "git config --local --name-only --get-regexp 'http\.https\:\/\/github\.com\/\.extraheader' && git config --local --unset-all 'http.https://github.com/.extraheader' || :"
Android Unit Tests	Run actions/checkout@v4	2026-01-02T03:59:12.5094482Z [command]/usr/bin/git config --local --name-only --get-regexp ^includeIf\.gitdir:
Android Unit Tests	Run actions/checkout@v4	2026-01-02T03:59:12.5126796Z [command]/usr/bin/git submodule foreach --recursive git config --local --show-origin --name-only --get-regexp remote.origin.url
Android Unit Tests	Run actions/checkout@v4	2026-01-02T03:59:12.5378075Z [command]/usr/bin/git config --local http.https://github.com/.extraheader AUTHORIZATION: basic ***
Android Unit Tests	Run actions/checkout@v4	2026-01-02T03:59:12.5414104Z ##[endgroup]
Android Unit Tests	Run actions/checkout@v4	2026-01-02T03:59:12.5422581Z ##[group]Fetching the repository
Android Unit Tests	Run actions/checkout@v4	2026-01-02T03:59:12.5423650Z [command]/usr/bin/git -c protocol.version=2 fetch --no-tags --prune --no-recurse-submodules --depth=1 origin +4e998e60946e4b8ed4a3edc845c24ade52c963ee:refs/remotes/origin/main
Android Unit Tests	Run actions/checkout@v4	2026-01-02T03:59:12.8726256Z From https://github.com/ImL1s/kotlin-crypto-pure
Android Unit Tests	Run actions/checkout@v4	2026-01-02T03:59:12.8728329Z  * [new ref]         4e998e60946e4b8ed4a3edc845c24ade52c963ee -> origin/main
Android Unit Tests	Run actions/checkout@v4	2026-01-02T03:59:12.8759737Z ##[endgroup]
Android Unit Tests	Run actions/checkout@v4	2026-01-02T03:59:12.8760574Z ##[group]Determining the checkout info
Android Unit Tests	Run actions/checkout@v4	2026-01-02T03:59:12.8761496Z ##[endgroup]
Android Unit Tests	Run actions/checkout@v4	2026-01-02T03:59:12.8766572Z [command]/usr/bin/git sparse-checkout disable
Android Unit Tests	Run actions/checkout@v4	2026-01-02T03:59:12.8858081Z [command]/usr/bin/git config --local --unset-all extensions.worktreeConfig
Android Unit Tests	Run actions/checkout@v4	2026-01-02T03:59:12.8883548Z ##[group]Checking out the ref
Android Unit Tests	Run actions/checkout@v4	2026-01-02T03:59:12.8888684Z [command]/usr/bin/git checkout --progress --force -B main refs/remotes/origin/main
Android Unit Tests	Run actions/checkout@v4	2026-01-02T03:59:12.9034238Z Switched to a new branch 'main'
Android Unit Tests	Run actions/checkout@v4	2026-01-02T03:59:12.9036964Z branch 'main' set up to track 'origin/main'.
Android Unit Tests	Run actions/checkout@v4	2026-01-02T03:59:12.9044085Z ##[endgroup]
Android Unit Tests	Run actions/checkout@v4	2026-01-02T03:59:12.9076871Z [command]/usr/bin/git log -1 --format=%H
Android Unit Tests	Run actions/checkout@v4	2026-01-02T03:59:12.9098717Z 4e998e60946e4b8ed4a3edc845c24ade52c963ee
Android Unit Tests	Set up JDK 17	ï»¿2026-01-02T03:59:12.9343679Z ##[group]Run actions/setup-java@v4
Android Unit Tests	Set up JDK 17	2026-01-02T03:59:12.9344272Z with:
Android Unit Tests	Set up JDK 17	2026-01-02T03:59:12.9344544Z   java-version: 17
Android Unit Tests	Set up JDK 17	2026-01-02T03:59:12.9344828Z   distribution: temurin
Android Unit Tests	Set up JDK 17	2026-01-02T03:59:12.9345135Z   java-package: jdk
Android Unit Tests	Set up JDK 17	2026-01-02T03:59:12.9345418Z   check-latest: false
Android Unit Tests	Set up JDK 17	2026-01-02T03:59:12.9345707Z   server-id: github
Android Unit Tests	Set up JDK 17	2026-01-02T03:59:12.9345997Z   server-username: GITHUB_ACTOR
Android Unit Tests	Set up JDK 17	2026-01-02T03:59:12.9346331Z   server-password: GITHUB_TOKEN
Android Unit Tests	Set up JDK 17	2026-01-02T03:59:12.9346663Z   overwrite-settings: true
Android Unit Tests	Set up JDK 17	2026-01-02T03:59:12.9346973Z   job-status: success
Android Unit Tests	Set up JDK 17	2026-01-02T03:59:12.9347397Z   token: ***
Android Unit Tests	Set up JDK 17	2026-01-02T03:59:12.9347648Z env:
Android Unit Tests	Set up JDK 17	2026-01-02T03:59:12.9348162Z   GITHUB_TOKEN: ***
Android Unit Tests	Set up JDK 17	2026-01-02T03:59:12.9348443Z   GITHUB_ACTOR: ImL1s
Android Unit Tests	Set up JDK 17	2026-01-02T03:59:12.9348759Z ##[endgroup]
Android Unit Tests	Set up JDK 17	2026-01-02T03:59:13.1445020Z ##[group]Installed distributions
Android Unit Tests	Set up JDK 17	2026-01-02T03:59:13.1695471Z Resolved Java 17.0.17+10 from tool-cache
Android Unit Tests	Set up JDK 17	2026-01-02T03:59:13.1696491Z Setting Java 17.0.17+10 as the default
Android Unit Tests	Set up JDK 17	2026-01-02T03:59:13.1709952Z Creating toolchains.xml for JDK version 17 from temurin
Android Unit Tests	Set up JDK 17	2026-01-02T03:59:13.1786702Z Writing to /home/runner/.m2/toolchains.xml
Android Unit Tests	Set up JDK 17	2026-01-02T03:59:13.1787192Z 
Android Unit Tests	Set up JDK 17	2026-01-02T03:59:13.1787378Z Java configuration:
Android Unit Tests	Set up JDK 17	2026-01-02T03:59:13.1789138Z   Distribution: temurin
Android Unit Tests	Set up JDK 17	2026-01-02T03:59:13.1789641Z   Version: 17.0.17+10
Android Unit Tests	Set up JDK 17	2026-01-02T03:59:13.1790667Z   Path: /opt/hostedtoolcache/Java_Temurin-Hotspot_jdk/17.0.17-10/x64
Android Unit Tests	Set up JDK 17	2026-01-02T03:59:13.1791234Z 
Android Unit Tests	Set up JDK 17	2026-01-02T03:59:13.1791788Z ##[endgroup]
Android Unit Tests	Set up JDK 17	2026-01-02T03:59:13.1808056Z Creating settings.xml with server-id: github
Android Unit Tests	Set up JDK 17	2026-01-02T03:59:13.1812621Z Writing to /home/runner/.m2/settings.xml
Android Unit Tests	Setup Gradle	ï»¿2026-01-02T03:59:13.1975411Z ##[group]Run gradle/gradle-build-action@v2
Android Unit Tests	Setup Gradle	2026-01-02T03:59:13.1975761Z with:
Android Unit Tests	Setup Gradle	2026-01-02T03:59:13.1975981Z   cache-disabled: false
Android Unit Tests	Setup Gradle	2026-01-02T03:59:13.1976224Z   cache-read-only: false
Android Unit Tests	Setup Gradle	2026-01-02T03:59:13.1976475Z   cache-write-only: false
Android Unit Tests	Setup Gradle	2026-01-02T03:59:13.1976736Z   cache-overwrite-existing: false
Android Unit Tests	Setup Gradle	2026-01-02T03:59:13.1977058Z   gradle-home-cache-includes: caches
Android Unit Tests	Setup Gradle	notifications
Android Unit Tests	Setup Gradle	
Android Unit Tests	Setup Gradle	2026-01-02T03:59:13.1977411Z   gradle-home-cache-cleanup: false
Android Unit Tests	Setup Gradle	2026-01-02T03:59:13.1978011Z   generate-job-summary: true
Android Unit Tests	Setup Gradle	2026-01-02T03:59:13.1978327Z   dependency-graph: disabled
Android Unit Tests	Setup Gradle	2026-01-02T03:59:13.1978606Z   gradle-home-cache-strict-match: false
Android Unit Tests	Setup Gradle	2026-01-02T03:59:13.1978910Z   workflow-job-context: null
Android Unit Tests	Setup Gradle	2026-01-02T03:59:13.1979323Z   github-token: ***
Android Unit Tests	Setup Gradle	2026-01-02T03:59:13.1979547Z env:
Android Unit Tests	Setup Gradle	2026-01-02T03:59:13.1979833Z   GITHUB_TOKEN: ***
Android Unit Tests	Setup Gradle	2026-01-02T03:59:13.1980051Z   GITHUB_ACTOR: ImL1s
Android Unit Tests	Setup Gradle	2026-01-02T03:59:13.1980396Z   JAVA_HOME: /opt/hostedtoolcache/Java_Temurin-Hotspot_jdk/17.0.17-10/x64
Android Unit Tests	Setup Gradle	2026-01-02T03:59:13.1980881Z   JAVA_HOME_17_X64: /opt/hostedtoolcache/Java_Temurin-Hotspot_jdk/17.0.17-10/x64
Android Unit Tests	Setup Gradle	2026-01-02T03:59:13.1981291Z ##[endgroup]
Android Unit Tests	Setup Gradle	2026-01-02T03:59:14.5675062Z ##[group]Restore Gradle state from cache
Android Unit Tests	Setup Gradle	2026-01-02T03:59:14.7162843Z ##[warning]Failed to restore v8-gradle|Linux|ci-test-android[37a6259cc0c1dae299a7866489dff0bd]-4e998e60946e4b8ed4a3edc845c24ade52c963ee: Error: Cache service responded with 400
Android Unit Tests	Setup Gradle	2026-01-02T03:59:14.7200596Z Gradle User Home cache not found. Will initialize empty.
Android Unit Tests	Setup Gradle	2026-01-02T03:59:14.7201743Z ##[endgroup]
Android Unit Tests	Run Android Unit Tests	ï»¿2026-01-02T03:59:14.7327552Z ##[group]Run ./gradlew testDebugUnitTest --continue
Android Unit Tests	Run Android Unit Tests	2026-01-02T03:59:14.7328360Z [36;1m./gradlew testDebugUnitTest --continue[0m
Android Unit Tests	Run Android Unit Tests	2026-01-02T03:59:14.7365130Z shell: /usr/bin/bash -e {0}
Android Unit Tests	Run Android Unit Tests	2026-01-02T03:59:14.7365382Z env:
Android Unit Tests	Run Android Unit Tests	2026-01-02T03:59:14.7365765Z   GITHUB_TOKEN: ***
Android Unit Tests	Run Android Unit Tests	2026-01-02T03:59:14.7365966Z   GITHUB_ACTOR: ImL1s
Android Unit Tests	Run Android Unit Tests	2026-01-02T03:59:14.7366281Z   JAVA_HOME: /opt/hostedtoolcache/Java_Temurin-Hotspot_jdk/17.0.17-10/x64
Android Unit Tests	Run Android Unit Tests	2026-01-02T03:59:14.7366732Z   JAVA_HOME_17_X64: /opt/hostedtoolcache/Java_Temurin-Hotspot_jdk/17.0.17-10/x64
Android Unit Tests	Run Android Unit Tests	2026-01-02T03:59:14.7367098Z   GRADLE_BUILD_ACTION_SETUP_COMPLETED: true
Android Unit Tests	Run Android Unit Tests	2026-01-02T03:59:14.7367365Z   GRADLE_BUILD_ACTION_CACHE_RESTORED: true
Android Unit Tests	Run Android Unit Tests	2026-01-02T03:59:14.7367607Z ##[endgroup]
Android Unit Tests	Run Android Unit Tests	2026-01-02T03:59:15.1782368Z Downloading https://services.gradle.org/distributions/gradle-8.13-all.zip
Android Unit Tests	Run Android Unit Tests	2026-01-02T03:59:18.1515043Z ......................10%......................20%......................30%......................40%......................50%......................60%......................70%.......................80%......................90%......................100%
Android Unit Tests	Run Android Unit Tests	2026-01-02T03:59:21.7844164Z 
Android Unit Tests	Run Android Unit Tests	2026-01-02T03:59:21.7845046Z Welcome to Gradle 8.13!
Android Unit Tests	Run Android Unit Tests	2026-01-02T03:59:21.7845479Z 
Android Unit Tests	Run Android Unit Tests	2026-01-02T03:59:21.7848971Z Here are the highlights of this release:
Android Unit Tests	Run Android Unit Tests	2026-01-02T03:59:21.7849672Z  - Daemon JVM auto-provisioning
Android Unit Tests	Run Android Unit Tests	2026-01-02T03:59:21.7850630Z  - Enhancements for Scala plugin and JUnit testing
Android Unit Tests	Run Android Unit Tests	2026-01-02T03:59:21.7851586Z  - Improvements for build authors and plugin developers
Android Unit Tests	Run Android Unit Tests	2026-01-02T03:59:21.7852335Z 
Android Unit Tests	Run Android Unit Tests	2026-01-02T03:59:21.7861790Z For more details see https://docs.gradle.org/8.13/release-notes.html
Android Unit Tests	Run Android Unit Tests	2026-01-02T03:59:21.7862369Z 
Android Unit Tests	Run Android Unit Tests	2026-01-02T03:59:21.8698276Z Starting a Gradle Daemon (subsequent builds will be faster)
Android Unit Tests	Run Android Unit Tests	2026-01-02T04:00:46.2729765Z 
Android Unit Tests	Run Android Unit Tests	2026-01-02T04:00:46.2791857Z > Configure project :
Android Unit Tests	Run Android Unit Tests	2026-01-02T04:00:46.2802724Z w: file:///home/runner/work/kotlin-crypto-pure/kotlin-crypto-pure/build.gradle.kts:26:21: 'defFile: File' is deprecated. Deprecated because it is a non-lazy property.
Android Unit Tests	Run Android Unit Tests	2026-01-02T04:00:46.2808210Z w: file:///home/runner/work/kotlin-crypto-pure/kotlin-crypto-pure/build.gradle.kts:37:21: 'defFile: File' is deprecated. Deprecated because it is a non-lazy property.
Android Unit Tests	Run Android Unit Tests	2026-01-02T04:00:46.2813576Z w: file:///home/runner/work/kotlin-crypto-pure/kotlin-crypto-pure/build.gradle.kts:48:21: 'defFile: File' is deprecated. Deprecated because it is a non-lazy property.
Android Unit Tests	Run Android Unit Tests	2026-01-02T04:00:46.2815497Z w: file:///home/runner/work/kotlin-crypto-pure/kotlin-crypto-pure/build.gradle.kts:60:21: 'defFile: File' is deprecated. Deprecated because it is a non-lazy property.
Android Unit Tests	Run Android Unit Tests	2026-01-02T04:00:46.3698663Z w: file:///home/runner/work/kotlin-crypto-pure/kotlin-crypto-pure/build.gradle.kts:71:21: 'defFile: File' is deprecated. Deprecated because it is a non-lazy property.
Android Unit Tests	Run Android Unit Tests	2026-01-02T04:00:46.3700868Z w: file:///home/runner/work/kotlin-crypto-pure/kotlin-crypto-pure/build.gradle.kts:82:21: 'defFile: File' is deprecated. Deprecated because it is a non-lazy property.
Android Unit Tests	Run Android Unit Tests	2026-01-02T04:00:47.6710272Z w: The following Kotlin/Native targets cannot be built on this machine and are disabled:
Android Unit Tests	Run Android Unit Tests	2026-01-02T04:00:47.6719625Z iosArm64, iosSimulatorArm64, iosX64, watchosArm64, watchosSimulatorArm64, watchosX64
Android Unit Tests	Run Android Unit Tests	2026-01-02T04:00:47.6720976Z To hide this message, add 'kotlin.native.ignoreDisabledTargets=true' to the Gradle properties.
Android Unit Tests	Run Android Unit Tests	2026-01-02T04:00:47.6721744Z 
Android Unit Tests	Run Android Unit Tests	2026-01-02T04:00:47.6722317Z w: The Default Kotlin Hierarchy Template was not applied to 'root project 'kotlin-crypto-pure'':
Android Unit Tests	Run Android Unit Tests	2026-01-02T04:00:47.6723529Z Explicit .dependsOn() edges were configured for the following source sets:
Android Unit Tests	Run Android Unit Tests	2026-01-02T04:00:47.6725797Z [iosArm64Main, iosArm64Test, iosMain, iosSimulatorArm64Main, iosSimulatorArm64Test, iosX64Main, iosX64Test, nativeMain, nativeTest, watchosArm64Main, watchosArm64Test, watchosMain, watchosSimulatorArm64Main, watchosSimulatorArm64Test, watchosX64Main, watchosX64Test]
Android Unit Tests	Run Android Unit Tests	2026-01-02T04:00:47.6729476Z 
Android Unit Tests	Run Android Unit Tests	2026-01-02T04:00:47.6729899Z Consider removing dependsOn-calls or disabling the default template by adding
Android Unit Tests	Run Android Unit Tests	2026-01-02T04:00:47.6731257Z     'kotlin.mpp.applyDefaultHierarchyTemplate=false'
Android Unit Tests	Run Android Unit Tests	2026-01-02T04:00:47.6731772Z to your gradle.properties
Android Unit Tests	Run Android Unit Tests	2026-01-02T04:00:47.6732021Z 
Android Unit Tests	Run Android Unit Tests	2026-01-02T04:00:47.6732373Z Learn more about hierarchy templates: https://kotl.in/hierarchy-template
Android Unit Tests	Run Android Unit Tests	2026-01-02T04:00:47.6732872Z 
Android Unit Tests	Run Android Unit Tests	2026-01-02T04:00:47.6733422Z w: The project is using Kotlin Multiplatform with hierarchical structure and disabled 'cinterop commonization'
Android Unit Tests	Run Android Unit Tests	2026-01-02T04:00:47.6734738Z See: https://kotlinlang.org/docs/mpp-share-on-platforms.html#use-native-libraries-in-the-hierarchical-structure
Android Unit Tests	Run Android Unit Tests	2026-01-02T04:00:47.6735497Z 
Android Unit Tests	Run Android Unit Tests	2026-01-02T04:00:47.6735798Z 'cinterop commonization' can be enabled in your 'gradle.properties'
Android Unit Tests	Run Android Unit Tests	2026-01-02T04:00:47.6736446Z kotlin.mpp.enableCInteropCommonization=true
Android Unit Tests	Run Android Unit Tests	2026-01-02T04:00:47.6736778Z 
Android Unit Tests	Run Android Unit Tests	2026-01-02T04:00:47.6737012Z To hide this message, add to your 'gradle.properties'
Android Unit Tests	Run Android Unit Tests	2026-01-02T04:00:47.6737611Z kotlin.mpp.enableCInteropCommonization.nowarn=true 
Android Unit Tests	Run Android Unit Tests	2026-01-02T04:00:47.6739633Z 
Android Unit Tests	Run Android Unit Tests	2026-01-02T04:00:47.6739812Z The following source sets are affected: 
Android Unit Tests	Run Android Unit Tests	2026-01-02T04:00:47.6740297Z [iosMain, nativeMain, watchosMain]
Android Unit Tests	Run Android Unit Tests	2026-01-02T04:00:47.6740587Z 
Android Unit Tests	Run Android Unit Tests	2026-01-02T04:00:47.6740759Z The following cinterops are affected: 
Android Unit Tests	Run Android Unit Tests	2026-01-02T04:00:47.6743502Z [cinterop:compilation/compileKotlinIosArm64/CommonCrypto, cinterop:compilation/compileKotlinIosSimulatorArm64/CommonCrypto, cinterop:compilation/compileKotlinIosX64/CommonCrypto, cinterop:compilation/compileKotlinWatchosArm64/CommonCrypto, cinterop:compilation/compileKotlinWatchosSimulatorArm64/CommonCrypto, cinterop:compilation/compileKotlinWatchosX64/CommonCrypto]
Android Unit Tests	Run Android Unit Tests	2026-01-02T04:00:47.6746127Z 
Android Unit Tests	Run Android Unit Tests	2026-01-02T04:00:48.3699424Z WARNING: We recommend using a newer Android Gradle plugin to use compileSdk = 35
Android Unit Tests	Run Android Unit Tests	2026-01-02T04:00:48.3720547Z 
Android Unit Tests	Run Android Unit Tests	2026-01-02T04:00:48.3721292Z This Android Gradle plugin (8.5.2) was tested up to compileSdk = 34.
Android Unit Tests	Run Android Unit Tests	2026-01-02T04:00:48.3723887Z 
Android Unit Tests	Run Android Unit Tests	2026-01-02T04:00:48.3724544Z You are strongly encouraged to update your project to use a newer
Android Unit Tests	Run Android Unit Tests	2026-01-02T04:00:48.3725627Z Android Gradle plugin that has been tested with compileSdk = 35.
Android Unit Tests	Run Android Unit Tests	2026-01-02T04:00:48.3726249Z 
Android Unit Tests	Run Android Unit Tests	2026-01-02T04:00:48.3738139Z If you are already using the latest version of the Android Gradle plugin,
Android Unit Tests	Run Android Unit Tests	2026-01-02T04:00:48.3740038Z you may need to wait until a newer version with support for compileSdk = 35 is available.
Android Unit Tests	Run Android Unit Tests	2026-01-02T04:00:48.3740547Z 
Android Unit Tests	Run Android Unit Tests	2026-01-02T04:00:48.3740766Z For more information refer to the compatibility table:
Android Unit Tests	Run Android Unit Tests	2026-01-02T04:00:48.3741307Z https://d.android.com/r/tools/api-level-support
Android Unit Tests	Run Android Unit Tests	2026-01-02T04:00:48.3741632Z 
Android Unit Tests	Run Android Unit Tests	2026-01-02T04:00:48.3741779Z To suppress this warning, add/update
Android Unit Tests	Run Android Unit Tests	2026-01-02T04:00:48.3742280Z     android.suppressUnsupportedCompileSdk=35
Android Unit Tests	Run Android Unit Tests	2026-01-02T04:00:48.3742800Z to this project's gradle.properties.
Android Unit Tests	Run Android Unit Tests	2026-01-02T04:00:48.9697971Z 
Android Unit Tests	Run Android Unit Tests	2026-01-02T04:00:48.9698607Z > Task :checkKotlinGradlePluginConfigurationErrors SKIPPED
Android Unit Tests	Run Android Unit Tests	2026-01-02T04:00:48.9699238Z > Task :preBuild UP-TO-DATE
Android Unit Tests	Run Android Unit Tests	2026-01-02T04:00:48.9699661Z > Task :preDebugBuild UP-TO-DATE
Android Unit Tests	Run Android Unit Tests	2026-01-02T04:00:49.0702819Z > Task :generateDebugResValues
Android Unit Tests	Run Android Unit Tests	2026-01-02T04:00:49.0703514Z > Task :generateDebugResources
Android Unit Tests	Run Android Unit Tests	2026-01-02T04:00:49.0704880Z > Task :packageDebugResources
Android Unit Tests	Run Android Unit Tests	2026-01-02T04:00:49.9699340Z > Task :preDebugUnitTestBuild UP-TO-DATE
Android Unit Tests	Run Android Unit Tests	2026-01-02T04:00:49.9702655Z > Task :javaPreCompileDebugUnitTest
Android Unit Tests	Run Android Unit Tests	2026-01-02T04:00:49.9703121Z > Task :javaPreCompileDebug
Android Unit Tests	Run Android Unit Tests	2026-01-02T04:00:50.0697397Z > Task :parseDebugLocalResources
Android Unit Tests	Run Android Unit Tests	2026-01-02T04:00:50.0698553Z > Task :generateDebugRFile
Android Unit Tests	Run Android Unit Tests	2026-01-02T04:01:14.0697015Z > Task :generateDebugUnitTestStubRFile
Android Unit Tests	Run Android Unit Tests	2026-01-02T04:01:20.0696176Z > Task :compileDebugKotlinAndroid
Android Unit Tests	Run Android Unit Tests	2026-01-02T04:01:21.8703158Z w: file:///home/runner/work/kotlin-crypto-pure/kotlin-crypto-pure/src/androidMain/kotlin/io/github/iml1s/crypto/AesGcm.android.kt:24:1 'expect'/'actual' classes (including interfaces, objects, annotations, enums, and 'actual' typealiases) are in Beta. You can use -Xexpect-actual-classes flag to suppress this warning. Also see: https://youtrack.jetbrains.com/issue/KT-61573
Android Unit Tests	Run Android Unit Tests	2026-01-02T04:01:21.8708520Z w: file:///home/runner/work/kotlin-crypto-pure/kotlin-crypto-pure/src/androidMain/kotlin/io/github/iml1s/crypto/Secp256k1Provider.android.kt:9:1 'expect'/'actual' classes (including interfaces, objects, annotations, enums, and 'actual' typealiases) are in Beta. You can use -Xexpect-actual-classes flag to suppress this warning. Also see: https://youtrack.jetbrains.com/issue/KT-61573
Android Unit Tests	Run Android Unit Tests	2026-01-02T04:01:21.8800213Z w: file:///home/runner/work/kotlin-crypto-pure/kotlin-crypto-pure/src/commonMain/kotlin/io/github/iml1s/crypto/AesGcm.kt:78:1 'expect'/'actual' classes (including interfaces, objects, annotations, enums, and 'actual' typealiases) are in Beta. You can use -Xexpect-actual-classes flag to suppress this warning. Also see: https://youtrack.jetbrains.com/issue/KT-61573
Android Unit Tests	Run Android Unit Tests	2026-01-02T04:01:21.8802874Z w: file:///home/runner/work/kotlin-crypto-pure/kotlin-crypto-pure/src/commonMain/kotlin/io/github/iml1s/crypto/Digest.kt:61:13 Check for instance is always 'true'.
Android Unit Tests	Run Android Unit Tests	2026-01-02T04:01:21.8804830Z w: file:///home/runner/work/kotlin-crypto-pure/kotlin-crypto-pure/src/commonMain/kotlin/io/github/iml1s/crypto/Digest.kt:80:13 Check for instance is always 'true'.
Android Unit Tests	Run Android Unit Tests	2026-01-02T04:01:21.8807896Z w: file:///home/runner/work/kotlin-crypto-pure/kotlin-crypto-pure/src/commonMain/kotlin/io/github/iml1s/crypto/Secp256k1Provider.kt:12:1 'expect'/'actual' classes (including interfaces, objects, annotations, enums, and 'actual' typealiases) are in Beta. You can use -Xexpect-actual-classes flag to suppress this warning. Also see: https://youtrack.jetbrains.com/issue/KT-61573
Android Unit Tests	Run Android Unit Tests	2026-01-02T04:01:21.8810170Z 
Android Unit Tests	Run Android Unit Tests	2026-01-02T04:01:21.8810371Z > Task :compileDebugJavaWithJavac NO-SOURCE
Android Unit Tests	Run Android Unit Tests	2026-01-02T04:01:21.9695959Z > Task :bundleLibRuntimeToJarDebug
Android Unit Tests	Run Android Unit Tests	2026-01-02T04:01:21.9697613Z > Task :bundleLibCompileToJarDebug
Android Unit Tests	Run Android Unit Tests	2026-01-02T04:01:21.9698258Z > Task :processDebugJavaRes
Android Unit Tests	Run Android Unit Tests	2026-01-02T04:01:25.0720965Z > Task :compileDebugUnitTestKotlinAndroid
Android Unit Tests	Run Android Unit Tests	2026-01-02T04:01:25.0732464Z > Task :compileDebugUnitTestJavaWithJavac NO-SOURCE
Android Unit Tests	Run Android Unit Tests	2026-01-02T04:01:25.0733289Z > Task :processDebugUnitTestJavaRes
Android Unit Tests	Run Android Unit Tests	2026-01-02T04:01:55.0698844Z > Task :testDebugUnitTest
Android Unit Tests	Run Android Unit Tests	2026-01-02T04:04:11.6698794Z 
Android Unit Tests	Run Android Unit Tests	2026-01-02T04:04:11.6699865Z [Incubating] Problems report is available at: file:///home/runner/work/kotlin-crypto-pure/kotlin-crypto-pure/build/reports/problems/problems-report.html
Android Unit Tests	Run Android Unit Tests	2026-01-02T04:04:11.6700823Z 
Android Unit Tests	Run Android Unit Tests	2026-01-02T04:04:11.6701249Z Deprecated Gradle features were used in this build, making it incompatible with Gradle 9.0.
Android Unit Tests	Run Android Unit Tests	2026-01-02T04:04:11.6701822Z 
Android Unit Tests	Run Android Unit Tests	2026-01-02T04:04:11.6702467Z You can use '--warning-mode all' to show the individual deprecation warnings and determine if they come from your own scripts or plugins.
Android Unit Tests	Run Android Unit Tests	2026-01-02T04:04:11.6703277Z 
Android Unit Tests	Run Android Unit Tests	2026-01-02T04:04:11.6704076Z For more on this, please refer to https://docs.gradle.org/8.13/userguide/command_line_interface.html#sec:command_line_warnings in the Gradle documentation.
Android Unit Tests	Run Android Unit Tests	2026-01-02T04:04:11.6704979Z 
Android Unit Tests	Run Android Unit Tests	2026-01-02T04:04:11.6705127Z BUILD SUCCESSFUL in 4m 56s
Android Unit Tests	Run Android Unit Tests	2026-01-02T04:04:11.6705528Z 15 actionable tasks: 15 executed
Android Unit Tests	Upload Test Results	ï»¿2026-01-02T04:04:12.0251858Z ##[group]Run actions/upload-artifact@v4
Android Unit Tests	Upload Test Results	2026-01-02T04:04:12.0252144Z with:
Android Unit Tests	Upload Test Results	2026-01-02T04:04:12.0252328Z   name: android-test-results
Android Unit Tests	Upload Test Results	2026-01-02T04:04:12.0252550Z   path: build/reports/tests/
Android Unit Tests	Upload Test Results	2026-01-02T04:04:12.0252766Z   if-no-files-found: warn
Android Unit Tests	Upload Test Results	2026-01-02T04:04:12.0252970Z   compression-level: 6
Android Unit Tests	Upload Test Results	2026-01-02T04:04:12.0253165Z   overwrite: false
Android Unit Tests	Upload Test Results	2026-01-02T04:04:12.0253355Z   include-hidden-files: false
Android Unit Tests	Upload Test Results	2026-01-02T04:04:12.0253554Z env:
Android Unit Tests	Upload Test Results	2026-01-02T04:04:12.0253951Z   GITHUB_TOKEN: ***
Android Unit Tests	Upload Test Results	2026-01-02T04:04:12.0254147Z   GITHUB_ACTOR: ImL1s
Android Unit Tests	Upload Test Results	2026-01-02T04:04:12.0254451Z   JAVA_HOME: /opt/hostedtoolcache/Java_Temurin-Hotspot_jdk/17.0.17-10/x64
Android Unit Tests	Upload Test Results	2026-01-02T04:04:12.0254945Z   JAVA_HOME_17_X64: /opt/hostedtoolcache/Java_Temurin-Hotspot_jdk/17.0.17-10/x64
Android Unit Tests	Upload Test Results	2026-01-02T04:04:12.0255310Z   GRADLE_BUILD_ACTION_SETUP_COMPLETED: true
Android Unit Tests	Upload Test Results	2026-01-02T04:04:12.0255577Z   GRADLE_BUILD_ACTION_CACHE_RESTORED: true
Android Unit Tests	Upload Test Results	2026-01-02T04:04:12.0255812Z ##[endgroup]
Android Unit Tests	Upload Test Results	2026-01-02T04:04:12.2458222Z With the provided path, there will be 19 files uploaded
Android Unit Tests	Upload Test Results	2026-01-02T04:04:12.2462975Z Artifact name is valid!
Android Unit Tests	Upload Test Results	2026-01-02T04:04:12.2464547Z Root directory input is valid!
Android Unit Tests	Upload Test Results	2026-01-02T04:04:12.3737170Z Beginning upload of artifact content to blob storage
Android Unit Tests	Upload Test Results	2026-01-02T04:04:12.5279544Z Uploaded bytes 20635
Android Unit Tests	Upload Test Results	2026-01-02T04:04:12.5651393Z Finished uploading artifact content to blob storage!
Android Unit Tests	Upload Test Results	2026-01-02T04:04:12.5654997Z SHA256 digest of uploaded artifact zip is 679a1c8b3b93881646fcbd40ba123122d13f8770286058331f83fd3263765c38
Android Unit Tests	Upload Test Results	2026-01-02T04:04:12.5656942Z Finalizing artifact upload
Android Unit Tests	Upload Test Results	2026-01-02T04:04:12.6626818Z Artifact android-test-results.zip successfully finalized. Artifact ID 5005788779
Android Unit Tests	Upload Test Results	2026-01-02T04:04:12.6628154Z Artifact android-test-results has been successfully uploaded! Final size is 20635 bytes. Artifact ID is 5005788779
Android Unit Tests	Upload Test Results	2026-01-02T04:04:12.6634658Z Artifact download URL: https://github.com/ImL1s/kotlin-crypto-pure/actions/runs/20650510760/artifacts/5005788779
Android Unit Tests	Post Setup Gradle	ï»¿2026-01-02T04:04:12.6797022Z Post job cleanup.
Android Unit Tests	Post Setup Gradle	2026-01-02T04:04:12.8380252Z In final post-action step, saving state and writing summary
Android Unit Tests	Post Setup Gradle	2026-01-02T04:04:12.8388946Z Stopping all Gradle daemons before saving Gradle User Home state
Android Unit Tests	Post Setup Gradle	2026-01-02T04:04:12.8390070Z Stopping Gradle daemons for /home/runner/.gradle/wrapper/dists/gradle-8.13-all/54h0s9kvb6g2sinako7ub77ku/gradle-8.13
Android Unit Tests	Post Setup Gradle	2026-01-02T04:04:12.8409199Z [command]/home/runner/.gradle/wrapper/dists/gradle-8.13-all/54h0s9kvb6g2sinako7ub77ku/gradle-8.13/bin/gradle --stop
Android Unit Tests	Post Setup Gradle	2026-01-02T04:04:13.4649175Z Stopping Daemon(s)
Android Unit Tests	Post Setup Gradle	2026-01-02T04:04:13.4652582Z 1 Daemon stopped
Android Unit Tests	Post Setup Gradle	2026-01-02T04:04:13.4740378Z ##[group]Caching Gradle state
Android Unit Tests	Post Setup Gradle	2026-01-02T04:04:13.5310973Z Caching generated-gradle-jars with path '/home/runner/.gradle/caches/8.13/generated-gradle-jars/gradle-api-8.13.jar' and cache key: generated-gradle-jars-697f81ec8d80712ce7da03f513960371
Android Unit Tests	Post Setup Gradle	2026-01-02T04:04:13.5344844Z Caching wrapper-zips with path '/home/runner/.gradle/wrapper/dists/gradle-8.13-all/54h0s9kvb6g2sinako7ub77ku' and cache key: wrapper-zips-27b0df0fa405636de00fcbfa0ab79410
Android Unit Tests	Post Setup Gradle	2026-01-02T04:04:13.5525383Z [command]/usr/bin/tar --posix -cf cache.tzst --exclude cache.tzst -P -C /home/runner/work/kotlin-crypto-pure/kotlin-crypto-pure --files-from manifest.txt --use-compress-program zstdmt
Android Unit Tests	Post Setup Gradle	2026-01-02T04:04:13.5561753Z [command]/usr/bin/tar --posix -cf cache.tzst --exclude cache.tzst -P -C /home/runner/work/kotlin-crypto-pure/kotlin-crypto-pure --files-from manifest.txt --use-compress-program zstdmt
Android Unit Tests	Post Setup Gradle	2026-01-02T04:04:14.1203413Z Caching dependencies with path '/home/runner/.gradle/caches/modules-*/files-*/*/*/*/*' and cache key: dependencies-60bb8230fdf2a863ff0a5eb0f4a5bded
Android Unit Tests	Post Setup Gradle	2026-01-02T04:04:14.1405203Z Caching instrumented-jars with path '/home/runner/.gradle/caches/jars-*/*' and cache key: instrumented-jars-c77d8e7cf8a0e4c1c3d16398ccce2998
Android Unit Tests	Post Setup Gradle	2026-01-02T04:04:14.1782574Z Caching kotlin-dsl with path '/home/runner/.gradle/caches/*/kotlin-dsl/*/*' and cache key: kotlin-dsl-89606222e8b4103f3fbff69ec804fe0a
Android Unit Tests	Post Setup Gradle	2026-01-02T04:04:14.1842287Z [command]/usr/bin/tar --posix -cf cache.tzst --exclude cache.tzst -P -C /home/runner/work/kotlin-crypto-pure/kotlin-crypto-pure --files-from manifest.txt --use-compress-program zstdmt
Android Unit Tests	Post Setup Gradle	2026-01-02T04:04:14.3167688Z [command]/usr/bin/tar --posix -cf cache.tzst --exclude cache.tzst -P -C /home/runner/work/kotlin-crypto-pure/kotlin-crypto-pure --files-from manifest.txt --use-compress-program zstdmt
Android Unit Tests	Post Setup Gradle	2026-01-02T04:04:14.3865954Z ##[warning]Failed to save cache entry with path '/home/runner/.gradle/caches/jars-*/*,zstd-without-long,1.0' and key: instrumented-jars-c77d8e7cf8a0e4c1c3d16398ccce2998: Error: <h2>Our services aren't available right now</h2><p>We're working to restore all services as soon as possible. Please check back soon.</p>0vkNXaQAAAACJRof7ALRRQKDXda7EGx6JQ0hHRURHRTE5MDkARWRnZQ==
Android Unit Tests	Post Setup Gradle	2026-01-02T04:04:14.4174398Z ##[warning]Failed to save cache entry with path '/home/runner/.gradle/caches/*/kotlin-dsl/*/*,zstd-without-long,1.0' and key: kotlin-dsl-89606222e8b4103f3fbff69ec804fe0a: Error: <h2>Our services aren't available right now</h2><p>We're working to restore all services as soon as possible. Please check back soon.</p>0vkNXaQAAAABFNjprDIjrTaJ3PcaSLz6kQ0hHRURHRTE5MDkARWRnZQ==
Android Unit Tests	Post Setup Gradle	2026-01-02T04:04:14.4992920Z ##[warning]Failed to save cache entry with path '/home/runner/.gradle/caches/8.13/generated-gradle-jars/gradle-api-8.13.jar,zstd-without-long,1.0' and key: generated-gradle-jars-697f81ec8d80712ce7da03f513960371: Error: <h2>Our services aren't available right now</h2><p>We're working to restore all services as soon as possible. Please check back soon.</p>0vkNXaQAAAADJQmCjVwRdSr/kvYzRGSyIQ0hJMzBFREdFMDMxMQBFZGdl
Android Unit Tests	Post Setup Gradle	2026-01-02T04:04:14.7875658Z [command]/usr/bin/tar --posix -cf cache.tzst --exclude cache.tzst -P -C /home/runner/work/kotlin-crypto-pure/kotlin-crypto-pure --files-from manifest.txt --use-compress-program zstdmt
Android Unit Tests	Post Setup Gradle	2026-01-02T04:04:15.5222601Z ##[warning]Failed to save cache entry with path '/home/runner/.gradle/caches/modules-*/files-*/*/*/*/*,zstd-without-long,1.0' and key: dependencies-60bb8230fdf2a863ff0a5eb0f4a5bded: Error: <h2>Our services aren't available right now</h2><p>We're working to restore all services as soon as possible. Please check back soon.</p>0v0NXaQAAAABYQNb0cFhjSa+5VoLu+0wgQ0hJMzBFREdFMDMxMQBFZGdl
Android Unit Tests	Post Setup Gradle	2026-01-02T04:04:16.3747607Z ##[warning]Failed to save cache entry with path '/home/runner/.gradle/wrapper/dists/gradle-8.13-all/54h0s9kvb6g2sinako7ub77ku,zstd-without-long,1.0' and key: wrapper-zips-27b0df0fa405636de00fcbfa0ab79410: Error: <h2>Our services aren't available right now</h2><p>We're working to restore all services as soon as possible. Please check back soon.</p>0wENXaQAAAADwFAMhuxqRQYhLFfukWfUuQ0hJMzBFREdFMDMxMQBFZGdl
Android Unit Tests	Post Setup Gradle	2026-01-02T04:04:17.4466856Z Caching Gradle User Home with cache key: v8-gradle|Linux|ci-test-android[37a6259cc0c1dae299a7866489dff0bd]-4e998e60946e4b8ed4a3edc845c24ade52c963ee
Android Unit Tests	Post Setup Gradle	2026-01-02T04:04:17.4549823Z [command]/usr/bin/tar --posix -cf cache.tzst --exclude cache.tzst -P -C /home/runner/work/kotlin-crypto-pure/kotlin-crypto-pure --files-from manifest.txt --use-compress-program zstdmt
Android Unit Tests	Post Setup Gradle	2026-01-02T04:04:18.3342523Z ##[warning]Failed to save cache entry with path '/home/runner/.gradle/caches,/home/runner/.gradle/notifications,/home/runner/.gradle/.gradle-build-action,zstd-without-long,1.0' and key: v8-gradle|Linux|ci-test-android[37a6259cc0c1dae299a7866489dff0bd]-4e998e60946e4b8ed4a3edc845c24ade52c963ee: Error: <h2>Our services aren't available right now</h2><p>We're working to restore all services as soon as possible. Please check back soon.</p>0wkNXaQAAAAA6kXge6v9mRqoG64xg129nQ0hJMzBFREdFMDMxMQBFZGdl
Android Unit Tests	Post Setup Gradle	2026-01-02T04:04:18.3347974Z ##[endgroup]
Android Unit Tests	Post Setup Gradle	2026-01-02T04:04:18.3348447Z Writing job summary
Android Unit Tests	Post Set up JDK 17	ï»¿2026-01-02T04:04:18.3541320Z Post job cleanup.
Android Unit Tests	Post Run actions/checkout@v4	ï»¿2026-01-02T04:04:18.5318111Z Post job cleanup.
Android Unit Tests	Post Run actions/checkout@v4	2026-01-02T04:04:18.6282529Z [command]/usr/bin/git version
Android Unit Tests	Post Run actions/checkout@v4	2026-01-02T04:04:18.6324834Z git version 2.52.0
Android Unit Tests	Post Run actions/checkout@v4	2026-01-02T04:04:18.6371457Z Temporarily overriding HOME='/home/runner/work/_temp/2f7043cb-0bab-4ef2-8566-7f0f4837b2fe' before making global git config changes
Android Unit Tests	Post Run actions/checkout@v4	2026-01-02T04:04:18.6372913Z Adding repository directory to the temporary git global config as a safe directory
Android Unit Tests	Post Run actions/checkout@v4	2026-01-02T04:04:18.6388929Z [command]/usr/bin/git config --global --add safe.directory /home/runner/work/kotlin-crypto-pure/kotlin-crypto-pure
Android Unit Tests	Post Run actions/checkout@v4	2026-01-02T04:04:18.6426138Z [command]/usr/bin/git config --local --name-only --get-regexp core\.sshCommand
Android Unit Tests	Post Run actions/checkout@v4	2026-01-02T04:04:18.6460990Z [command]/usr/bin/git submodule foreach --recursive sh -c "git config --local --name-only --get-regexp 'core\.sshCommand' && git config --local --unset-all 'core.sshCommand' || :"
Android Unit Tests	Post Run actions/checkout@v4	2026-01-02T04:04:18.6706329Z [command]/usr/bin/git config --local --name-only --get-regexp http\.https\:\/\/github\.com\/\.extraheader
Android Unit Tests	Post Run actions/checkout@v4	2026-01-02T04:04:18.6726138Z http.https://github.com/.extraheader
Android Unit Tests	Post Run actions/checkout@v4	2026-01-02T04:04:18.6739265Z [command]/usr/bin/git config --local --unset-all http.https://github.com/.extraheader
Android Unit Tests	Post Run actions/checkout@v4	2026-01-02T04:04:18.6769273Z [command]/usr/bin/git submodule foreach --recursive sh -c "git config --local --name-only --get-regexp 'http\.https\:\/\/github\.com\/\.extraheader' && git config --local --unset-all 'http.https://github.com/.extraheader' || :"
Android Unit Tests	Post Run actions/checkout@v4	2026-01-02T04:04:18.6984785Z [command]/usr/bin/git config --local --name-only --get-regexp ^includeIf\.gitdir:
Android Unit Tests	Post Run actions/checkout@v4	2026-01-02T04:04:18.7014987Z [command]/usr/bin/git submodule foreach --recursive git config --local --show-origin --name-only --get-regexp remote.origin.url
Android Unit Tests	Complete job	ï»¿2026-01-02T04:04:18.7348760Z Cleaning up orphan processes
watchOS Build Check	Set up job	ï»¿2026-01-02T03:59:09.5029170Z Current runner version: '2.330.0'
watchOS Build Check	Set up job	2026-01-02T03:59:09.5043260Z ##[group]Runner Image Provisioner
watchOS Build Check	Set up job	2026-01-02T03:59:09.5043720Z Hosted Compute Agent
watchOS Build Check	Set up job	2026-01-02T03:59:09.5044040Z Version: 20251211.462
watchOS Build Check	Set up job	2026-01-02T03:59:09.5044410Z Commit: 6cbad8c2bb55d58165063d031ccabf57e2d2db61
watchOS Build Check	Set up job	2026-01-02T03:59:09.5044830Z Build Date: 2025-12-11T16:28:49Z
watchOS Build Check	Set up job	2026-01-02T03:59:09.5045220Z Worker ID: {b562a986-1afa-4b83-93ff-188409e07158}
watchOS Build Check	Set up job	2026-01-02T03:59:09.5045630Z ##[endgroup]
watchOS Build Check	Set up job	2026-01-02T03:59:09.5045950Z ##[group]Operating System
watchOS Build Check	Set up job	2026-01-02T03:59:09.5046290Z macOS
watchOS Build Check	Set up job	2026-01-02T03:59:09.5046570Z 15.7.2
watchOS Build Check	Set up job	2026-01-02T03:59:09.5046840Z 24G325
watchOS Build Check	Set up job	2026-01-02T03:59:09.5047110Z ##[endgroup]
watchOS Build Check	Set up job	2026-01-02T03:59:09.5047400Z ##[group]Runner Image
watchOS Build Check	Set up job	2026-01-02T03:59:09.5047710Z Image: macos-15-arm64
watchOS Build Check	Set up job	2026-01-02T03:59:09.5048020Z Version: 20251215.0075.1
watchOS Build Check	Set up job	2026-01-02T03:59:09.5048680Z Included Software: https://github.com/actions/runner-images/blob/macos-15-arm64/20251215.0075/images/macos/macos-15-arm64-Readme.md
watchOS Build Check	Set up job	2026-01-02T03:59:09.5049610Z Image Release: https://github.com/actions/runner-images/releases/tag/macos-15-arm64%2F20251215.0075
watchOS Build Check	Set up job	2026-01-02T03:59:09.5050260Z ##[endgroup]
watchOS Build Check	Set up job	2026-01-02T03:59:09.5052640Z ##[group]GITHUB_TOKEN Permissions
watchOS Build Check	Set up job	2026-01-02T03:59:09.5053780Z Contents: read
watchOS Build Check	Set up job	2026-01-02T03:59:09.5054070Z Metadata: read
watchOS Build Check	Set up job	2026-01-02T03:59:09.5054360Z Packages: read
watchOS Build Check	Set up job	2026-01-02T03:59:09.5054650Z ##[endgroup]
watchOS Build Check	Set up job	2026-01-02T03:59:09.5055920Z Secret source: Actions
watchOS Build Check	Set up job	2026-01-02T03:59:09.5056300Z Prepare workflow directory
watchOS Build Check	Set up job	2026-01-02T03:59:09.5277170Z Prepare all required actions
watchOS Build Check	Set up job	2026-01-02T03:59:09.5305990Z Getting action download info
watchOS Build Check	Set up job	2026-01-02T03:59:09.9753890Z Download action repository 'actions/checkout@v4' (SHA:34e114876b0b11c390a56381ad16ebd13914f8d5)
watchOS Build Check	Set up job	2026-01-02T03:59:10.1789870Z Download action repository 'actions/setup-java@v4' (SHA:c1e323688fd81a25caa38c78aa6df2d33d3e20d9)
watchOS Build Check	Set up job	2026-01-02T03:59:10.9098760Z Download action repository 'gradle/gradle-build-action@v2' (SHA:a8f75513eafdebd8141bd1cd4e30fcd194af8dfa)
watchOS Build Check	Set up job	2026-01-02T03:59:11.6459010Z Complete job name: watchOS Build Check
watchOS Build Check	Run actions/checkout@v4	ï»¿2026-01-02T03:59:11.6851320Z ##[group]Run actions/checkout@v4
watchOS Build Check	Run actions/checkout@v4	2026-01-02T03:59:11.6852110Z with:
watchOS Build Check	Run actions/checkout@v4	2026-01-02T03:59:11.6852490Z   repository: ImL1s/kotlin-crypto-pure
watchOS Build Check	Run actions/checkout@v4	2026-01-02T03:59:11.6853180Z   token: ***
watchOS Build Check	Run actions/checkout@v4	2026-01-02T03:59:11.6853520Z   ssh-strict: true
watchOS Build Check	Run actions/checkout@v4	2026-01-02T03:59:11.6853840Z   ssh-user: git
watchOS Build Check	Run actions/checkout@v4	2026-01-02T03:59:11.6854170Z   persist-credentials: true
watchOS Build Check	Run actions/checkout@v4	2026-01-02T03:59:11.6854540Z   clean: true
watchOS Build Check	Run actions/checkout@v4	2026-01-02T03:59:11.6854900Z   sparse-checkout-cone-mode: true
watchOS Build Check	Run actions/checkout@v4	2026-01-02T03:59:11.6855280Z   fetch-depth: 1
watchOS Build Check	Run actions/checkout@v4	2026-01-02T03:59:11.6855600Z   fetch-tags: false
watchOS Build Check	Run actions/checkout@v4	2026-01-02T03:59:11.6855930Z   show-progress: true
watchOS Build Check	Run actions/checkout@v4	2026-01-02T03:59:11.6856260Z   lfs: false
watchOS Build Check	Run actions/checkout@v4	2026-01-02T03:59:11.6856610Z   submodules: false
watchOS Build Check	Run actions/checkout@v4	2026-01-02T03:59:11.6856970Z   set-safe-directory: true
watchOS Build Check	Run actions/checkout@v4	2026-01-02T03:59:11.6857490Z ##[endgroup]
watchOS Build Check	Run actions/checkout@v4	2026-01-02T03:59:11.9901810Z Syncing repository: ImL1s/kotlin-crypto-pure
watchOS Build Check	Run actions/checkout@v4	2026-01-02T03:59:11.9903840Z ##[group]Getting Git version info
watchOS Build Check	Run actions/checkout@v4	2026-01-02T03:59:11.9904640Z Working directory is '/Users/runner/work/kotlin-crypto-pure/kotlin-crypto-pure'
watchOS Build Check	Run actions/checkout@v4	2026-01-02T03:59:11.9905940Z [command]/opt/homebrew/bin/git version
watchOS Build Check	Run actions/checkout@v4	2026-01-02T03:59:12.0351330Z git version 2.50.1
watchOS Build Check	Run actions/checkout@v4	2026-01-02T03:59:12.0379700Z ##[endgroup]
watchOS Build Check	Run actions/checkout@v4	2026-01-02T03:59:12.0385530Z Copying '/Users/runner/.gitconfig' to '/Users/runner/work/_temp/e6f718b7-8ac6-4616-b835-ba6a117d6f91/.gitconfig'
watchOS Build Check	Run actions/checkout@v4	2026-01-02T03:59:12.0392450Z Temporarily overriding HOME='/Users/runner/work/_temp/e6f718b7-8ac6-4616-b835-ba6a117d6f91' before making global git config changes
watchOS Build Check	Run actions/checkout@v4	2026-01-02T03:59:12.0394310Z Adding repository directory to the temporary git global config as a safe directory
watchOS Build Check	Run actions/checkout@v4	2026-01-02T03:59:12.0401950Z [command]/opt/homebrew/bin/git config --global --add safe.directory /Users/runner/work/kotlin-crypto-pure/kotlin-crypto-pure
watchOS Build Check	Run actions/checkout@v4	2026-01-02T03:59:12.0495080Z Deleting the contents of '/Users/runner/work/kotlin-crypto-pure/kotlin-crypto-pure'
watchOS Build Check	Run actions/checkout@v4	2026-01-02T03:59:12.0497210Z ##[group]Initializing the repository
watchOS Build Check	Run actions/checkout@v4	2026-01-02T03:59:12.0501350Z [command]/opt/homebrew/bin/git init /Users/runner/work/kotlin-crypto-pure/kotlin-crypto-pure
watchOS Build Check	Run actions/checkout@v4	2026-01-02T03:59:12.0662210Z hint: Using 'master' as the name for the initial branch. This default branch name
watchOS Build Check	Run actions/checkout@v4	2026-01-02T03:59:12.0664260Z hint: is subject to change. To configure the initial branch name to use in all
watchOS Build Check	Run actions/checkout@v4	2026-01-02T03:59:12.0665910Z hint: of your new repositories, which will suppress this warning, call:
watchOS Build Check	Run actions/checkout@v4	2026-01-02T03:59:12.0667130Z hint:
watchOS Build Check	Run actions/checkout@v4	2026-01-02T03:59:12.0667890Z hint: 	git config --global init.defaultBranch <name>
watchOS Build Check	Run actions/checkout@v4	2026-01-02T03:59:12.0668980Z hint:
watchOS Build Check	Run actions/checkout@v4	2026-01-02T03:59:12.0669920Z hint: Names commonly chosen instead of 'master' are 'main', 'trunk' and
watchOS Build Check	Run actions/checkout@v4	2026-01-02T03:59:12.0671510Z hint: 'development'. The just-created branch can be renamed via this command:
watchOS Build Check	Run actions/checkout@v4	2026-01-02T03:59:12.0672830Z hint:
watchOS Build Check	Run actions/checkout@v4	2026-01-02T03:59:12.0673420Z hint: 	git branch -m <name>
watchOS Build Check	Run actions/checkout@v4	2026-01-02T03:59:12.0690690Z hint:
watchOS Build Check	Run actions/checkout@v4	2026-01-02T03:59:12.0691790Z hint: Disable this message with "git config set advice.defaultBranchName false"
watchOS Build Check	Run actions/checkout@v4	2026-01-02T03:59:12.0693840Z Initialized empty Git repository in /Users/runner/work/kotlin-crypto-pure/kotlin-crypto-pure/.git/
watchOS Build Check	Run actions/checkout@v4	2026-01-02T03:59:12.0697250Z [command]/opt/homebrew/bin/git remote add origin https://github.com/ImL1s/kotlin-crypto-pure
watchOS Build Check	Run actions/checkout@v4	2026-01-02T03:59:12.0737360Z ##[endgroup]
watchOS Build Check	Run actions/checkout@v4	2026-01-02T03:59:12.0738530Z ##[group]Disabling automatic garbage collection
watchOS Build Check	Run actions/checkout@v4	2026-01-02T03:59:12.0739820Z [command]/opt/homebrew/bin/git config --local gc.auto 0
watchOS Build Check	Run actions/checkout@v4	2026-01-02T03:59:12.0791120Z ##[endgroup]
watchOS Build Check	Run actions/checkout@v4	2026-01-02T03:59:12.0792200Z ##[group]Setting up auth
watchOS Build Check	Run actions/checkout@v4	2026-01-02T03:59:12.0794810Z [command]/opt/homebrew/bin/git config --local --name-only --get-regexp core\.sshCommand
watchOS Build Check	Run actions/checkout@v4	2026-01-02T03:59:12.0844310Z [command]/opt/homebrew/bin/git submodule foreach --recursive sh -c "git config --local --name-only --get-regexp 'core\.sshCommand' && git config --local --unset-all 'core.sshCommand' || :"
watchOS Build Check	Run actions/checkout@v4	2026-01-02T03:59:12.1692290Z [command]/opt/homebrew/bin/git config --local --name-only --get-regexp http\.https\:\/\/github\.com\/\.extraheader
watchOS Build Check	Run actions/checkout@v4	2026-01-02T03:59:12.1741970Z [command]/opt/homebrew/bin/git submodule foreach --recursive sh -c "git config --local --name-only --get-regexp 'http\.https\:\/\/github\.com\/\.extraheader' && git config --local --unset-all 'http.https://github.com/.extraheader' || :"
watchOS Build Check	Run actions/checkout@v4	2026-01-02T03:59:12.2357090Z [command]/opt/homebrew/bin/git config --local --name-only --get-regexp ^includeIf\.gitdir:
watchOS Build Check	Run actions/checkout@v4	2026-01-02T03:59:12.2408990Z [command]/opt/homebrew/bin/git submodule foreach --recursive git config --local --show-origin --name-only --get-regexp remote.origin.url
watchOS Build Check	Run actions/checkout@v4	2026-01-02T03:59:12.3098640Z [command]/opt/homebrew/bin/git config --local http.https://github.com/.extraheader AUTHORIZATION: basic ***
watchOS Build Check	Run actions/checkout@v4	2026-01-02T03:59:12.3157280Z ##[endgroup]
watchOS Build Check	Run actions/checkout@v4	2026-01-02T03:59:12.3158570Z ##[group]Fetching the repository
watchOS Build Check	Run actions/checkout@v4	2026-01-02T03:59:12.3163410Z [command]/opt/homebrew/bin/git -c protocol.version=2 fetch --no-tags --prune --no-recurse-submodules --depth=1 origin +4e998e60946e4b8ed4a3edc845c24ade52c963ee:refs/remotes/origin/main
watchOS Build Check	Run actions/checkout@v4	2026-01-02T03:59:12.8185550Z From https://github.com/ImL1s/kotlin-crypto-pure
watchOS Build Check	Run actions/checkout@v4	2026-01-02T03:59:12.8241910Z  * [new ref]         4e998e60946e4b8ed4a3edc845c24ade52c963ee -> origin/main
watchOS Build Check	Run actions/checkout@v4	2026-01-02T03:59:12.8279430Z ##[endgroup]
watchOS Build Check	Run actions/checkout@v4	2026-01-02T03:59:12.8280530Z ##[group]Determining the checkout info
watchOS Build Check	Run actions/checkout@v4	2026-01-02T03:59:12.8281630Z ##[endgroup]
watchOS Build Check	Run actions/checkout@v4	2026-01-02T03:59:12.8282440Z [command]/opt/homebrew/bin/git sparse-checkout disable
watchOS Build Check	Run actions/checkout@v4	2026-01-02T03:59:12.8348810Z [command]/opt/homebrew/bin/git config --local --unset-all extensions.worktreeConfig
watchOS Build Check	Run actions/checkout@v4	2026-01-02T03:59:12.8402660Z ##[group]Checking out the ref
watchOS Build Check	Run actions/checkout@v4	2026-01-02T03:59:12.8404740Z [command]/opt/homebrew/bin/git checkout --progress --force -B main refs/remotes/origin/main
watchOS Build Check	Run actions/checkout@v4	2026-01-02T03:59:12.8589620Z Switched to a new branch 'main'
watchOS Build Check	Run actions/checkout@v4	2026-01-02T03:59:12.8593620Z branch 'main' set up to track 'origin/main'.
watchOS Build Check	Run actions/checkout@v4	2026-01-02T03:59:12.8599330Z ##[endgroup]
watchOS Build Check	Run actions/checkout@v4	2026-01-02T03:59:12.8668370Z [command]/opt/homebrew/bin/git log -1 --format=%H
watchOS Build Check	Run actions/checkout@v4	2026-01-02T03:59:12.8722010Z 4e998e60946e4b8ed4a3edc845c24ade52c963ee
watchOS Build Check	Set up JDK 17	ï»¿2026-01-02T03:59:12.8959820Z ##[group]Run actions/setup-java@v4
watchOS Build Check	Set up JDK 17	2026-01-02T03:59:12.8960760Z with:
watchOS Build Check	Set up JDK 17	2026-01-02T03:59:12.8961170Z   java-version: 17
watchOS Build Check	Set up JDK 17	2026-01-02T03:59:12.8961650Z   distribution: temurin
watchOS Build Check	Set up JDK 17	2026-01-02T03:59:12.8962200Z   java-package: jdk
watchOS Build Check	Set up JDK 17	2026-01-02T03:59:12.8962690Z   check-latest: false
watchOS Build Check	Set up JDK 17	2026-01-02T03:59:12.8963190Z   server-id: github
watchOS Build Check	Set up JDK 17	2026-01-02T03:59:12.8963700Z   server-username: GITHUB_ACTOR
watchOS Build Check	Set up JDK 17	2026-01-02T03:59:12.8964300Z   server-password: GITHUB_TOKEN
watchOS Build Check	Set up JDK 17	2026-01-02T03:59:12.8964910Z   overwrite-settings: true
watchOS Build Check	Set up JDK 17	2026-01-02T03:59:12.8965470Z   job-status: success
watchOS Build Check	Set up JDK 17	2026-01-02T03:59:12.8966150Z   token: ***
watchOS Build Check	Set up JDK 17	2026-01-02T03:59:12.8966590Z ##[endgroup]
watchOS Build Check	Set up JDK 17	2026-01-02T03:59:13.0386240Z ##[group]Installed distributions
watchOS Build Check	Set up JDK 17	2026-01-02T03:59:13.0426510Z Resolved Java 17.0.17+10 from tool-cache
watchOS Build Check	Set up JDK 17	2026-01-02T03:59:13.0428840Z Setting Java 17.0.17+10 as the default
watchOS Build Check	Set up JDK 17	2026-01-02T03:59:13.0440380Z Creating toolchains.xml for JDK version 17 from temurin
watchOS Build Check	Set up JDK 17	2026-01-02T03:59:13.0489230Z Writing to /Users/runner/.m2/toolchains.xml
watchOS Build Check	Set up JDK 17	2026-01-02T03:59:13.0496620Z 
watchOS Build Check	Set up JDK 17	2026-01-02T03:59:13.0509280Z Java configuration:
watchOS Build Check	Set up JDK 17	2026-01-02T03:59:13.0510620Z   Distribution: temurin
watchOS Build Check	Set up JDK 17	2026-01-02T03:59:13.0518540Z   Version: 17.0.17+10
watchOS Build Check	Set up JDK 17	2026-01-02T03:59:13.0519790Z   Path: /Users/runner/hostedtoolcache/Java_Temurin-Hotspot_jdk/17.0.17-10/arm64/Contents/Home
watchOS Build Check	Set up JDK 17	2026-01-02T03:59:13.0520770Z 
watchOS Build Check	Set up JDK 17	2026-01-02T03:59:13.0521600Z ##[endgroup]
watchOS Build Check	Set up JDK 17	2026-01-02T03:59:13.0535570Z Creating settings.xml with server-id: github
watchOS Build Check	Set up JDK 17	2026-01-02T03:59:13.0536370Z Writing to /Users/runner/.m2/settings.xml
watchOS Build Check	Setup Gradle	ï»¿2026-01-02T03:59:13.0691430Z ##[group]Run gradle/gradle-build-action@v2
watchOS Build Check	Setup Gradle	2026-01-02T03:59:13.0692140Z with:
watchOS Build Check	Setup Gradle	2026-01-02T03:59:13.0692580Z   cache-disabled: false
watchOS Build Check	Setup Gradle	2026-01-02T03:59:13.0693110Z   cache-read-only: false
watchOS Build Check	Setup Gradle	2026-01-02T03:59:13.0693630Z   cache-write-only: false
watchOS Build Check	Setup Gradle	2026-01-02T03:59:13.0694210Z   cache-overwrite-existing: false
watchOS Build Check	Setup Gradle	2026-01-02T03:59:13.0694930Z   gradle-home-cache-includes: caches
watchOS Build Check	Setup Gradle	notifications
watchOS Build Check	Setup Gradle	
watchOS Build Check	Setup Gradle	2026-01-02T03:59:13.0695690Z   gradle-home-cache-cleanup: false
watchOS Build Check	Setup Gradle	2026-01-02T03:59:13.0696310Z   generate-job-summary: true
watchOS Build Check	Setup Gradle	2026-01-02T03:59:13.0696880Z   dependency-graph: disabled
watchOS Build Check	Setup Gradle	2026-01-02T03:59:13.0697480Z   gradle-home-cache-strict-match: false
watchOS Build Check	Setup Gradle	2026-01-02T03:59:13.0698160Z   workflow-job-context: null
watchOS Build Check	Setup Gradle	2026-01-02T03:59:13.0698930Z   github-token: ***
watchOS Build Check	Setup Gradle	2026-01-02T03:59:13.0699400Z env:
watchOS Build Check	Setup Gradle	2026-01-02T03:59:13.0700250Z   JAVA_HOME: /Users/runner/hostedtoolcache/Java_Temurin-Hotspot_jdk/17.0.17-10/arm64/Contents/Home
watchOS Build Check	Setup Gradle	2026-01-02T03:59:13.0701810Z   JAVA_HOME_17_ARM64: /Users/runner/hostedtoolcache/Java_Temurin-Hotspot_jdk/17.0.17-10/arm64/Contents/Home
watchOS Build Check	Setup Gradle	2026-01-02T03:59:13.0702970Z ##[endgroup]
watchOS Build Check	Setup Gradle	2026-01-02T03:59:13.3633220Z ##[group]Restore Gradle state from cache
watchOS Build Check	Setup Gradle	2026-01-02T03:59:13.4554000Z ##[warning]Failed to restore v8-gradle|macOS|ci-build-watchos[37a6259cc0c1dae299a7866489dff0bd]-4e998e60946e4b8ed4a3edc845c24ade52c963ee: Error: Cache service responded with 400
watchOS Build Check	Setup Gradle	2026-01-02T03:59:13.4623720Z Gradle User Home cache not found. Will initialize empty.
watchOS Build Check	Setup Gradle	2026-01-02T03:59:13.4624350Z ##[endgroup]
watchOS Build Check	Build watchOS Framework	ï»¿2026-01-02T03:59:13.4671590Z ##[group]Run ./gradlew compileKotlinWatchosArm64
watchOS Build Check	Build watchOS Framework	2026-01-02T03:59:13.4672010Z [36;1m./gradlew compileKotlinWatchosArm64[0m
watchOS Build Check	Build watchOS Framework	2026-01-02T03:59:13.4709200Z shell: /bin/bash -e {0}
watchOS Build Check	Build watchOS Framework	2026-01-02T03:59:13.4709420Z env:
watchOS Build Check	Build watchOS Framework	2026-01-02T03:59:13.4709750Z   JAVA_HOME: /Users/runner/hostedtoolcache/Java_Temurin-Hotspot_jdk/17.0.17-10/arm64/Contents/Home
watchOS Build Check	Build watchOS Framework	2026-01-02T03:59:13.4710290Z   JAVA_HOME_17_ARM64: /Users/runner/hostedtoolcache/Java_Temurin-Hotspot_jdk/17.0.17-10/arm64/Contents/Home
watchOS Build Check	Build watchOS Framework	2026-01-02T03:59:13.4710690Z   GRADLE_BUILD_ACTION_SETUP_COMPLETED: true
watchOS Build Check	Build watchOS Framework	2026-01-02T03:59:13.4711000Z   GRADLE_BUILD_ACTION_CACHE_RESTORED: true
watchOS Build Check	Build watchOS Framework	2026-01-02T03:59:13.4711220Z ##[endgroup]
watchOS Build Check	Build watchOS Framework	2026-01-02T03:59:13.5977720Z Downloading https://services.gradle.org/distributions/gradle-8.13-all.zip
watchOS Build Check	Build watchOS Framework	2026-01-02T03:59:18.5720130Z ......................10%......................20%......................30%......................40%......................50%......................60%......................70%.......................80%......................90%......................100%
watchOS Build Check	Build watchOS Framework	2026-01-02T03:59:23.7456160Z 
watchOS Build Check	Build watchOS Framework	2026-01-02T03:59:23.7458890Z Welcome to Gradle 8.13!
watchOS Build Check	Build watchOS Framework	2026-01-02T03:59:23.7460050Z 
watchOS Build Check	Build watchOS Framework	2026-01-02T03:59:23.7461750Z Here are the highlights of this release:
watchOS Build Check	Build watchOS Framework	2026-01-02T03:59:23.7462540Z  - Daemon JVM auto-provisioning
watchOS Build Check	Build watchOS Framework	2026-01-02T03:59:23.7463050Z  - Enhancements for Scala plugin and JUnit testing
watchOS Build Check	Build watchOS Framework	2026-01-02T03:59:23.7463480Z  - Improvements for build authors and plugin developers
watchOS Build Check	Build watchOS Framework	2026-01-02T03:59:23.7463820Z 
watchOS Build Check	Build watchOS Framework	2026-01-02T03:59:23.7464290Z For more details see https://docs.gradle.org/8.13/release-notes.html
watchOS Build Check	Build watchOS Framework	2026-01-02T03:59:23.7464660Z 
watchOS Build Check	Build watchOS Framework	2026-01-02T03:59:23.7464930Z Starting a Gradle Daemon (subsequent builds will be faster)
watchOS Build Check	Build watchOS Framework	2026-01-02T04:00:41.1357210Z 
watchOS Build Check	Build watchOS Framework	2026-01-02T04:00:41.1459720Z > Configure project :
watchOS Build Check	Build watchOS Framework	2026-01-02T04:00:41.1560790Z w: file:///Users/runner/work/kotlin-crypto-pure/kotlin-crypto-pure/build.gradle.kts:26:21: 'defFile: File' is deprecated. Deprecated because it is a non-lazy property.
watchOS Build Check	Build watchOS Framework	2026-01-02T04:00:41.1661750Z w: file:///Users/runner/work/kotlin-crypto-pure/kotlin-crypto-pure/build.gradle.kts:37:21: 'defFile: File' is deprecated. Deprecated because it is a non-lazy property.
watchOS Build Check	Build watchOS Framework	2026-01-02T04:00:41.1761790Z w: file:///Users/runner/work/kotlin-crypto-pure/kotlin-crypto-pure/build.gradle.kts:48:21: 'defFile: File' is deprecated. Deprecated because it is a non-lazy property.
watchOS Build Check	Build watchOS Framework	2026-01-02T04:00:41.1864870Z w: file:///Users/runner/work/kotlin-crypto-pure/kotlin-crypto-pure/build.gradle.kts:60:21: 'defFile: File' is deprecated. Deprecated because it is a non-lazy property.
watchOS Build Check	Build watchOS Framework	2026-01-02T04:00:41.1965390Z w: file:///Users/runner/work/kotlin-crypto-pure/kotlin-crypto-pure/build.gradle.kts:71:21: 'defFile: File' is deprecated. Deprecated because it is a non-lazy property.
watchOS Build Check	Build watchOS Framework	2026-01-02T04:00:41.2065390Z w: file:///Users/runner/work/kotlin-crypto-pure/kotlin-crypto-pure/build.gradle.kts:82:21: 'defFile: File' is deprecated. Deprecated because it is a non-lazy property.
watchOS Build Check	Build watchOS Framework	2026-01-02T04:00:42.2432360Z w: The Default Kotlin Hierarchy Template was not applied to 'root project 'kotlin-crypto-pure'':
watchOS Build Check	Build watchOS Framework	2026-01-02T04:00:42.2534230Z Explicit .dependsOn() edges were configured for the following source sets:
watchOS Build Check	Build watchOS Framework	2026-01-02T04:00:42.2634970Z [iosArm64Main, iosArm64Test, iosMain, iosSimulatorArm64Main, iosSimulatorArm64Test, iosX64Main, iosX64Test, nativeMain, nativeTest, watchosArm64Main, watchosArm64Test, watchosMain, watchosSimulatorArm64Main, watchosSimulatorArm64Test, watchosX64Main, watchosX64Test]
watchOS Build Check	Build watchOS Framework	2026-01-02T04:00:42.2735510Z 
watchOS Build Check	Build watchOS Framework	2026-01-02T04:00:42.2787640Z Consider removing dependsOn-calls or disabling the default template by adding
watchOS Build Check	Build watchOS Framework	2026-01-02T04:00:42.2801820Z     'kotlin.mpp.applyDefaultHierarchyTemplate=false'
watchOS Build Check	Build watchOS Framework	2026-01-02T04:00:42.2895820Z to your gradle.properties
watchOS Build Check	Build watchOS Framework	2026-01-02T04:00:42.2945420Z 
watchOS Build Check	Build watchOS Framework	2026-01-02T04:00:42.2965160Z Learn more about hierarchy templates: https://kotl.in/hierarchy-template
watchOS Build Check	Build watchOS Framework	2026-01-02T04:00:42.3038750Z 
watchOS Build Check	Build watchOS Framework	2026-01-02T04:00:42.3111780Z w: The project is using Kotlin Multiplatform with hierarchical structure and disabled 'cinterop commonization'
watchOS Build Check	Build watchOS Framework	2026-01-02T04:00:42.3220250Z See: https://kotlinlang.org/docs/mpp-share-on-platforms.html#use-native-libraries-in-the-hierarchical-structure
watchOS Build Check	Build watchOS Framework	2026-01-02T04:00:42.3321320Z 
watchOS Build Check	Build watchOS Framework	2026-01-02T04:00:42.3422510Z 'cinterop commonization' can be enabled in your 'gradle.properties'
watchOS Build Check	Build watchOS Framework	2026-01-02T04:00:42.3466350Z kotlin.mpp.enableCInteropCommonization=true
watchOS Build Check	Build watchOS Framework	2026-01-02T04:00:42.3466810Z 
watchOS Build Check	Build watchOS Framework	2026-01-02T04:00:42.3467030Z To hide this message, add to your 'gradle.properties'
watchOS Build Check	Build watchOS Framework	2026-01-02T04:00:42.3467430Z kotlin.mpp.enableCInteropCommonization.nowarn=true 
watchOS Build Check	Build watchOS Framework	2026-01-02T04:00:42.3467700Z 
watchOS Build Check	Build watchOS Framework	2026-01-02T04:00:42.3467880Z The following source sets are affected: 
watchOS Build Check	Build watchOS Framework	2026-01-02T04:00:42.3469620Z [iosMain, nativeMain, watchosMain]
watchOS Build Check	Build watchOS Framework	2026-01-02T04:00:42.3505740Z 
watchOS Build Check	Build watchOS Framework	2026-01-02T04:00:42.3506200Z The following cinterops are affected: 
watchOS Build Check	Build watchOS Framework	2026-01-02T04:00:42.3507500Z [cinterop:compilation/compileKotlinIosArm64/CommonCrypto, cinterop:compilation/compileKotlinIosSimulatorArm64/CommonCrypto, cinterop:compilation/compileKotlinIosX64/CommonCrypto, cinterop:compilation/compileKotlinWatchosArm64/CommonCrypto, cinterop:compilation/compileKotlinWatchosSimulatorArm64/CommonCrypto, cinterop:compilation/compileKotlinWatchosX64/CommonCrypto]
watchOS Build Check	Build watchOS Framework	2026-01-02T04:00:42.3520970Z 
watchOS Build Check	Build watchOS Framework	2026-01-02T04:00:42.6340290Z 
watchOS Build Check	Build watchOS Framework	2026-01-02T04:00:42.6340800Z > Task :checkKotlinGradlePluginConfigurationErrors SKIPPED
watchOS Build Check	Build watchOS Framework	2026-01-02T04:01:12.4582210Z > Task :cinteropCommonCryptoWatchosArm64
watchOS Build Check	Build watchOS Framework	2026-01-02T04:01:28.2435720Z Downloading native dependencies (LLVM, sysroot etc). This is a one-time action performed only on the first run of the compiler.
watchOS Build Check	Build watchOS Framework	2026-01-02T04:01:31.0102890Z Done.
watchOS Build Check	Build watchOS Framework	2026-01-02T04:01:31.0104100Z Extracting dependency: /Users/runner/.konan/dependencies/cache/llvm-16.0.0-aarch64-macos-essentials-63.tar.gz into /Users/runner/.konan/dependencies
watchOS Build Check	Build watchOS Framework	2026-01-02T04:01:33.2665680Z Done.
watchOS Build Check	Build watchOS Framework	2026-01-02T04:01:33.2666350Z Extracting dependency: /Users/runner/.konan/dependencies/cache/libffi-3.3-1-macos-arm64.tar.gz into /Users/runner/.konan/dependencies
watchOS Build Check	Build watchOS Framework	2026-01-02T04:01:59.2992330Z 
watchOS Build Check	Build watchOS Framework	2026-01-02T04:01:59.3095350Z e: file:///Users/runner/work/kotlin-crypto-pure/kotlin-crypto-pure/src/nativeMain/kotlin/io/github/iml1s/crypto/AesGcm.native.kt:45:31 Assignment type mismatch: actual type is 'kotlin.ULong', but 'kotlin.UInt' was expected.
watchOS Build Check	Build watchOS Framework	2026-01-02T04:01:59.3097850Z > Task :compileKotlinWatchosArm64 FAILED
watchOS Build Check	Build watchOS Framework	2026-01-02T04:01:59.3099030Z e: file:///Users/runner/work/kotlin-crypto-pure/kotlin-crypto-pure/src/nativeMain/kotlin/io/github/iml1s/crypto/AesGcm.native.kt:51:31 Argument type mismatch: actual type is 'kotlin.ULong', but 'kotlin.UInt' was expected.
watchOS Build Check	Build watchOS Framework	2026-01-02T04:01:59.3197280Z e: file:///Users/runner/work/kotlin-crypto-pure/kotlin-crypto-pure/src/nativeMain/kotlin/io/github/iml1s/crypto/AesGcm.native.kt:52:33 Argument type mismatch: actual type is 'kotlin.ULong', but 'kotlin.UInt' was expected.
watchOS Build Check	Build watchOS Framework	2026-01-02T04:01:59.3298460Z e: file:///Users/runner/work/kotlin-crypto-pure/kotlin-crypto-pure/src/nativeMain/kotlin/io/github/iml1s/crypto/AesGcm.native.kt:53:31 Argument type mismatch: actual type is 'kotlin.ULong', but 'kotlin.UInt' was expected.
watchOS Build Check	Build watchOS Framework	2026-01-02T04:01:59.3400090Z e: file:///Users/runner/work/kotlin-crypto-pure/kotlin-crypto-pure/src/nativeMain/kotlin/io/github/iml1s/crypto/AesGcm.native.kt:54:37 Argument type mismatch: actual type is 'kotlin.ULong', but 'kotlin.UInt' was expected.
watchOS Build Check	Build watchOS Framework	2026-01-02T04:01:59.3501060Z e: file:///Users/runner/work/kotlin-crypto-pure/kotlin-crypto-pure/src/nativeMain/kotlin/io/github/iml1s/crypto/AesGcm.native.kt:83:31 Assignment type mismatch: actual type is 'kotlin.ULong', but 'kotlin.UInt' was expected.
watchOS Build Check	Build watchOS Framework	2026-01-02T04:01:59.3601880Z e: file:///Users/runner/work/kotlin-crypto-pure/kotlin-crypto-pure/src/nativeMain/kotlin/io/github/iml1s/crypto/AesGcm.native.kt:89:31 Argument type mismatch: actual type is 'kotlin.ULong', but 'kotlin.UInt' was expected.
watchOS Build Check	Build watchOS Framework	2026-01-02T04:01:59.3702470Z e: file:///Users/runner/work/kotlin-crypto-pure/kotlin-crypto-pure/src/nativeMain/kotlin/io/github/iml1s/crypto/AesGcm.native.kt:90:43 Argument type mismatch: actual type is 'kotlin.ULong', but 'kotlin.UInt' was expected.
watchOS Build Check	Build watchOS Framework	2026-01-02T04:01:59.3803640Z e: file:///Users/runner/work/kotlin-crypto-pure/kotlin-crypto-pure/src/nativeMain/kotlin/io/github/iml1s/crypto/AesGcm.native.kt:91:31 Argument type mismatch: actual type is 'kotlin.ULong', but 'kotlin.UInt' was expected.
watchOS Build Check	Build watchOS Framework	2026-01-02T04:01:59.3904370Z e: file:///Users/runner/work/kotlin-crypto-pure/kotlin-crypto-pure/src/nativeMain/kotlin/io/github/iml1s/crypto/AesGcm.native.kt:92:48 Argument type mismatch: actual type is 'kotlin.ULong', but 'kotlin.UInt' was expected.
watchOS Build Check	Build watchOS Framework	2026-01-02T04:01:59.4005090Z e: file:///Users/runner/work/kotlin-crypto-pure/kotlin-crypto-pure/src/nativeMain/kotlin/io/github/iml1s/crypto/AesGcm.native.kt:115:60 Argument type mismatch: actual type is 'kotlin.ULong', but 'kotlin.UInt' was expected.
watchOS Build Check	Build watchOS Framework	2026-01-02T04:01:59.4106850Z e: file:///Users/runner/work/kotlin-crypto-pure/kotlin-crypto-pure/src/nativeMain/kotlin/io/github/iml1s/crypto/Hmac.native.kt:13:17 Argument type mismatch: actual type is 'kotlin.ULong', but 'kotlin.UInt' was expected.
watchOS Build Check	Build watchOS Framework	2026-01-02T04:01:59.4207990Z e: file:///Users/runner/work/kotlin-crypto-pure/kotlin-crypto-pure/src/nativeMain/kotlin/io/github/iml1s/crypto/Hmac.native.kt:14:18 Argument type mismatch: actual type is 'kotlin.ULong', but 'kotlin.UInt' was expected.
watchOS Build Check	Build watchOS Framework	2026-01-02T04:01:59.4291750Z e: file:///Users/runner/work/kotlin-crypto-pure/kotlin-crypto-pure/src/nativeMain/kotlin/io/github/iml1s/crypto/Hmac.native.kt:27:17 Argument type mismatch: actual type is 'kotlin.ULong', but 'kotlin.UInt' was expected.
watchOS Build Check	Build watchOS Framework	2026-01-02T04:01:59.4339560Z e: file:///Users/runner/work/kotlin-crypto-pure/kotlin-crypto-pure/src/nativeMain/kotlin/io/github/iml1s/crypto/Hmac.native.kt:28:18 Argument type mismatch: actual type is 'kotlin.ULong', but 'kotlin.UInt' was expected.
watchOS Build Check	Build watchOS Framework	2026-01-02T04:01:59.4441590Z e: file:///Users/runner/work/kotlin-crypto-pure/kotlin-crypto-pure/src/nativeMain/kotlin/io/github/iml1s/crypto/Pbkdf2.native.kt:47:21 Argument type mismatch: actual type is 'kotlin.ULong', but 'kotlin.UInt' was expected.
watchOS Build Check	Build watchOS Framework	2026-01-02T04:01:59.4543670Z e: file:///Users/runner/work/kotlin-crypto-pure/kotlin-crypto-pure/src/nativeMain/kotlin/io/github/iml1s/crypto/Pbkdf2.native.kt:49:21 Argument type mismatch: actual type is 'kotlin.ULong', but 'kotlin.UInt' was expected.
watchOS Build Check	Build watchOS Framework	2026-01-02T04:01:59.4645900Z e: file:///Users/runner/work/kotlin-crypto-pure/kotlin-crypto-pure/src/nativeMain/kotlin/io/github/iml1s/crypto/Pbkdf2.native.kt:53:21 Argument type mismatch: actual type is 'kotlin.ULong', but 'kotlin.UInt' was expected.
watchOS Build Check	Build watchOS Framework	2026-01-02T04:01:59.4686400Z e: file:///Users/runner/work/kotlin-crypto-pure/kotlin-crypto-pure/src/nativeMain/kotlin/io/github/iml1s/crypto/Pbkdf2.native.kt:85:21 Argument type mismatch: actual type is 'kotlin.ULong', but 'kotlin.UInt' was expected.
watchOS Build Check	Build watchOS Framework	2026-01-02T04:01:59.4744440Z e: file:///Users/runner/work/kotlin-crypto-pure/kotlin-crypto-pure/src/nativeMain/kotlin/io/github/iml1s/crypto/Pbkdf2.native.kt:87:21 Argument type mismatch: actual type is 'kotlin.ULong', but 'kotlin.UInt' was expected.
watchOS Build Check	Build watchOS Framework	2026-01-02T04:01:59.4846690Z e: file:///Users/runner/work/kotlin-crypto-pure/kotlin-crypto-pure/src/nativeMain/kotlin/io/github/iml1s/crypto/Pbkdf2.native.kt:91:21 Argument type mismatch: actual type is 'kotlin.ULong', but 'kotlin.UInt' was expected.
watchOS Build Check	Build watchOS Framework	2026-01-02T04:01:59.4948060Z 
watchOS Build Check	Build watchOS Framework	2026-01-02T04:01:59.4948130Z 
watchOS Build Check	Build watchOS Framework	2026-01-02T04:01:59.5013070Z FAILURE: Build failed with an exception.
watchOS Build Check	Build watchOS Framework	2026-01-02T04:01:59.5014010Z [Incubating] Problems report is available at: file:///Users/runner/work/kotlin-crypto-pure/kotlin-crypto-pure/build/reports/problems/problems-report.html
watchOS Build Check	Build watchOS Framework	2026-01-02T04:01:59.5014960Z 
watchOS Build Check	Build watchOS Framework	2026-01-02T04:01:59.5014970Z 
watchOS Build Check	Build watchOS Framework	2026-01-02T04:01:59.5015310Z * What went wrong:
watchOS Build Check	Build watchOS Framework	2026-01-02T04:01:59.5015690Z Deprecated Gradle features were used in this build, making it incompatible with Gradle 9.0.
watchOS Build Check	Build watchOS Framework	2026-01-02T04:01:59.5016390Z Execution failed for task ':compileKotlinWatchosArm64'.
watchOS Build Check	Build watchOS Framework	2026-01-02T04:01:59.5016570Z 
watchOS Build Check	Build watchOS Framework	2026-01-02T04:01:59.5016830Z > Compilation finished with errors
watchOS Build Check	Build watchOS Framework	2026-01-02T04:01:59.5017320Z You can use '--warning-mode all' to show the individual deprecation warnings and determine if they come from your own scripts or plugins.
watchOS Build Check	Build watchOS Framework	2026-01-02T04:01:59.5018720Z 
watchOS Build Check	Build watchOS Framework	2026-01-02T04:01:59.5018730Z 
watchOS Build Check	Build watchOS Framework	2026-01-02T04:01:59.5019030Z * Try:
watchOS Build Check	Build watchOS Framework	2026-01-02T04:01:59.5019690Z For more on this, please refer to https://docs.gradle.org/8.13/userguide/command_line_interface.html#sec:command_line_warnings in the Gradle documentation.
watchOS Build Check	Build watchOS Framework	2026-01-02T04:01:59.5020640Z > Run with --stacktrace option to get the stack trace.
watchOS Build Check	Build watchOS Framework	2026-01-02T04:01:59.5021000Z 2 actionable tasks: 2 executed
watchOS Build Check	Build watchOS Framework	2026-01-02T04:01:59.5021440Z > Run with --info or --debug option to get more log output.
watchOS Build Check	Build watchOS Framework	2026-01-02T04:01:59.5021840Z > Run with --scan to get full insights.
watchOS Build Check	Build watchOS Framework	2026-01-02T04:01:59.5022370Z > Get more help at https://help.gradle.org.
watchOS Build Check	Build watchOS Framework	2026-01-02T04:01:59.5022620Z 
watchOS Build Check	Build watchOS Framework	2026-01-02T04:01:59.5022840Z BUILD FAILED in 2m 45s
watchOS Build Check	Build watchOS Framework	2026-01-02T04:02:00.8002540Z ##[error]Process completed with exit code 1.
watchOS Build Check	Post Setup Gradle	ï»¿2026-01-02T04:02:00.8403250Z Post job cleanup.
watchOS Build Check	Post Setup Gradle	2026-01-02T04:02:01.3290280Z In final post-action step, saving state and writing summary
watchOS Build Check	Post Setup Gradle	2026-01-02T04:02:01.3295390Z Stopping all Gradle daemons before saving Gradle User Home state
watchOS Build Check	Post Setup Gradle	2026-01-02T04:02:01.3296890Z Stopping Gradle daemons for /Users/runner/.gradle/wrapper/dists/gradle-8.13-all/54h0s9kvb6g2sinako7ub77ku/gradle-8.13
watchOS Build Check	Post Setup Gradle	2026-01-02T04:02:01.3309410Z [command]/Users/runner/.gradle/wrapper/dists/gradle-8.13-all/54h0s9kvb6g2sinako7ub77ku/gradle-8.13/bin/gradle --stop
watchOS Build Check	Post Setup Gradle	2026-01-02T04:02:01.8825970Z Stopping Daemon(s)
watchOS Build Check	Post Setup Gradle	2026-01-02T04:02:01.8834160Z 1 Daemon stopped
watchOS Build Check	Post Setup Gradle	2026-01-02T04:02:01.8985760Z ##[group]Caching Gradle state
watchOS Build Check	Post Setup Gradle	2026-01-02T04:02:01.9091210Z Caching generated-gradle-jars with path '/Users/runner/.gradle/caches/8.13/generated-gradle-jars/gradle-api-8.13.jar' and cache key: generated-gradle-jars-697f81ec8d80712ce7da03f513960371
watchOS Build Check	Post Setup Gradle	2026-01-02T04:02:01.9135550Z Caching wrapper-zips with path '/Users/runner/.gradle/wrapper/dists/gradle-8.13-all/54h0s9kvb6g2sinako7ub77ku' and cache key: wrapper-zips-27b0df0fa405636de00fcbfa0ab79410
watchOS Build Check	Post Setup Gradle	2026-01-02T04:02:01.9781450Z [command]/opt/homebrew/bin/gtar --posix -cf cache.tzst --exclude cache.tzst -P -C /Users/runner/work/kotlin-crypto-pure/kotlin-crypto-pure --files-from manifest.txt --delay-directory-restore --use-compress-program zstdmt
watchOS Build Check	Post Setup Gradle	2026-01-02T04:02:01.9782890Z [command]/opt/homebrew/bin/gtar --posix -cf cache.tzst --exclude cache.tzst -P -C /Users/runner/work/kotlin-crypto-pure/kotlin-crypto-pure --files-from manifest.txt --delay-directory-restore --use-compress-program zstdmt
watchOS Build Check	Post Setup Gradle	2026-01-02T04:02:02.3040500Z Caching dependencies with path '/Users/runner/.gradle/caches/modules-*/files-*/*/*/*/*' and cache key: dependencies-d2b1d975b45af2ba7a060cc84dc9a422
watchOS Build Check	Post Setup Gradle	2026-01-02T04:02:02.3650760Z Caching instrumented-jars with path '/Users/runner/.gradle/caches/jars-*/*' and cache key: instrumented-jars-15ce2be0574bdabe8c37e37e72c3086c
watchOS Build Check	Post Setup Gradle	2026-01-02T04:02:02.6112710Z Caching kotlin-dsl with path '/Users/runner/.gradle/caches/*/kotlin-dsl/*/*' and cache key: kotlin-dsl-89606222e8b4103f3fbff69ec804fe0a
watchOS Build Check	Post Setup Gradle	2026-01-02T04:02:02.7519660Z [command]/opt/homebrew/bin/gtar --posix -cf cache.tzst --exclude cache.tzst -P -C /Users/runner/work/kotlin-crypto-pure/kotlin-crypto-pure --files-from manifest.txt --delay-directory-restore --use-compress-program zstdmt
watchOS Build Check	Post Setup Gradle	2026-01-02T04:02:02.7525360Z [command]/opt/homebrew/bin/gtar --posix -cf cache.tzst --exclude cache.tzst -P -C /Users/runner/work/kotlin-crypto-pure/kotlin-crypto-pure --files-from manifest.txt --delay-directory-restore --use-compress-program zstdmt
watchOS Build Check	Post Setup Gradle	2026-01-02T04:02:02.7538610Z ##[warning]Failed to save cache entry with path '/Users/runner/.gradle/caches/jars-*/*,zstd-without-long,1.0' and key: instrumented-jars-15ce2be0574bdabe8c37e37e72c3086c: Error: <h2>Our services aren't available right now</h2><p>We're working to restore all services as soon as possible. Please check back soon.</p>0O0NXaQAAAADccmOWI9d/TbkPLVI2n8KCUEFPRURHRTA2MDgARWRnZQ==
watchOS Build Check	Post Setup Gradle	2026-01-02T04:02:02.7574470Z ##[warning]Failed to save cache entry with path '/Users/runner/.gradle/caches/8.13/generated-gradle-jars/gradle-api-8.13.jar,zstd-without-long,1.0' and key: generated-gradle-jars-697f81ec8d80712ce7da03f513960371: Error: <h2>Our services aren't available right now</h2><p>We're working to restore all services as soon as possible. Please check back soon.</p>0O0NXaQAAAAAY+r8FkDVPTbrDB3mNC4OfUEFPRURHRTA2MDgARWRnZQ==
watchOS Build Check	Post Setup Gradle	2026-01-02T04:02:02.7841320Z [command]/opt/homebrew/bin/gtar --posix -cf cache.tzst --exclude cache.tzst -P -C /Users/runner/work/kotlin-crypto-pure/kotlin-crypto-pure --files-from manifest.txt --delay-directory-restore --use-compress-program zstdmt
watchOS Build Check	Post Setup Gradle	2026-01-02T04:02:02.7858200Z ##[warning]Failed to save cache entry with path '/Users/runner/.gradle/caches/*/kotlin-dsl/*/*,zstd-without-long,1.0' and key: kotlin-dsl-89606222e8b4103f3fbff69ec804fe0a: Error: <h2>Our services aren't available right now</h2><p>We're working to restore all services as soon as possible. Please check back soon.</p>0O0NXaQAAAADVB7kjDvocRa5Wa5kaElTZUEFPRURHRTA2MDgARWRnZQ==
watchOS Build Check	Post Setup Gradle	2026-01-02T04:02:03.9358140Z ##[warning]Failed to save cache entry with path '/Users/runner/.gradle/caches/modules-*/files-*/*/*/*/*,zstd-without-long,1.0' and key: dependencies-d2b1d975b45af2ba7a060cc84dc9a422: Error: <h2>Our services aren't available right now</h2><p>We're working to restore all services as soon as possible. Please check back soon.</p>0PENXaQAAAAD+N8nRx+81Qr3oNdJIgTsWUEFPRURHRTA2MDgARWRnZQ==
watchOS Build Check	Post Setup Gradle	2026-01-02T04:02:09.8651530Z ##[warning]Failed to save cache entry with path '/Users/runner/.gradle/wrapper/dists/gradle-8.13-all/54h0s9kvb6g2sinako7ub77ku,zstd-without-long,1.0' and key: wrapper-zips-27b0df0fa405636de00fcbfa0ab79410: Error: <h2>Our services aren't available right now</h2><p>We're working to restore all services as soon as possible. Please check back soon.</p>0QkNXaQAAAAAlFmglWj1fSJTDOW8ABJooUEFPRURHRTA2MTIARWRnZQ==
watchOS Build Check	Post Setup Gradle	2026-01-02T04:02:11.3792060Z Caching Gradle User Home with cache key: v8-gradle|macOS|ci-build-watchos[37a6259cc0c1dae299a7866489dff0bd]-4e998e60946e4b8ed4a3edc845c24ade52c963ee
watchOS Build Check	Post Setup Gradle	2026-01-02T04:02:11.3876710Z [command]/opt/homebrew/bin/gtar --posix -cf cache.tzst --exclude cache.tzst -P -C /Users/runner/work/kotlin-crypto-pure/kotlin-crypto-pure --files-from manifest.txt --delay-directory-restore --use-compress-program zstdmt
watchOS Build Check	Post Setup Gradle	2026-01-02T04:02:24.3849350Z ##[warning]Failed to save cache entry with path '/Users/runner/.gradle/caches,/Users/runner/.gradle/notifications,/Users/runner/.gradle/.gradle-build-action,zstd-without-long,1.0' and key: v8-gradle|macOS|ci-build-watchos[37a6259cc0c1dae299a7866489dff0bd]-4e998e60946e4b8ed4a3edc845c24ade52c963ee: Error: <h2>Our services aren't available right now</h2><p>We're working to restore all services as soon as possible. Please check back soon.</p>0UUNXaQAAAAAuQhoeT3bSQK5+jJcM8jPOUEFPRURHRTA1MTQARWRnZQ==
watchOS Build Check	Post Setup Gradle	2026-01-02T04:02:24.3855330Z ##[endgroup]
watchOS Build Check	Post Setup Gradle	2026-01-02T04:02:24.3855560Z Writing job summary
watchOS Build Check	Post Set up JDK 17	ï»¿2026-01-02T04:02:24.4180240Z Post job cleanup.
watchOS Build Check	Post Run actions/checkout@v4	ï»¿2026-01-02T04:02:24.6459990Z Post job cleanup.
watchOS Build Check	Post Run actions/checkout@v4	2026-01-02T04:02:24.7769820Z [command]/opt/homebrew/bin/git version
watchOS Build Check	Post Run actions/checkout@v4	2026-01-02T04:02:24.8320240Z git version 2.50.1
watchOS Build Check	Post Run actions/checkout@v4	2026-01-02T04:02:24.8345260Z Copying '/Users/runner/.gitconfig' to '/Users/runner/work/_temp/6d9098f1-2528-4250-b234-1b71585a524b/.gitconfig'
watchOS Build Check	Post Run actions/checkout@v4	2026-01-02T04:02:24.8353580Z Temporarily overriding HOME='/Users/runner/work/_temp/6d9098f1-2528-4250-b234-1b71585a524b' before making global git config changes
watchOS Build Check	Post Run actions/checkout@v4	2026-01-02T04:02:24.8354120Z Adding repository directory to the temporary git global config as a safe directory
watchOS Build Check	Post Run actions/checkout@v4	2026-01-02T04:02:24.8363360Z [command]/opt/homebrew/bin/git config --global --add safe.directory /Users/runner/work/kotlin-crypto-pure/kotlin-crypto-pure
watchOS Build Check	Post Run actions/checkout@v4	2026-01-02T04:02:24.8481670Z [command]/opt/homebrew/bin/git config --local --name-only --get-regexp core\.sshCommand
watchOS Build Check	Post Run actions/checkout@v4	2026-01-02T04:02:24.8664440Z [command]/opt/homebrew/bin/git submodule foreach --recursive sh -c "git config --local --name-only --get-regexp 'core\.sshCommand' && git config --local --unset-all 'core.sshCommand' || :"
watchOS Build Check	Post Run actions/checkout@v4	2026-01-02T04:02:24.9795470Z [command]/opt/homebrew/bin/git config --local --name-only --get-regexp http\.https\:\/\/github\.com\/\.extraheader
watchOS Build Check	Post Run actions/checkout@v4	2026-01-02T04:02:24.9846140Z http.https://github.com/.extraheader
watchOS Build Check	Post Run actions/checkout@v4	2026-01-02T04:02:24.9854470Z [command]/opt/homebrew/bin/git config --local --unset-all http.https://github.com/.extraheader
watchOS Build Check	Post Run actions/checkout@v4	2026-01-02T04:02:24.9910630Z [command]/opt/homebrew/bin/git submodule foreach --recursive sh -c "git config --local --name-only --get-regexp 'http\.https\:\/\/github\.com\/\.extraheader' && git config --local --unset-all 'http.https://github.com/.extraheader' || :"
watchOS Build Check	Post Run actions/checkout@v4	2026-01-02T04:02:25.1482430Z [command]/opt/homebrew/bin/git config --local --name-only --get-regexp ^includeIf\.gitdir:
watchOS Build Check	Post Run actions/checkout@v4	2026-01-02T04:02:25.1551770Z [command]/opt/homebrew/bin/git submodule foreach --recursive git config --local --show-origin --name-only --get-regexp remote.origin.url
watchOS Build Check	Complete job	ï»¿2026-01-02T04:02:25.2469160Z Cleaning up orphan processes
iOS Build Check	Set up job	ï»¿2026-01-02T03:59:10.3272820Z Current runner version: '2.330.0'
iOS Build Check	Set up job	2026-01-02T03:59:10.3293230Z ##[group]Runner Image Provisioner
iOS Build Check	Set up job	2026-01-02T03:59:10.3293770Z Hosted Compute Agent
iOS Build Check	Set up job	2026-01-02T03:59:10.3294120Z Version: 20251211.462
iOS Build Check	Set up job	2026-01-02T03:59:10.3294550Z Commit: 6cbad8c2bb55d58165063d031ccabf57e2d2db61
iOS Build Check	Set up job	2026-01-02T03:59:10.3295000Z Build Date: 2025-12-11T16:28:49Z
iOS Build Check	Set up job	2026-01-02T03:59:10.3295420Z Worker ID: {074b4d59-7041-4b7e-8ddd-0db3a7531a8d}
iOS Build Check	Set up job	2026-01-02T03:59:10.3295860Z ##[endgroup]
iOS Build Check	Set up job	2026-01-02T03:59:10.3296250Z ##[group]Operating System
iOS Build Check	Set up job	2026-01-02T03:59:10.3296600Z macOS
iOS Build Check	Set up job	2026-01-02T03:59:10.3296900Z 15.7.2
iOS Build Check	Set up job	2026-01-02T03:59:10.3297180Z 24G325
iOS Build Check	Set up job	2026-01-02T03:59:10.3297470Z ##[endgroup]
iOS Build Check	Set up job	2026-01-02T03:59:10.3297790Z ##[group]Runner Image
iOS Build Check	Set up job	2026-01-02T03:59:10.3298170Z Image: macos-15-arm64
iOS Build Check	Set up job	2026-01-02T03:59:10.3298540Z Version: 20251215.0075.1
iOS Build Check	Set up job	2026-01-02T03:59:10.3299300Z Included Software: https://github.com/actions/runner-images/blob/macos-15-arm64/20251215.0075/images/macos/macos-15-arm64-Readme.md
iOS Build Check	Set up job	2026-01-02T03:59:10.3300290Z Image Release: https://github.com/actions/runner-images/releases/tag/macos-15-arm64%2F20251215.0075
iOS Build Check	Set up job	2026-01-02T03:59:10.3301040Z ##[endgroup]
iOS Build Check	Set up job	2026-01-02T03:59:10.3301790Z ##[group]GITHUB_TOKEN Permissions
iOS Build Check	Set up job	2026-01-02T03:59:10.3302900Z Contents: read
iOS Build Check	Set up job	2026-01-02T03:59:10.3303220Z Metadata: read
iOS Build Check	Set up job	2026-01-02T03:59:10.3303520Z Packages: read
iOS Build Check	Set up job	2026-01-02T03:59:10.3303820Z ##[endgroup]
iOS Build Check	Set up job	2026-01-02T03:59:10.3305330Z Secret source: Actions
iOS Build Check	Set up job	2026-01-02T03:59:10.3305730Z Prepare workflow directory
iOS Build Check	Set up job	2026-01-02T03:59:10.3592570Z Prepare all required actions
iOS Build Check	Set up job	2026-01-02T03:59:10.3619510Z Getting action download info
iOS Build Check	Set up job	2026-01-02T03:59:10.7156990Z Download action repository 'actions/checkout@v4' (SHA:34e114876b0b11c390a56381ad16ebd13914f8d5)
iOS Build Check	Set up job	2026-01-02T03:59:11.2039110Z Download action repository 'actions/setup-java@v4' (SHA:c1e323688fd81a25caa38c78aa6df2d33d3e20d9)
iOS Build Check	Set up job	2026-01-02T03:59:12.4311860Z Download action repository 'gradle/gradle-build-action@v2' (SHA:a8f75513eafdebd8141bd1cd4e30fcd194af8dfa)
iOS Build Check	Set up job	2026-01-02T03:59:13.9141300Z Complete job name: iOS Build Check
iOS Build Check	Run actions/checkout@v4	ï»¿2026-01-02T03:59:13.9538570Z ##[group]Run actions/checkout@v4
iOS Build Check	Run actions/checkout@v4	2026-01-02T03:59:13.9539470Z with:
iOS Build Check	Run actions/checkout@v4	2026-01-02T03:59:13.9539960Z   repository: ImL1s/kotlin-crypto-pure
iOS Build Check	Run actions/checkout@v4	2026-01-02T03:59:13.9540730Z   token: ***
iOS Build Check	Run actions/checkout@v4	2026-01-02T03:59:13.9541170Z   ssh-strict: true
iOS Build Check	Run actions/checkout@v4	2026-01-02T03:59:13.9541640Z   ssh-user: git
iOS Build Check	Run actions/checkout@v4	2026-01-02T03:59:13.9542130Z   persist-credentials: true
iOS Build Check	Run actions/checkout@v4	2026-01-02T03:59:13.9542670Z   clean: true
iOS Build Check	Run actions/checkout@v4	2026-01-02T03:59:13.9543160Z   sparse-checkout-cone-mode: true
iOS Build Check	Run actions/checkout@v4	2026-01-02T03:59:13.9543830Z   fetch-depth: 1
iOS Build Check	Run actions/checkout@v4	2026-01-02T03:59:13.9544290Z   fetch-tags: false
iOS Build Check	Run actions/checkout@v4	2026-01-02T03:59:13.9544750Z   show-progress: true
iOS Build Check	Run actions/checkout@v4	2026-01-02T03:59:13.9545250Z   lfs: false
iOS Build Check	Run actions/checkout@v4	2026-01-02T03:59:13.9545730Z   submodules: false
iOS Build Check	Run actions/checkout@v4	2026-01-02T03:59:13.9546220Z   set-safe-directory: true
iOS Build Check	Run actions/checkout@v4	2026-01-02T03:59:13.9546850Z ##[endgroup]
iOS Build Check	Run actions/checkout@v4	2026-01-02T03:59:14.4174080Z Syncing repository: ImL1s/kotlin-crypto-pure
iOS Build Check	Run actions/checkout@v4	2026-01-02T03:59:14.4243810Z ##[group]Getting Git version info
iOS Build Check	Run actions/checkout@v4	2026-01-02T03:59:14.4244630Z Working directory is '/Users/runner/work/kotlin-crypto-pure/kotlin-crypto-pure'
iOS Build Check	Run actions/checkout@v4	2026-01-02T03:59:14.4245690Z [command]/opt/homebrew/bin/git version
iOS Build Check	Run actions/checkout@v4	2026-01-02T03:59:14.4962280Z git version 2.50.1
iOS Build Check	Run actions/checkout@v4	2026-01-02T03:59:14.5041210Z ##[endgroup]
iOS Build Check	Run actions/checkout@v4	2026-01-02T03:59:14.5044560Z Copying '/Users/runner/.gitconfig' to '/Users/runner/work/_temp/e2d9750a-e8df-4605-979c-1975fa909276/.gitconfig'
iOS Build Check	Run actions/checkout@v4	2026-01-02T03:59:14.5045670Z Temporarily overriding HOME='/Users/runner/work/_temp/e2d9750a-e8df-4605-979c-1975fa909276' before making global git config changes
iOS Build Check	Run actions/checkout@v4	2026-01-02T03:59:14.5046840Z Adding repository directory to the temporary git global config as a safe directory
iOS Build Check	Run actions/checkout@v4	2026-01-02T03:59:14.5047580Z [command]/opt/homebrew/bin/git config --global --add safe.directory /Users/runner/work/kotlin-crypto-pure/kotlin-crypto-pure
iOS Build Check	Run actions/checkout@v4	2026-01-02T03:59:14.5151040Z Deleting the contents of '/Users/runner/work/kotlin-crypto-pure/kotlin-crypto-pure'
iOS Build Check	Run actions/checkout@v4	2026-01-02T03:59:14.5154130Z ##[group]Initializing the repository
iOS Build Check	Run actions/checkout@v4	2026-01-02T03:59:14.5159110Z [command]/opt/homebrew/bin/git init /Users/runner/work/kotlin-crypto-pure/kotlin-crypto-pure
iOS Build Check	Run actions/checkout@v4	2026-01-02T03:59:14.5815590Z hint: Using 'master' as the name for the initial branch. This default branch name
iOS Build Check	Run actions/checkout@v4	2026-01-02T03:59:14.5816660Z hint: is subject to change. To configure the initial branch name to use in all
iOS Build Check	Run actions/checkout@v4	2026-01-02T03:59:14.5817840Z hint: of your new repositories, which will suppress this warning, call:
iOS Build Check	Run actions/checkout@v4	2026-01-02T03:59:14.5818460Z hint:
iOS Build Check	Run actions/checkout@v4	2026-01-02T03:59:14.5819040Z hint: 	git config --global init.defaultBranch <name>
iOS Build Check	Run actions/checkout@v4	2026-01-02T03:59:14.5820330Z hint:
iOS Build Check	Run actions/checkout@v4	2026-01-02T03:59:14.5820640Z hint: Names commonly chosen instead of 'master' are 'main', 'trunk' and
iOS Build Check	Run actions/checkout@v4	2026-01-02T03:59:14.5821280Z hint: 'development'. The just-created branch can be renamed via this command:
iOS Build Check	Run actions/checkout@v4	2026-01-02T03:59:14.5821810Z hint:
iOS Build Check	Run actions/checkout@v4	2026-01-02T03:59:14.5822130Z hint: 	git branch -m <name>
iOS Build Check	Run actions/checkout@v4	2026-01-02T03:59:14.5822540Z hint:
iOS Build Check	Run actions/checkout@v4	2026-01-02T03:59:14.5824230Z hint: Disable this message with "git config set advice.defaultBranchName false"
iOS Build Check	Run actions/checkout@v4	2026-01-02T03:59:14.5829240Z Initialized empty Git repository in /Users/runner/work/kotlin-crypto-pure/kotlin-crypto-pure/.git/
iOS Build Check	Run actions/checkout@v4	2026-01-02T03:59:14.5831320Z [command]/opt/homebrew/bin/git remote add origin https://github.com/ImL1s/kotlin-crypto-pure
iOS Build Check	Run actions/checkout@v4	2026-01-02T03:59:14.5918530Z ##[endgroup]
iOS Build Check	Run actions/checkout@v4	2026-01-02T03:59:14.5919080Z ##[group]Disabling automatic garbage collection
iOS Build Check	Run actions/checkout@v4	2026-01-02T03:59:14.5921000Z [command]/opt/homebrew/bin/git config --local gc.auto 0
iOS Build Check	Run actions/checkout@v4	2026-01-02T03:59:14.6018790Z ##[endgroup]
iOS Build Check	Run actions/checkout@v4	2026-01-02T03:59:14.6019390Z ##[group]Setting up auth
iOS Build Check	Run actions/checkout@v4	2026-01-02T03:59:14.6019800Z [command]/opt/homebrew/bin/git config --local --name-only --get-regexp core\.sshCommand
iOS Build Check	Run actions/checkout@v4	2026-01-02T03:59:14.6115860Z [command]/opt/homebrew/bin/git submodule foreach --recursive sh -c "git config --local --name-only --get-regexp 'core\.sshCommand' && git config --local --unset-all 'core.sshCommand' || :"
iOS Build Check	Run actions/checkout@v4	2026-01-02T03:59:14.7976590Z [command]/opt/homebrew/bin/git config --local --name-only --get-regexp http\.https\:\/\/github\.com\/\.extraheader
iOS Build Check	Run actions/checkout@v4	2026-01-02T03:59:14.8045230Z [command]/opt/homebrew/bin/git submodule foreach --recursive sh -c "git config --local --name-only --get-regexp 'http\.https\:\/\/github\.com\/\.extraheader' && git config --local --unset-all 'http.https://github.com/.extraheader' || :"
iOS Build Check	Run actions/checkout@v4	2026-01-02T03:59:14.9834400Z [command]/opt/homebrew/bin/git config --local --name-only --get-regexp ^includeIf\.gitdir:
iOS Build Check	Run actions/checkout@v4	2026-01-02T03:59:15.0007500Z [command]/opt/homebrew/bin/git submodule foreach --recursive git config --local --show-origin --name-only --get-regexp remote.origin.url
iOS Build Check	Run actions/checkout@v4	2026-01-02T03:59:15.0669550Z [command]/opt/homebrew/bin/git config --local http.https://github.com/.extraheader AUTHORIZATION: basic ***
iOS Build Check	Run actions/checkout@v4	2026-01-02T03:59:15.0731160Z ##[endgroup]
iOS Build Check	Run actions/checkout@v4	2026-01-02T03:59:15.0731650Z ##[group]Fetching the repository
iOS Build Check	Run actions/checkout@v4	2026-01-02T03:59:15.0736750Z [command]/opt/homebrew/bin/git -c protocol.version=2 fetch --no-tags --prune --no-recurse-submodules --depth=1 origin +4e998e60946e4b8ed4a3edc845c24ade52c963ee:refs/remotes/origin/main
iOS Build Check	Run actions/checkout@v4	2026-01-02T03:59:15.9143360Z From https://github.com/ImL1s/kotlin-crypto-pure
iOS Build Check	Run actions/checkout@v4	2026-01-02T03:59:15.9144000Z  * [new ref]         4e998e60946e4b8ed4a3edc845c24ade52c963ee -> origin/main
iOS Build Check	Run actions/checkout@v4	2026-01-02T03:59:15.9305720Z ##[endgroup]
iOS Build Check	Run actions/checkout@v4	2026-01-02T03:59:15.9311050Z ##[group]Determining the checkout info
iOS Build Check	Run actions/checkout@v4	2026-01-02T03:59:15.9311440Z ##[endgroup]
iOS Build Check	Run actions/checkout@v4	2026-01-02T03:59:15.9312000Z [command]/opt/homebrew/bin/git sparse-checkout disable
iOS Build Check	Run actions/checkout@v4	2026-01-02T03:59:15.9396210Z [command]/opt/homebrew/bin/git config --local --unset-all extensions.worktreeConfig
iOS Build Check	Run actions/checkout@v4	2026-01-02T03:59:15.9474950Z ##[group]Checking out the ref
iOS Build Check	Run actions/checkout@v4	2026-01-02T03:59:15.9484500Z [command]/opt/homebrew/bin/git checkout --progress --force -B main refs/remotes/origin/main
iOS Build Check	Run actions/checkout@v4	2026-01-02T03:59:15.9850190Z Switched to a new branch 'main'
iOS Build Check	Run actions/checkout@v4	2026-01-02T03:59:15.9951310Z branch 'main' set up to track 'origin/main'.
iOS Build Check	Run actions/checkout@v4	2026-01-02T03:59:15.9970120Z ##[endgroup]
iOS Build Check	Run actions/checkout@v4	2026-01-02T03:59:16.0232670Z [command]/opt/homebrew/bin/git log -1 --format=%H
iOS Build Check	Run actions/checkout@v4	2026-01-02T03:59:16.0334130Z 4e998e60946e4b8ed4a3edc845c24ade52c963ee
iOS Build Check	Set up JDK 17	ï»¿2026-01-02T03:59:16.0933480Z ##[group]Run actions/setup-java@v4
iOS Build Check	Set up JDK 17	2026-01-02T03:59:16.0933940Z with:
iOS Build Check	Set up JDK 17	2026-01-02T03:59:16.0934060Z   java-version: 17
iOS Build Check	Set up JDK 17	2026-01-02T03:59:16.0934190Z   distribution: temurin
iOS Build Check	Set up JDK 17	2026-01-02T03:59:16.0934360Z   java-package: jdk
iOS Build Check	Set up JDK 17	2026-01-02T03:59:16.0934520Z   check-latest: false
iOS Build Check	Set up JDK 17	2026-01-02T03:59:16.0934670Z   server-id: github
iOS Build Check	Set up JDK 17	2026-01-02T03:59:16.0934840Z   server-username: GITHUB_ACTOR
iOS Build Check	Set up JDK 17	2026-01-02T03:59:16.0935040Z   server-password: GITHUB_TOKEN
iOS Build Check	Set up JDK 17	2026-01-02T03:59:16.0935210Z   overwrite-settings: true
iOS Build Check	Set up JDK 17	2026-01-02T03:59:16.0935370Z   job-status: success
iOS Build Check	Set up JDK 17	2026-01-02T03:59:16.0935600Z   token: ***
iOS Build Check	Set up JDK 17	2026-01-02T03:59:16.0935730Z ##[endgroup]
iOS Build Check	Set up JDK 17	2026-01-02T03:59:16.2804610Z ##[group]Installed distributions
iOS Build Check	Set up JDK 17	2026-01-02T03:59:16.2910300Z Resolved Java 17.0.17+10 from tool-cache
iOS Build Check	Set up JDK 17	2026-01-02T03:59:16.2928820Z Setting Java 17.0.17+10 as the default
iOS Build Check	Set up JDK 17	2026-01-02T03:59:16.2970890Z Creating toolchains.xml for JDK version 17 from temurin
iOS Build Check	Set up JDK 17	2026-01-02T03:59:16.3094670Z Writing to /Users/runner/.m2/toolchains.xml
iOS Build Check	Set up JDK 17	2026-01-02T03:59:16.3095330Z 
iOS Build Check	Set up JDK 17	2026-01-02T03:59:16.3095590Z Java configuration:
iOS Build Check	Set up JDK 17	2026-01-02T03:59:16.3095930Z   Distribution: temurin
iOS Build Check	Set up JDK 17	2026-01-02T03:59:16.3096810Z   Version: 17.0.17+10
iOS Build Check	Set up JDK 17	2026-01-02T03:59:16.3097880Z   Path: /Users/runner/hostedtoolcache/Java_Temurin-Hotspot_jdk/17.0.17-10/arm64/Contents/Home
iOS Build Check	Set up JDK 17	2026-01-02T03:59:16.3098610Z 
iOS Build Check	Set up JDK 17	2026-01-02T03:59:16.3100030Z ##[endgroup]
iOS Build Check	Set up JDK 17	2026-01-02T03:59:16.3125120Z Creating settings.xml with server-id: github
iOS Build Check	Set up JDK 17	2026-01-02T03:59:16.3125540Z Writing to /Users/runner/.m2/settings.xml
iOS Build Check	Setup Gradle	ï»¿2026-01-02T03:59:16.3252370Z ##[group]Run gradle/gradle-build-action@v2
iOS Build Check	Setup Gradle	2026-01-02T03:59:16.3252610Z with:
iOS Build Check	Setup Gradle	2026-01-02T03:59:16.3252940Z   cache-disabled: false
iOS Build Check	Setup Gradle	2026-01-02T03:59:16.3253110Z   cache-read-only: false
iOS Build Check	Setup Gradle	2026-01-02T03:59:16.3253250Z   cache-write-only: false
iOS Build Check	Setup Gradle	2026-01-02T03:59:16.3253420Z   cache-overwrite-existing: false
iOS Build Check	Setup Gradle	2026-01-02T03:59:16.3253650Z   gradle-home-cache-includes: caches
iOS Build Check	Setup Gradle	notifications
iOS Build Check	Setup Gradle	
iOS Build Check	Setup Gradle	2026-01-02T03:59:16.3253910Z   gradle-home-cache-cleanup: false
iOS Build Check	Setup Gradle	2026-01-02T03:59:16.3254190Z   generate-job-summary: true
iOS Build Check	Setup Gradle	2026-01-02T03:59:16.3254380Z   dependency-graph: disabled
iOS Build Check	Setup Gradle	2026-01-02T03:59:16.3254570Z   gradle-home-cache-strict-match: false
iOS Build Check	Setup Gradle	2026-01-02T03:59:16.3254770Z   workflow-job-context: null
iOS Build Check	Setup Gradle	2026-01-02T03:59:16.3255150Z   github-token: ***
iOS Build Check	Setup Gradle	2026-01-02T03:59:16.3255280Z env:
iOS Build Check	Setup Gradle	2026-01-02T03:59:16.3255560Z   JAVA_HOME: /Users/runner/hostedtoolcache/Java_Temurin-Hotspot_jdk/17.0.17-10/arm64/Contents/Home
iOS Build Check	Setup Gradle	2026-01-02T03:59:16.3256090Z   JAVA_HOME_17_ARM64: /Users/runner/hostedtoolcache/Java_Temurin-Hotspot_jdk/17.0.17-10/arm64/Contents/Home
iOS Build Check	Setup Gradle	2026-01-02T03:59:16.3256470Z ##[endgroup]
iOS Build Check	Setup Gradle	2026-01-02T03:59:16.7126130Z ##[group]Restore Gradle state from cache
iOS Build Check	Setup Gradle	2026-01-02T03:59:16.8146060Z ##[warning]Failed to restore v8-gradle|macOS|ci-build-ios[37a6259cc0c1dae299a7866489dff0bd]-4e998e60946e4b8ed4a3edc845c24ade52c963ee: Error: Cache service responded with 400
iOS Build Check	Setup Gradle	2026-01-02T03:59:16.8175950Z Gradle User Home cache not found. Will initialize empty.
iOS Build Check	Setup Gradle	2026-01-02T03:59:16.8176430Z ##[endgroup]
iOS Build Check	Build iOS Framework	ï»¿2026-01-02T03:59:16.8248840Z ##[group]Run ./gradlew compileKotlinIosArm64
iOS Build Check	Build iOS Framework	2026-01-02T03:59:16.8249200Z [36;1m./gradlew compileKotlinIosArm64[0m
iOS Build Check	Build iOS Framework	2026-01-02T03:59:16.8289950Z shell: /bin/bash -e {0}
iOS Build Check	Build iOS Framework	2026-01-02T03:59:16.8290150Z env:
iOS Build Check	Build iOS Framework	2026-01-02T03:59:16.8290640Z   JAVA_HOME: /Users/runner/hostedtoolcache/Java_Temurin-Hotspot_jdk/17.0.17-10/arm64/Contents/Home
iOS Build Check	Build iOS Framework	2026-01-02T03:59:16.8291150Z   JAVA_HOME_17_ARM64: /Users/runner/hostedtoolcache/Java_Temurin-Hotspot_jdk/17.0.17-10/arm64/Contents/Home
iOS Build Check	Build iOS Framework	2026-01-02T03:59:16.8291520Z   GRADLE_BUILD_ACTION_SETUP_COMPLETED: true
iOS Build Check	Build iOS Framework	2026-01-02T03:59:16.8291760Z   GRADLE_BUILD_ACTION_CACHE_RESTORED: true
iOS Build Check	Build iOS Framework	2026-01-02T03:59:16.8291950Z ##[endgroup]
iOS Build Check	Build iOS Framework	2026-01-02T03:59:16.9885910Z Downloading https://services.gradle.org/distributions/gradle-8.13-all.zip
iOS Build Check	Build iOS Framework	2026-01-02T03:59:22.6530570Z ......................10%......................20%......................30%......................40%......................50%......................60%......................70%.......................80%......................90%......................100%
iOS Build Check	Build iOS Framework	2026-01-02T03:59:28.4275830Z 
iOS Build Check	Build iOS Framework	2026-01-02T03:59:28.4329260Z Welcome to Gradle 8.13!
iOS Build Check	Build iOS Framework	2026-01-02T03:59:28.4330050Z 
iOS Build Check	Build iOS Framework	2026-01-02T03:59:28.4330470Z Here are the highlights of this release:
iOS Build Check	Build iOS Framework	2026-01-02T03:59:28.4353450Z  - Daemon JVM auto-provisioning
iOS Build Check	Build iOS Framework	2026-01-02T03:59:28.4354740Z  - Enhancements for Scala plugin and JUnit testing
iOS Build Check	Build iOS Framework	2026-01-02T03:59:28.4357620Z  - Improvements for build authors and plugin developers
iOS Build Check	Build iOS Framework	2026-01-02T03:59:28.4364390Z 
iOS Build Check	Build iOS Framework	2026-01-02T03:59:28.4364760Z For more details see https://docs.gradle.org/8.13/release-notes.html
iOS Build Check	Build iOS Framework	2026-01-02T03:59:28.4365160Z 
iOS Build Check	Build iOS Framework	2026-01-02T03:59:28.4365460Z Starting a Gradle Daemon (subsequent builds will be faster)
iOS Build Check	Build iOS Framework	2026-01-02T04:00:50.9222120Z 
iOS Build Check	Build iOS Framework	2026-01-02T04:00:50.9317530Z > Configure project :
iOS Build Check	Build iOS Framework	2026-01-02T04:00:50.9424180Z w: file:///Users/runner/work/kotlin-crypto-pure/kotlin-crypto-pure/build.gradle.kts:26:21: 'defFile: File' is deprecated. Deprecated because it is a non-lazy property.
iOS Build Check	Build iOS Framework	2026-01-02T04:00:50.9521110Z w: file:///Users/runner/work/kotlin-crypto-pure/kotlin-crypto-pure/build.gradle.kts:37:21: 'defFile: File' is deprecated. Deprecated because it is a non-lazy property.
iOS Build Check	Build iOS Framework	2026-01-02T04:00:50.9625090Z w: file:///Users/runner/work/kotlin-crypto-pure/kotlin-crypto-pure/build.gradle.kts:48:21: 'defFile: File' is deprecated. Deprecated because it is a non-lazy property.
iOS Build Check	Build iOS Framework	2026-01-02T04:00:50.9727120Z w: file:///Users/runner/work/kotlin-crypto-pure/kotlin-crypto-pure/build.gradle.kts:60:21: 'defFile: File' is deprecated. Deprecated because it is a non-lazy property.
iOS Build Check	Build iOS Framework	2026-01-02T04:00:50.9829250Z w: file:///Users/runner/work/kotlin-crypto-pure/kotlin-crypto-pure/build.gradle.kts:71:21: 'defFile: File' is deprecated. Deprecated because it is a non-lazy property.
iOS Build Check	Build iOS Framework	2026-01-02T04:00:50.9931590Z w: file:///Users/runner/work/kotlin-crypto-pure/kotlin-crypto-pure/build.gradle.kts:82:21: 'defFile: File' is deprecated. Deprecated because it is a non-lazy property.
iOS Build Check	Build iOS Framework	2026-01-02T04:00:53.0302250Z w: The Default Kotlin Hierarchy Template was not applied to 'root project 'kotlin-crypto-pure'':
iOS Build Check	Build iOS Framework	2026-01-02T04:00:53.0405110Z Explicit .dependsOn() edges were configured for the following source sets:
iOS Build Check	Build iOS Framework	2026-01-02T04:00:53.0508120Z [iosArm64Main, iosArm64Test, iosMain, iosSimulatorArm64Main, iosSimulatorArm64Test, iosX64Main, iosX64Test, nativeMain, nativeTest, watchosArm64Main, watchosArm64Test, watchosMain, watchosSimulatorArm64Main, watchosSimulatorArm64Test, watchosX64Main, watchosX64Test]
iOS Build Check	Build iOS Framework	2026-01-02T04:00:53.0607360Z 
iOS Build Check	Build iOS Framework	2026-01-02T04:00:53.0708710Z Consider removing dependsOn-calls or disabling the default template by adding
iOS Build Check	Build iOS Framework	2026-01-02T04:00:53.0810140Z     'kotlin.mpp.applyDefaultHierarchyTemplate=false'
iOS Build Check	Build iOS Framework	2026-01-02T04:00:53.0911920Z to your gradle.properties
iOS Build Check	Build iOS Framework	2026-01-02T04:00:53.1014040Z 
iOS Build Check	Build iOS Framework	2026-01-02T04:00:53.1115280Z Learn more about hierarchy templates: https://kotl.in/hierarchy-template
iOS Build Check	Build iOS Framework	2026-01-02T04:00:53.1216720Z 
iOS Build Check	Build iOS Framework	2026-01-02T04:00:53.1317940Z w: The project is using Kotlin Multiplatform with hierarchical structure and disabled 'cinterop commonization'
iOS Build Check	Build iOS Framework	2026-01-02T04:00:53.1426070Z See: https://kotlinlang.org/docs/mpp-share-on-platforms.html#use-native-libraries-in-the-hierarchical-structure
iOS Build Check	Build iOS Framework	2026-01-02T04:00:53.1521910Z 
iOS Build Check	Build iOS Framework	2026-01-02T04:00:53.1567300Z 'cinterop commonization' can be enabled in your 'gradle.properties'
iOS Build Check	Build iOS Framework	2026-01-02T04:00:53.1574670Z kotlin.mpp.enableCInteropCommonization=true
iOS Build Check	Build iOS Framework	2026-01-02T04:00:53.1575630Z 
iOS Build Check	Build iOS Framework	2026-01-02T04:00:53.1731070Z To hide this message, add to your 'gradle.properties'
iOS Build Check	Build iOS Framework	2026-01-02T04:00:53.1833890Z kotlin.mpp.enableCInteropCommonization.nowarn=true 
iOS Build Check	Build iOS Framework	2026-01-02T04:00:53.1936230Z 
iOS Build Check	Build iOS Framework	2026-01-02T04:00:53.2054270Z The following source sets are affected: 
iOS Build Check	Build iOS Framework	2026-01-02T04:00:53.2157920Z [iosMain, nativeMain, watchosMain]
iOS Build Check	Build iOS Framework	2026-01-02T04:00:53.2258990Z 
iOS Build Check	Build iOS Framework	2026-01-02T04:00:53.2274780Z The following cinterops are affected: 
iOS Build Check	Build iOS Framework	2026-01-02T04:00:53.2379360Z [cinterop:compilation/compileKotlinIosArm64/CommonCrypto, cinterop:compilation/compileKotlinIosSimulatorArm64/CommonCrypto, cinterop:compilation/compileKotlinIosX64/CommonCrypto, cinterop:compilation/compileKotlinWatchosArm64/CommonCrypto, cinterop:compilation/compileKotlinWatchosSimulatorArm64/CommonCrypto, cinterop:compilation/compileKotlinWatchosX64/CommonCrypto]
iOS Build Check	Build iOS Framework	2026-01-02T04:00:53.2482160Z 
iOS Build Check	Build iOS Framework	2026-01-02T04:00:53.4481530Z 
iOS Build Check	Build iOS Framework	2026-01-02T04:00:53.4483780Z > Task :checkKotlinGradlePluginConfigurationErrors SKIPPED
iOS Build Check	Build iOS Framework	2026-01-02T04:01:23.4343010Z > Task :cinteropCommonCryptoIosArm64
iOS Build Check	Build iOS Framework	2026-01-02T04:01:54.9222330Z Downloading native dependencies (LLVM, sysroot etc). This is a one-time action performed only on the first run of the compiler.
iOS Build Check	Build iOS Framework	2026-01-02T04:01:57.5565470Z Done.
iOS Build Check	Build iOS Framework	2026-01-02T04:01:57.5566240Z Extracting dependency: /Users/runner/.konan/dependencies/cache/llvm-16.0.0-aarch64-macos-essentials-63.tar.gz into /Users/runner/.konan/dependencies
iOS Build Check	Build iOS Framework	2026-01-02T04:01:59.9132640Z Done.
iOS Build Check	Build iOS Framework	2026-01-02T04:01:59.9242290Z Extracting dependency: /Users/runner/.konan/dependencies/cache/libffi-3.3-1-macos-arm64.tar.gz into /Users/runner/.konan/dependencies
iOS Build Check	Build iOS Framework	2026-01-02T04:02:34.8013630Z w: file:///Users/runner/work/kotlin-crypto-pure/kotlin-crypto-pure/src/commonMain/kotlin/io/github/iml1s/crypto/AesGcm.kt:78:1 'expect'/'actual' classes (including interfaces, objects, annotations, enums, and 'actual' typealiases) are in Beta. You can use -Xexpect-actual-classes flag to suppress this warning. Also see: https://youtrack.jetbrains.com/issue/KT-61573
iOS Build Check	Build iOS Framework	2026-01-02T04:02:34.8045070Z 
iOS Build Check	Build iOS Framework	2026-01-02T04:02:34.8046780Z w: file:///Users/runner/work/kotlin-crypto-pure/kotlin-crypto-pure/src/commonMain/kotlin/io/github/iml1s/crypto/Digest.kt:61:13 Check for instance is always 'true'.
iOS Build Check	Build iOS Framework	2026-01-02T04:02:34.8047460Z > Task :compileKotlinIosArm64
iOS Build Check	Build iOS Framework	2026-01-02T04:02:34.8064590Z w: file:///Users/runner/work/kotlin-crypto-pure/kotlin-crypto-pure/src/commonMain/kotlin/io/github/iml1s/crypto/Digest.kt:80:13 Check for instance is always 'true'.
iOS Build Check	Build iOS Framework	2026-01-02T04:02:34.8066990Z w: file:///Users/runner/work/kotlin-crypto-pure/kotlin-crypto-pure/src/commonMain/kotlin/io/github/iml1s/crypto/Secp256k1Provider.kt:12:1 'expect'/'actual' classes (including interfaces, objects, annotations, enums, and 'actual' typealiases) are in Beta. You can use -Xexpect-actual-classes flag to suppress this warning. Also see: https://youtrack.jetbrains.com/issue/KT-61573
iOS Build Check	Build iOS Framework	2026-01-02T04:02:34.8123840Z w: file:///Users/runner/work/kotlin-crypto-pure/kotlin-crypto-pure/src/nativeMain/kotlin/io/github/iml1s/crypto/AesGcm.native.kt:24:1 'expect'/'actual' classes (including interfaces, objects, annotations, enums, and 'actual' typealiases) are in Beta. You can use -Xexpect-actual-classes flag to suppress this warning. Also see: https://youtrack.jetbrains.com/issue/KT-61573
iOS Build Check	Build iOS Framework	2026-01-02T04:02:34.8138030Z w: file:///Users/runner/work/kotlin-crypto-pure/kotlin-crypto-pure/src/nativeMain/kotlin/io/github/iml1s/crypto/Bip32.ios.kt:46:37 Unchecked cast of 'kotlinx.cinterop.CPointer<kotlinx.cinterop.ByteVarOf<kotlin.Byte>>' to 'kotlinx.cinterop.CPointer<kotlinx.cinterop.UByteVarOf<kotlin.UByte>>?'.
iOS Build Check	Build iOS Framework	2026-01-02T04:02:34.8147760Z w: file:///Users/runner/work/kotlin-crypto-pure/kotlin-crypto-pure/src/nativeMain/kotlin/io/github/iml1s/crypto/Bip32.ios.kt:48:43 Unchecked cast of 'kotlinx.cinterop.CPointer<kotlinx.cinterop.ByteVarOf<kotlin.Byte>>' to 'kotlinx.cinterop.CPointer<kotlinx.cinterop.UByteVarOf<kotlin.UByte>>?'.
iOS Build Check	Build iOS Framework	2026-01-02T04:02:34.8160490Z w: file:///Users/runner/work/kotlin-crypto-pure/kotlin-crypto-pure/src/nativeMain/kotlin/io/github/iml1s/crypto/Pbkdf2.native.kt:48:68 Unchecked cast of 'kotlinx.cinterop.CPointer<kotlinx.cinterop.ByteVarOf<kotlin.Byte>>' to 'kotlinx.cinterop.CPointer<kotlinx.cinterop.UByteVarOf<kotlin.UByte>>?'.
iOS Build Check	Build iOS Framework	2026-01-02T04:02:34.8162670Z w: file:///Users/runner/work/kotlin-crypto-pure/kotlin-crypto-pure/src/nativeMain/kotlin/io/github/iml1s/crypto/Pbkdf2.native.kt:52:73 Unchecked cast of 'kotlinx.cinterop.CPointer<kotlinx.cinterop.ByteVarOf<kotlin.Byte>>' to 'kotlinx.cinterop.CPointer<kotlinx.cinterop.UByteVarOf<kotlin.UByte>>?'.
iOS Build Check	Build iOS Framework	2026-01-02T04:02:34.8164350Z w: file:///Users/runner/work/kotlin-crypto-pure/kotlin-crypto-pure/src/nativeMain/kotlin/io/github/iml1s/crypto/Pbkdf2.native.kt:86:68 Unchecked cast of 'kotlinx.cinterop.CPointer<kotlinx.cinterop.ByteVarOf<kotlin.Byte>>' to 'kotlinx.cinterop.CPointer<kotlinx.cinterop.UByteVarOf<kotlin.UByte>>?'.
iOS Build Check	Build iOS Framework	2026-01-02T04:02:34.8167010Z w: file:///Users/runner/work/kotlin-crypto-pure/kotlin-crypto-pure/src/nativeMain/kotlin/io/github/iml1s/crypto/Pbkdf2.native.kt:90:73 Unchecked cast of 'kotlinx.cinterop.CPointer<kotlinx.cinterop.ByteVarOf<kotlin.Byte>>' to 'kotlinx.cinterop.CPointer<kotlinx.cinterop.UByteVarOf<kotlin.UByte>>?'.
iOS Build Check	Build iOS Framework	2026-01-02T04:02:34.8169910Z w: file:///Users/runner/work/kotlin-crypto-pure/kotlin-crypto-pure/src/nativeMain/kotlin/io/github/iml1s/crypto/Pbkdf2.native.kt:110:16 This declaration needs opt-in. Its usage should be marked with '@kotlinx.cinterop.BetaInteropApi' or '@OptIn(kotlinx.cinterop.BetaInteropApi::class)'
iOS Build Check	Build iOS Framework	2026-01-02T04:02:34.8171730Z w: file:///Users/runner/work/kotlin-crypto-pure/kotlin-crypto-pure/src/nativeMain/kotlin/io/github/iml1s/crypto/Secp256k1Provider.watchos.kt:8:1 'expect'/'actual' classes (including interfaces, objects, annotations, enums, and 'actual' typealiases) are in Beta. You can use -Xexpect-actual-classes flag to suppress this warning. Also see: https://youtrack.jetbrains.com/issue/KT-61573
iOS Build Check	Build iOS Framework	2026-01-02T04:02:34.9135790Z 
iOS Build Check	Build iOS Framework	2026-01-02T04:02:34.9141460Z [Incubating] Problems report is available at: file:///Users/runner/work/kotlin-crypto-pure/kotlin-crypto-pure/build/reports/problems/problems-report.html
iOS Build Check	Build iOS Framework	2026-01-02T04:02:34.9149640Z 
iOS Build Check	Build iOS Framework	2026-01-02T04:02:34.9150220Z Deprecated Gradle features were used in this build, making it incompatible with Gradle 9.0.
iOS Build Check	Build iOS Framework	2026-01-02T04:02:34.9150700Z 
iOS Build Check	Build iOS Framework	2026-01-02T04:02:34.9151070Z You can use '--warning-mode all' to show the individual deprecation warnings and determine if they come from your own scripts or plugins.
iOS Build Check	Build iOS Framework	2026-01-02T04:02:34.9151610Z 
iOS Build Check	Build iOS Framework	2026-01-02T04:02:34.9152120Z For more on this, please refer to https://docs.gradle.org/8.13/userguide/command_line_interface.html#sec:command_line_warnings in the Gradle documentation.
iOS Build Check	Build iOS Framework	2026-01-02T04:02:34.9152670Z 
iOS Build Check	Build iOS Framework	2026-01-02T04:02:34.9152970Z BUILD SUCCESSFUL in 3m 17s
iOS Build Check	Build iOS Framework	2026-01-02T04:02:34.9153350Z 2 actionable tasks: 2 executed
iOS Build Check	Post Setup Gradle	ï»¿2026-01-02T04:02:36.5467380Z Post job cleanup.
iOS Build Check	Post Setup Gradle	2026-01-02T04:02:37.0783320Z In final post-action step, saving state and writing summary
iOS Build Check	Post Setup Gradle	2026-01-02T04:02:37.0901910Z Stopping all Gradle daemons before saving Gradle User Home state
iOS Build Check	Post Setup Gradle	2026-01-02T04:02:37.0993780Z Stopping Gradle daemons for /Users/runner/.gradle/wrapper/dists/gradle-8.13-all/54h0s9kvb6g2sinako7ub77ku/gradle-8.13
iOS Build Check	Post Setup Gradle	2026-01-02T04:02:37.1074980Z [command]/Users/runner/.gradle/wrapper/dists/gradle-8.13-all/54h0s9kvb6g2sinako7ub77ku/gradle-8.13/bin/gradle --stop
iOS Build Check	Post Setup Gradle	2026-01-02T04:02:38.0602600Z Stopping Daemon(s)
iOS Build Check	Post Setup Gradle	2026-01-02T04:02:38.0723390Z 1 Daemon stopped
iOS Build Check	Post Setup Gradle	2026-01-02T04:02:38.0796220Z ##[group]Caching Gradle state
iOS Build Check	Post Setup Gradle	2026-01-02T04:02:38.1381620Z Caching generated-gradle-jars with path '/Users/runner/.gradle/caches/8.13/generated-gradle-jars/gradle-api-8.13.jar' and cache key: generated-gradle-jars-697f81ec8d80712ce7da03f513960371
iOS Build Check	Post Setup Gradle	2026-01-02T04:02:38.1386150Z Caching wrapper-zips with path '/Users/runner/.gradle/wrapper/dists/gradle-8.13-all/54h0s9kvb6g2sinako7ub77ku' and cache key: wrapper-zips-27b0df0fa405636de00fcbfa0ab79410
iOS Build Check	Post Setup Gradle	2026-01-02T04:02:38.1984630Z [command]/opt/homebrew/bin/gtar --posix -cf cache.tzst --exclude cache.tzst -P -C /Users/runner/work/kotlin-crypto-pure/kotlin-crypto-pure --files-from manifest.txt --delay-directory-restore --use-compress-program zstdmt
iOS Build Check	Post Setup Gradle	2026-01-02T04:02:38.1986090Z [command]/opt/homebrew/bin/gtar --posix -cf cache.tzst --exclude cache.tzst -P -C /Users/runner/work/kotlin-crypto-pure/kotlin-crypto-pure --files-from manifest.txt --delay-directory-restore --use-compress-program zstdmt
iOS Build Check	Post Setup Gradle	2026-01-02T04:02:39.2744200Z Caching dependencies with path '/Users/runner/.gradle/caches/modules-*/files-*/*/*/*/*' and cache key: dependencies-f9b7dbd16d178c5614708f3d42a5989e
iOS Build Check	Post Setup Gradle	2026-01-02T04:02:39.4506530Z Caching instrumented-jars with path '/Users/runner/.gradle/caches/jars-*/*' and cache key: instrumented-jars-15ce2be0574bdabe8c37e37e72c3086c
iOS Build Check	Post Setup Gradle	2026-01-02T04:02:39.7449310Z Caching kotlin-dsl with path '/Users/runner/.gradle/caches/*/kotlin-dsl/*/*' and cache key: kotlin-dsl-89606222e8b4103f3fbff69ec804fe0a
iOS Build Check	Post Setup Gradle	2026-01-02T04:02:40.0735970Z [command]/opt/homebrew/bin/gtar --posix -cf cache.tzst --exclude cache.tzst -P -C /Users/runner/work/kotlin-crypto-pure/kotlin-crypto-pure --files-from manifest.txt --delay-directory-restore --use-compress-program zstdmt
iOS Build Check	Post Setup Gradle	2026-01-02T04:02:40.2116810Z [command]/opt/homebrew/bin/gtar --posix -cf cache.tzst --exclude cache.tzst -P -C /Users/runner/work/kotlin-crypto-pure/kotlin-crypto-pure --files-from manifest.txt --delay-directory-restore --use-compress-program zstdmt
iOS Build Check	Post Setup Gradle	2026-01-02T04:02:40.3468310Z ##[warning]Failed to save cache entry with path '/Users/runner/.gradle/caches/jars-*/*,zstd-without-long,1.0' and key: instrumented-jars-15ce2be0574bdabe8c37e37e72c3086c: Error: <h2>Our services aren't available right now</h2><p>We're working to restore all services as soon as possible. Please check back soon.</p>0YENXaQAAAAB9niKFelawQJ7CvbCqlYJFU04xRURHRTMwMjAARWRnZQ==
iOS Build Check	Post Setup Gradle	2026-01-02T04:02:40.3474930Z ##[warning]Failed to save cache entry with path '/Users/runner/.gradle/caches/8.13/generated-gradle-jars/gradle-api-8.13.jar,zstd-without-long,1.0' and key: generated-gradle-jars-697f81ec8d80712ce7da03f513960371: Error: <h2>Our services aren't available right now</h2><p>We're working to restore all services as soon as possible. Please check back soon.</p>0YENXaQAAAADXfkL1JkeeTI7AVDSGfL17U04xRURHRTMwMjAARWRnZQ==
iOS Build Check	Post Setup Gradle	2026-01-02T04:02:40.4991360Z [command]/opt/homebrew/bin/gtar --posix -cf cache.tzst --exclude cache.tzst -P -C /Users/runner/work/kotlin-crypto-pure/kotlin-crypto-pure --files-from manifest.txt --delay-directory-restore --use-compress-program zstdmt
iOS Build Check	Post Setup Gradle	2026-01-02T04:02:40.5397630Z ##[warning]Failed to save cache entry with path '/Users/runner/.gradle/caches/*/kotlin-dsl/*/*,zstd-without-long,1.0' and key: kotlin-dsl-89606222e8b4103f3fbff69ec804fe0a: Error: <h2>Our services aren't available right now</h2><p>We're working to restore all services as soon as possible. Please check back soon.</p>0YENXaQAAAACZOCuS10qNQJrBjAHevrbDU04xRURHRTMwMjAARWRnZQ==
iOS Build Check	Post Setup Gradle	2026-01-02T04:02:41.3120980Z ##[warning]Failed to save cache entry with path '/Users/runner/.gradle/caches/modules-*/files-*/*/*/*/*,zstd-without-long,1.0' and key: dependencies-f9b7dbd16d178c5614708f3d42a5989e: Error: <h2>Our services aren't available right now</h2><p>We're working to restore all services as soon as possible. Please check back soon.</p>0YUNXaQAAAAB2gKPrDYkCTIxwecvjdRxxU04xRURHRTMwMjAARWRnZQ==
iOS Build Check	Post Setup Gradle	2026-01-02T04:02:48.9181830Z ##[warning]Failed to save cache entry with path '/Users/runner/.gradle/wrapper/dists/gradle-8.13-all/54h0s9kvb6g2sinako7ub77ku,zstd-without-long,1.0' and key: wrapper-zips-27b0df0fa405636de00fcbfa0ab79410: Error: <h2>Our services aren't available right now</h2><p>We're working to restore all services as soon as possible. Please check back soon.</p>0aUNXaQAAAAB5peyVdhb9T5T6+LqRllBoU04xRURHRTIxMjEARWRnZQ==
iOS Build Check	Post Setup Gradle	2026-01-02T04:02:51.0540520Z Caching Gradle User Home with cache key: v8-gradle|macOS|ci-build-ios[37a6259cc0c1dae299a7866489dff0bd]-4e998e60946e4b8ed4a3edc845c24ade52c963ee
iOS Build Check	Post Setup Gradle	2026-01-02T04:02:51.0658540Z [command]/opt/homebrew/bin/gtar --posix -cf cache.tzst --exclude cache.tzst -P -C /Users/runner/work/kotlin-crypto-pure/kotlin-crypto-pure --files-from manifest.txt --delay-directory-restore --use-compress-program zstdmt
iOS Build Check	Post Setup Gradle	2026-01-02T04:03:17.7469310Z ##[warning]Failed to save cache entry with path '/Users/runner/.gradle/caches,/Users/runner/.gradle/notifications,/Users/runner/.gradle/.gradle-build-action,zstd-without-long,1.0' and key: v8-gradle|macOS|ci-build-ios[37a6259cc0c1dae299a7866489dff0bd]-4e998e60946e4b8ed4a3edc845c24ade52c963ee: Error: <h2>Our services aren't available right now</h2><p>We're working to restore all services as soon as possible. Please check back soon.</p>0hkNXaQAAAADZcokc+BL0S5s7DQIW0nJNU04xRURHRTE1MTcARWRnZQ==
iOS Build Check	Post Setup Gradle	2026-01-02T04:03:17.7493480Z ##[endgroup]
iOS Build Check	Post Setup Gradle	2026-01-02T04:03:17.7494060Z Writing job summary
iOS Build Check	Post Set up JDK 17	ï»¿2026-01-02T04:03:17.7959820Z Post job cleanup.
iOS Build Check	Post Run actions/checkout@v4	ï»¿2026-01-02T04:03:18.1626430Z Post job cleanup.
iOS Build Check	Post Run actions/checkout@v4	2026-01-02T04:03:18.4206210Z [command]/opt/homebrew/bin/git version
iOS Build Check	Post Run actions/checkout@v4	2026-01-02T04:03:18.5019080Z git version 2.50.1
iOS Build Check	Post Run actions/checkout@v4	2026-01-02T04:03:18.5047010Z Copying '/Users/runner/.gitconfig' to '/Users/runner/work/_temp/93c9e0da-30de-439b-a8ee-f46542314bbd/.gitconfig'
iOS Build Check	Post Run actions/checkout@v4	2026-01-02T04:03:18.5061040Z Temporarily overriding HOME='/Users/runner/work/_temp/93c9e0da-30de-439b-a8ee-f46542314bbd' before making global git config changes
iOS Build Check	Post Run actions/checkout@v4	2026-01-02T04:03:18.5064100Z Adding repository directory to the temporary git global config as a safe directory
iOS Build Check	Post Run actions/checkout@v4	2026-01-02T04:03:18.5065960Z [command]/opt/homebrew/bin/git config --global --add safe.directory /Users/runner/work/kotlin-crypto-pure/kotlin-crypto-pure
iOS Build Check	Post Run actions/checkout@v4	2026-01-02T04:03:18.5672990Z [command]/opt/homebrew/bin/git config --local --name-only --get-regexp core\.sshCommand
iOS Build Check	Post Run actions/checkout@v4	2026-01-02T04:03:18.5707930Z [command]/opt/homebrew/bin/git submodule foreach --recursive sh -c "git config --local --name-only --get-regexp 'core\.sshCommand' && git config --local --unset-all 'core.sshCommand' || :"
iOS Build Check	Post Run actions/checkout@v4	2026-01-02T04:03:18.7626370Z [command]/opt/homebrew/bin/git config --local --name-only --get-regexp http\.https\:\/\/github\.com\/\.extraheader
iOS Build Check	Post Run actions/checkout@v4	2026-01-02T04:03:18.7685580Z http.https://github.com/.extraheader
iOS Build Check	Post Run actions/checkout@v4	2026-01-02T04:03:18.7694270Z [command]/opt/homebrew/bin/git config --local --unset-all http.https://github.com/.extraheader
iOS Build Check	Post Run actions/checkout@v4	2026-01-02T04:03:18.7845820Z [command]/opt/homebrew/bin/git submodule foreach --recursive sh -c "git config --local --name-only --get-regexp 'http\.https\:\/\/github\.com\/\.extraheader' && git config --local --unset-all 'http.https://github.com/.extraheader' || :"
iOS Build Check	Post Run actions/checkout@v4	2026-01-02T04:03:18.9812050Z [command]/opt/homebrew/bin/git config --local --name-only --get-regexp ^includeIf\.gitdir:
iOS Build Check	Post Run actions/checkout@v4	2026-01-02T04:03:18.9985330Z [command]/opt/homebrew/bin/git submodule foreach --recursive git config --local --show-origin --name-only --get-regexp remote.origin.url
iOS Build Check	Complete job	ï»¿2026-01-02T04:03:19.2370880Z Cleaning up orphan processes
