Android Unit Tests	UNKNOWN STEP	ï»¿2026-01-02T09:44:48.4428279Z Current runner version: '2.330.0'
Android Unit Tests	UNKNOWN STEP	2026-01-02T09:44:48.4461566Z ##[group]Runner Image Provisioner
Android Unit Tests	UNKNOWN STEP	2026-01-02T09:44:48.4462496Z Hosted Compute Agent
Android Unit Tests	UNKNOWN STEP	2026-01-02T09:44:48.4463010Z Version: 20251211.462
Android Unit Tests	UNKNOWN STEP	2026-01-02T09:44:48.4463611Z Commit: 6cbad8c2bb55d58165063d031ccabf57e2d2db61
Android Unit Tests	UNKNOWN STEP	2026-01-02T09:44:48.4464313Z Build Date: 2025-12-11T16:28:49Z
Android Unit Tests	UNKNOWN STEP	2026-01-02T09:44:48.4464983Z Worker ID: {402fda99-e218-46a5-81eb-0959284a2f6c}
Android Unit Tests	UNKNOWN STEP	2026-01-02T09:44:48.4465678Z ##[endgroup]
Android Unit Tests	UNKNOWN STEP	2026-01-02T09:44:48.4466202Z ##[group]Operating System
Android Unit Tests	UNKNOWN STEP	2026-01-02T09:44:48.4466793Z Ubuntu
Android Unit Tests	UNKNOWN STEP	2026-01-02T09:44:48.4467248Z 24.04.3
Android Unit Tests	UNKNOWN STEP	2026-01-02T09:44:48.4467744Z LTS
Android Unit Tests	UNKNOWN STEP	2026-01-02T09:44:48.4468174Z ##[endgroup]
Android Unit Tests	UNKNOWN STEP	2026-01-02T09:44:48.4468687Z ##[group]Runner Image
Android Unit Tests	UNKNOWN STEP	2026-01-02T09:44:48.4469176Z Image: ubuntu-24.04
Android Unit Tests	UNKNOWN STEP	2026-01-02T09:44:48.4469748Z Version: 20251215.174.1
Android Unit Tests	UNKNOWN STEP	2026-01-02T09:44:48.4470770Z Included Software: https://github.com/actions/runner-images/blob/ubuntu24/20251215.174/images/ubuntu/Ubuntu2404-Readme.md
Android Unit Tests	UNKNOWN STEP	2026-01-02T09:44:48.4472577Z Image Release: https://github.com/actions/runner-images/releases/tag/ubuntu24%2F20251215.174
Android Unit Tests	UNKNOWN STEP	2026-01-02T09:44:48.4473590Z ##[endgroup]
Android Unit Tests	UNKNOWN STEP	2026-01-02T09:44:48.4474678Z ##[group]GITHUB_TOKEN Permissions
Android Unit Tests	UNKNOWN STEP	2026-01-02T09:44:48.4476701Z Contents: read
Android Unit Tests	UNKNOWN STEP	2026-01-02T09:44:48.4477223Z Metadata: read
Android Unit Tests	UNKNOWN STEP	2026-01-02T09:44:48.4477826Z Packages: read
Android Unit Tests	UNKNOWN STEP	2026-01-02T09:44:48.4478364Z ##[endgroup]
Android Unit Tests	UNKNOWN STEP	2026-01-02T09:44:48.4480678Z Secret source: Actions
Android Unit Tests	UNKNOWN STEP	2026-01-02T09:44:48.4481730Z Prepare workflow directory
Android Unit Tests	UNKNOWN STEP	2026-01-02T09:44:48.5116887Z Prepare all required actions
Android Unit Tests	UNKNOWN STEP	2026-01-02T09:44:48.5172505Z Getting action download info
Android Unit Tests	UNKNOWN STEP	2026-01-02T09:44:48.8730073Z Download action repository 'actions/checkout@v4' (SHA:34e114876b0b11c390a56381ad16ebd13914f8d5)
Android Unit Tests	UNKNOWN STEP	2026-01-02T09:44:48.9905657Z Download action repository 'actions/setup-java@v4' (SHA:c1e323688fd81a25caa38c78aa6df2d33d3e20d9)
Android Unit Tests	UNKNOWN STEP	2026-01-02T09:44:49.6352882Z Download action repository 'gradle/gradle-build-action@v2' (SHA:a8f75513eafdebd8141bd1cd4e30fcd194af8dfa)
Android Unit Tests	UNKNOWN STEP	2026-01-02T09:44:50.2152509Z Download action repository 'actions/upload-artifact@v4' (SHA:ea165f8d65b6e75b540449e92b4886f43607fa02)
Android Unit Tests	UNKNOWN STEP	2026-01-02T09:44:50.4727165Z Complete job name: Android Unit Tests
Android Unit Tests	UNKNOWN STEP	2026-01-02T09:44:50.5475563Z ##[group]Run actions/checkout@v4
Android Unit Tests	UNKNOWN STEP	2026-01-02T09:44:50.5476849Z with:
Android Unit Tests	UNKNOWN STEP	2026-01-02T09:44:50.5477625Z   repository: ImL1s/kotlin-crypto-pure
Android Unit Tests	UNKNOWN STEP	2026-01-02T09:44:50.5478895Z   token: ***
Android Unit Tests	UNKNOWN STEP	2026-01-02T09:44:50.5479620Z   ssh-strict: true
Android Unit Tests	UNKNOWN STEP	2026-01-02T09:44:50.5480439Z   ssh-user: git
Android Unit Tests	UNKNOWN STEP	2026-01-02T09:44:50.5481373Z   persist-credentials: true
Android Unit Tests	UNKNOWN STEP	2026-01-02T09:44:50.5482238Z   clean: true
Android Unit Tests	UNKNOWN STEP	2026-01-02T09:44:50.5483015Z   sparse-checkout-cone-mode: true
Android Unit Tests	UNKNOWN STEP	2026-01-02T09:44:50.5483969Z   fetch-depth: 1
Android Unit Tests	UNKNOWN STEP	2026-01-02T09:44:50.5484734Z   fetch-tags: false
Android Unit Tests	UNKNOWN STEP	2026-01-02T09:44:50.5485520Z   show-progress: true
Android Unit Tests	UNKNOWN STEP	2026-01-02T09:44:50.5486310Z   lfs: false
Android Unit Tests	UNKNOWN STEP	2026-01-02T09:44:50.5487036Z   submodules: false
Android Unit Tests	UNKNOWN STEP	2026-01-02T09:44:50.5487820Z   set-safe-directory: true
Android Unit Tests	UNKNOWN STEP	2026-01-02T09:44:50.5488940Z env:
Android Unit Tests	UNKNOWN STEP	2026-01-02T09:44:50.5489933Z   GITHUB_TOKEN: ***
Android Unit Tests	UNKNOWN STEP	2026-01-02T09:44:50.5490702Z   GITHUB_ACTOR: ImL1s
Android Unit Tests	UNKNOWN STEP	2026-01-02T09:44:50.5491712Z ##[endgroup]
Android Unit Tests	UNKNOWN STEP	2026-01-02T09:44:50.6569016Z Syncing repository: ImL1s/kotlin-crypto-pure
Android Unit Tests	UNKNOWN STEP	2026-01-02T09:44:50.6572249Z ##[group]Getting Git version info
Android Unit Tests	UNKNOWN STEP	2026-01-02T09:44:50.6573794Z Working directory is '/home/runner/work/kotlin-crypto-pure/kotlin-crypto-pure'
Android Unit Tests	UNKNOWN STEP	2026-01-02T09:44:50.6575807Z [command]/usr/bin/git version
Android Unit Tests	UNKNOWN STEP	2026-01-02T09:44:50.6636203Z git version 2.52.0
Android Unit Tests	UNKNOWN STEP	2026-01-02T09:44:50.6662528Z ##[endgroup]
Android Unit Tests	UNKNOWN STEP	2026-01-02T09:44:50.6676481Z Temporarily overriding HOME='/home/runner/work/_temp/dba3160f-eb7f-4d87-a307-384657f14b2d' before making global git config changes
Android Unit Tests	UNKNOWN STEP	2026-01-02T09:44:50.6679124Z Adding repository directory to the temporary git global config as a safe directory
Android Unit Tests	UNKNOWN STEP	2026-01-02T09:44:50.6688488Z [command]/usr/bin/git config --global --add safe.directory /home/runner/work/kotlin-crypto-pure/kotlin-crypto-pure
Android Unit Tests	UNKNOWN STEP	2026-01-02T09:44:50.6729604Z Deleting the contents of '/home/runner/work/kotlin-crypto-pure/kotlin-crypto-pure'
Android Unit Tests	UNKNOWN STEP	2026-01-02T09:44:50.6732928Z ##[group]Initializing the repository
Android Unit Tests	UNKNOWN STEP	2026-01-02T09:44:50.6737140Z [command]/usr/bin/git init /home/runner/work/kotlin-crypto-pure/kotlin-crypto-pure
Android Unit Tests	UNKNOWN STEP	2026-01-02T09:44:50.6843035Z hint: Using 'master' as the name for the initial branch. This default branch name
Android Unit Tests	UNKNOWN STEP	2026-01-02T09:44:50.6844964Z hint: will change to "main" in Git 3.0. To configure the initial branch name
Android Unit Tests	UNKNOWN STEP	2026-01-02T09:44:50.6847323Z hint: to use in all of your new repositories, which will suppress this warning,
Android Unit Tests	UNKNOWN STEP	2026-01-02T09:44:50.6848729Z hint: call:
Android Unit Tests	UNKNOWN STEP	2026-01-02T09:44:50.6849435Z hint:
Android Unit Tests	UNKNOWN STEP	2026-01-02T09:44:50.6850328Z hint: 	git config --global init.defaultBranch <name>
Android Unit Tests	UNKNOWN STEP	2026-01-02T09:44:50.6852103Z hint:
Android Unit Tests	UNKNOWN STEP	2026-01-02T09:44:50.6853182Z hint: Names commonly chosen instead of 'master' are 'main', 'trunk' and
Android Unit Tests	UNKNOWN STEP	2026-01-02T09:44:50.6855096Z hint: 'development'. The just-created branch can be renamed via this command:
Android Unit Tests	UNKNOWN STEP	2026-01-02T09:44:50.6856755Z hint:
Android Unit Tests	UNKNOWN STEP	2026-01-02T09:44:50.6857487Z hint: 	git branch -m <name>
Android Unit Tests	UNKNOWN STEP	2026-01-02T09:44:50.6858322Z hint:
Android Unit Tests	UNKNOWN STEP	2026-01-02T09:44:50.6859458Z hint: Disable this message with "git config set advice.defaultBranchName false"
Android Unit Tests	UNKNOWN STEP	2026-01-02T09:44:50.6861874Z Initialized empty Git repository in /home/runner/work/kotlin-crypto-pure/kotlin-crypto-pure/.git/
Android Unit Tests	UNKNOWN STEP	2026-01-02T09:44:50.6865135Z [command]/usr/bin/git remote add origin https://github.com/ImL1s/kotlin-crypto-pure
Android Unit Tests	UNKNOWN STEP	2026-01-02T09:44:50.6893284Z ##[endgroup]
Android Unit Tests	UNKNOWN STEP	2026-01-02T09:44:50.6894608Z ##[group]Disabling automatic garbage collection
Android Unit Tests	UNKNOWN STEP	2026-01-02T09:44:50.6896658Z [command]/usr/bin/git config --local gc.auto 0
Android Unit Tests	UNKNOWN STEP	2026-01-02T09:44:50.6926789Z ##[endgroup]
Android Unit Tests	UNKNOWN STEP	2026-01-02T09:44:50.6929070Z ##[group]Setting up auth
Android Unit Tests	UNKNOWN STEP	2026-01-02T09:44:50.6934297Z [command]/usr/bin/git config --local --name-only --get-regexp core\.sshCommand
Android Unit Tests	UNKNOWN STEP	2026-01-02T09:44:50.6966439Z [command]/usr/bin/git submodule foreach --recursive sh -c "git config --local --name-only --get-regexp 'core\.sshCommand' && git config --local --unset-all 'core.sshCommand' || :"
Android Unit Tests	UNKNOWN STEP	2026-01-02T09:44:50.7308955Z [command]/usr/bin/git config --local --name-only --get-regexp http\.https\:\/\/github\.com\/\.extraheader
Android Unit Tests	UNKNOWN STEP	2026-01-02T09:44:50.7338622Z [command]/usr/bin/git submodule foreach --recursive sh -c "git config --local --name-only --get-regexp 'http\.https\:\/\/github\.com\/\.extraheader' && git config --local --unset-all 'http.https://github.com/.extraheader' || :"
Android Unit Tests	UNKNOWN STEP	2026-01-02T09:44:50.7554661Z [command]/usr/bin/git config --local --name-only --get-regexp ^includeIf\.gitdir:
Android Unit Tests	UNKNOWN STEP	2026-01-02T09:44:50.7583421Z [command]/usr/bin/git submodule foreach --recursive git config --local --show-origin --name-only --get-regexp remote.origin.url
Android Unit Tests	UNKNOWN STEP	2026-01-02T09:44:50.7809816Z [command]/usr/bin/git config --local http.https://github.com/.extraheader AUTHORIZATION: basic ***
Android Unit Tests	UNKNOWN STEP	2026-01-02T09:44:50.7843742Z ##[endgroup]
Android Unit Tests	UNKNOWN STEP	2026-01-02T09:44:50.7851706Z ##[group]Fetching the repository
Android Unit Tests	UNKNOWN STEP	2026-01-02T09:44:50.7856076Z [command]/usr/bin/git -c protocol.version=2 fetch --no-tags --prune --no-recurse-submodules --depth=1 origin +fa7978ba9472e1dd9ea57b209ced34cae62dbe1b:refs/remotes/origin/main
Android Unit Tests	UNKNOWN STEP	2026-01-02T09:44:51.1947601Z From https://github.com/ImL1s/kotlin-crypto-pure
Android Unit Tests	UNKNOWN STEP	2026-01-02T09:44:51.1951612Z  * [new ref]         fa7978ba9472e1dd9ea57b209ced34cae62dbe1b -> origin/main
Android Unit Tests	UNKNOWN STEP	2026-01-02T09:44:51.1985608Z ##[endgroup]
Android Unit Tests	UNKNOWN STEP	2026-01-02T09:44:51.1988100Z ##[group]Determining the checkout info
Android Unit Tests	UNKNOWN STEP	2026-01-02T09:44:51.1991118Z ##[endgroup]
Android Unit Tests	UNKNOWN STEP	2026-01-02T09:44:51.1993735Z [command]/usr/bin/git sparse-checkout disable
Android Unit Tests	UNKNOWN STEP	2026-01-02T09:44:51.2036529Z [command]/usr/bin/git config --local --unset-all extensions.worktreeConfig
Android Unit Tests	UNKNOWN STEP	2026-01-02T09:44:51.2063777Z ##[group]Checking out the ref
Android Unit Tests	UNKNOWN STEP	2026-01-02T09:44:51.2066208Z [command]/usr/bin/git checkout --progress --force -B main refs/remotes/origin/main
Android Unit Tests	UNKNOWN STEP	2026-01-02T09:44:51.2270310Z Switched to a new branch 'main'
Android Unit Tests	UNKNOWN STEP	2026-01-02T09:44:51.2272422Z branch 'main' set up to track 'origin/main'.
Android Unit Tests	UNKNOWN STEP	2026-01-02T09:44:51.2281744Z ##[endgroup]
Android Unit Tests	UNKNOWN STEP	2026-01-02T09:44:51.2315235Z [command]/usr/bin/git log -1 --format=%H
Android Unit Tests	UNKNOWN STEP	2026-01-02T09:44:51.2337302Z fa7978ba9472e1dd9ea57b209ced34cae62dbe1b
Android Unit Tests	UNKNOWN STEP	2026-01-02T09:44:51.2651827Z ##[group]Run actions/setup-java@v4
Android Unit Tests	UNKNOWN STEP	2026-01-02T09:44:51.2652982Z with:
Android Unit Tests	UNKNOWN STEP	2026-01-02T09:44:51.2653662Z   java-version: 17
Android Unit Tests	UNKNOWN STEP	2026-01-02T09:44:51.2654401Z   distribution: temurin
Android Unit Tests	UNKNOWN STEP	2026-01-02T09:44:51.2655201Z   java-package: jdk
Android Unit Tests	UNKNOWN STEP	2026-01-02T09:44:51.2655946Z   check-latest: false
Android Unit Tests	UNKNOWN STEP	2026-01-02T09:44:51.2656716Z   server-id: github
Android Unit Tests	UNKNOWN STEP	2026-01-02T09:44:51.2657496Z   server-username: GITHUB_ACTOR
Android Unit Tests	UNKNOWN STEP	2026-01-02T09:44:51.2658400Z   server-password: GITHUB_TOKEN
Android Unit Tests	UNKNOWN STEP	2026-01-02T09:44:51.2659303Z   overwrite-settings: true
Android Unit Tests	UNKNOWN STEP	2026-01-02T09:44:51.2660125Z   job-status: success
Android Unit Tests	UNKNOWN STEP	2026-01-02T09:44:51.2661156Z   token: ***
Android Unit Tests	UNKNOWN STEP	2026-01-02T09:44:51.2661978Z env:
Android Unit Tests	UNKNOWN STEP	2026-01-02T09:44:51.2662891Z   GITHUB_TOKEN: ***
Android Unit Tests	UNKNOWN STEP	2026-01-02T09:44:51.2663630Z   GITHUB_ACTOR: ImL1s
Android Unit Tests	UNKNOWN STEP	2026-01-02T09:44:51.2664389Z ##[endgroup]
Android Unit Tests	UNKNOWN STEP	2026-01-02T09:44:51.4675577Z ##[group]Installed distributions
Android Unit Tests	UNKNOWN STEP	2026-01-02T09:44:51.4754375Z Resolved Java 17.0.17+10 from tool-cache
Android Unit Tests	UNKNOWN STEP	2026-01-02T09:44:51.4756182Z Setting Java 17.0.17+10 as the default
Android Unit Tests	UNKNOWN STEP	2026-01-02T09:44:51.4760443Z Creating toolchains.xml for JDK version 17 from temurin
Android Unit Tests	UNKNOWN STEP	2026-01-02T09:44:51.4836524Z Writing to /home/runner/.m2/toolchains.xml
Android Unit Tests	UNKNOWN STEP	2026-01-02T09:44:51.4837807Z 
Android Unit Tests	UNKNOWN STEP	2026-01-02T09:44:51.4838384Z Java configuration:
Android Unit Tests	UNKNOWN STEP	2026-01-02T09:44:51.4839753Z   Distribution: temurin
Android Unit Tests	UNKNOWN STEP	2026-01-02T09:44:51.4842833Z   Version: 17.0.17+10
Android Unit Tests	UNKNOWN STEP	2026-01-02T09:44:51.4846051Z   Path: /opt/hostedtoolcache/Java_Temurin-Hotspot_jdk/17.0.17-10/x64
Android Unit Tests	UNKNOWN STEP	2026-01-02T09:44:51.4847673Z 
Android Unit Tests	UNKNOWN STEP	2026-01-02T09:44:51.4848976Z ##[endgroup]
Android Unit Tests	UNKNOWN STEP	2026-01-02T09:44:51.4867272Z Creating settings.xml with server-id: github
Android Unit Tests	UNKNOWN STEP	2026-01-02T09:44:51.4871573Z Writing to /home/runner/.m2/settings.xml
Android Unit Tests	UNKNOWN STEP	2026-01-02T09:44:51.5145932Z ##[group]Run gradle/gradle-build-action@v2
Android Unit Tests	UNKNOWN STEP	2026-01-02T09:44:51.5146961Z with:
Android Unit Tests	UNKNOWN STEP	2026-01-02T09:44:51.5147651Z   cache-disabled: false
Android Unit Tests	UNKNOWN STEP	2026-01-02T09:44:51.5148457Z   cache-read-only: false
Android Unit Tests	UNKNOWN STEP	2026-01-02T09:44:51.5149283Z   cache-write-only: false
Android Unit Tests	UNKNOWN STEP	2026-01-02T09:44:51.5150150Z   cache-overwrite-existing: false
Android Unit Tests	UNKNOWN STEP	2026-01-02T09:44:51.5151204Z   gradle-home-cache-includes: caches
Android Unit Tests	UNKNOWN STEP	notifications
Android Unit Tests	UNKNOWN STEP	
Android Unit Tests	UNKNOWN STEP	2026-01-02T09:44:51.5152592Z   gradle-home-cache-cleanup: false
Android Unit Tests	UNKNOWN STEP	2026-01-02T09:44:51.5153567Z   generate-job-summary: true
Android Unit Tests	UNKNOWN STEP	2026-01-02T09:44:51.5154453Z   dependency-graph: disabled
Android Unit Tests	UNKNOWN STEP	2026-01-02T09:44:51.5155364Z   gradle-home-cache-strict-match: false
Android Unit Tests	UNKNOWN STEP	2026-01-02T09:44:51.5156361Z   workflow-job-context: null
Android Unit Tests	UNKNOWN STEP	2026-01-02T09:44:51.5157579Z   github-token: ***
Android Unit Tests	UNKNOWN STEP	2026-01-02T09:44:51.5158289Z env:
Android Unit Tests	UNKNOWN STEP	2026-01-02T09:44:51.5159187Z   GITHUB_TOKEN: ***
Android Unit Tests	UNKNOWN STEP	2026-01-02T09:44:51.5159942Z   GITHUB_ACTOR: ImL1s
Android Unit Tests	UNKNOWN STEP	2026-01-02T09:44:51.5161063Z   JAVA_HOME: /opt/hostedtoolcache/Java_Temurin-Hotspot_jdk/17.0.17-10/x64
Android Unit Tests	UNKNOWN STEP	2026-01-02T09:44:51.5163014Z   JAVA_HOME_17_X64: /opt/hostedtoolcache/Java_Temurin-Hotspot_jdk/17.0.17-10/x64
Android Unit Tests	UNKNOWN STEP	2026-01-02T09:44:51.5164317Z ##[endgroup]
Android Unit Tests	UNKNOWN STEP	2026-01-02T09:44:51.7845455Z ##[group]Restore Gradle state from cache
Android Unit Tests	UNKNOWN STEP	2026-01-02T09:44:51.9097616Z ##[warning]Failed to restore v8-gradle|Linux|ci-test-android[37a6259cc0c1dae299a7866489dff0bd]-fa7978ba9472e1dd9ea57b209ced34cae62dbe1b: Error: Cache service responded with 400
Android Unit Tests	UNKNOWN STEP	2026-01-02T09:44:51.9124322Z Gradle User Home cache not found. Will initialize empty.
Android Unit Tests	UNKNOWN STEP	2026-01-02T09:44:51.9127031Z ##[endgroup]
Android Unit Tests	UNKNOWN STEP	2026-01-02T09:44:51.9268239Z ##[group]Run ./gradlew testDebugUnitTest --continue
Android Unit Tests	UNKNOWN STEP	2026-01-02T09:44:51.9269475Z [36;1m./gradlew testDebugUnitTest --continue[0m
Android Unit Tests	UNKNOWN STEP	2026-01-02T09:44:51.9309246Z shell: /usr/bin/bash -e {0}
Android Unit Tests	UNKNOWN STEP	2026-01-02T09:44:51.9310086Z env:
Android Unit Tests	UNKNOWN STEP	2026-01-02T09:44:51.9311115Z   GITHUB_TOKEN: ***
Android Unit Tests	UNKNOWN STEP	2026-01-02T09:44:51.9312075Z   GITHUB_ACTOR: ImL1s
Android Unit Tests	UNKNOWN STEP	2026-01-02T09:44:51.9313205Z   JAVA_HOME: /opt/hostedtoolcache/Java_Temurin-Hotspot_jdk/17.0.17-10/x64
Android Unit Tests	UNKNOWN STEP	2026-01-02T09:44:51.9314877Z   JAVA_HOME_17_X64: /opt/hostedtoolcache/Java_Temurin-Hotspot_jdk/17.0.17-10/x64
Android Unit Tests	UNKNOWN STEP	2026-01-02T09:44:51.9316258Z   GRADLE_BUILD_ACTION_SETUP_COMPLETED: true
Android Unit Tests	UNKNOWN STEP	2026-01-02T09:44:51.9317290Z   GRADLE_BUILD_ACTION_CACHE_RESTORED: true
Android Unit Tests	UNKNOWN STEP	2026-01-02T09:44:51.9318229Z ##[endgroup]
Android Unit Tests	UNKNOWN STEP	2026-01-02T09:44:52.2868396Z Downloading https://services.gradle.org/distributions/gradle-8.13-all.zip
Android Unit Tests	UNKNOWN STEP	2026-01-02T09:44:55.0823918Z ......................10%......................20%......................30%......................40%......................50%......................60%......................70%.......................80%......................90%......................100%
Android Unit Tests	UNKNOWN STEP	2026-01-02T09:44:59.4026651Z 
Android Unit Tests	UNKNOWN STEP	2026-01-02T09:44:59.4028169Z Welcome to Gradle 8.13!
Android Unit Tests	UNKNOWN STEP	2026-01-02T09:44:59.4028490Z 
Android Unit Tests	UNKNOWN STEP	2026-01-02T09:44:59.4030124Z Here are the highlights of this release:
Android Unit Tests	UNKNOWN STEP	2026-01-02T09:44:59.4031404Z  - Daemon JVM auto-provisioning
Android Unit Tests	UNKNOWN STEP	2026-01-02T09:44:59.4032986Z  - Enhancements for Scala plugin and JUnit testing
Android Unit Tests	UNKNOWN STEP	2026-01-02T09:44:59.4042276Z  - Improvements for build authors and plugin developers
Android Unit Tests	UNKNOWN STEP	2026-01-02T09:44:59.4042746Z 
Android Unit Tests	UNKNOWN STEP	2026-01-02T09:44:59.4043155Z For more details see https://docs.gradle.org/8.13/release-notes.html
Android Unit Tests	UNKNOWN STEP	2026-01-02T09:44:59.4043664Z 
Android Unit Tests	UNKNOWN STEP	2026-01-02T09:44:59.4980047Z Starting a Gradle Daemon (subsequent builds will be faster)
Android Unit Tests	UNKNOWN STEP	2026-01-02T09:45:57.0989860Z 
Android Unit Tests	UNKNOWN STEP	2026-01-02T09:45:57.1019947Z > Configure project :
Android Unit Tests	UNKNOWN STEP	2026-01-02T09:45:57.1041436Z w: file:///home/runner/work/kotlin-crypto-pure/kotlin-crypto-pure/build.gradle.kts:26:21: 'defFile: File' is deprecated. Deprecated because it is a non-lazy property.
Android Unit Tests	UNKNOWN STEP	2026-01-02T09:45:57.1043416Z w: file:///home/runner/work/kotlin-crypto-pure/kotlin-crypto-pure/build.gradle.kts:37:21: 'defFile: File' is deprecated. Deprecated because it is a non-lazy property.
Android Unit Tests	UNKNOWN STEP	2026-01-02T09:45:57.1045301Z w: file:///home/runner/work/kotlin-crypto-pure/kotlin-crypto-pure/build.gradle.kts:48:21: 'defFile: File' is deprecated. Deprecated because it is a non-lazy property.
Android Unit Tests	UNKNOWN STEP	2026-01-02T09:45:57.1047203Z w: file:///home/runner/work/kotlin-crypto-pure/kotlin-crypto-pure/build.gradle.kts:60:21: 'defFile: File' is deprecated. Deprecated because it is a non-lazy property.
Android Unit Tests	UNKNOWN STEP	2026-01-02T09:45:57.1049128Z w: file:///home/runner/work/kotlin-crypto-pure/kotlin-crypto-pure/build.gradle.kts:71:21: 'defFile: File' is deprecated. Deprecated because it is a non-lazy property.
Android Unit Tests	UNKNOWN STEP	2026-01-02T09:45:57.1051070Z w: file:///home/runner/work/kotlin-crypto-pure/kotlin-crypto-pure/build.gradle.kts:82:21: 'defFile: File' is deprecated. Deprecated because it is a non-lazy property.
Android Unit Tests	UNKNOWN STEP	2026-01-02T09:45:58.4993351Z w: The following Kotlin/Native targets cannot be built on this machine and are disabled:
Android Unit Tests	UNKNOWN STEP	2026-01-02T09:45:58.4994413Z iosArm64, iosSimulatorArm64, iosX64, watchosArm64, watchosSimulatorArm64, watchosX64
Android Unit Tests	UNKNOWN STEP	2026-01-02T09:45:58.4995449Z To hide this message, add 'kotlin.native.ignoreDisabledTargets=true' to the Gradle properties.
Android Unit Tests	UNKNOWN STEP	2026-01-02T09:45:58.4996054Z 
Android Unit Tests	UNKNOWN STEP	2026-01-02T09:45:58.4996542Z w: The Default Kotlin Hierarchy Template was not applied to 'root project 'kotlin-crypto-pure'':
Android Unit Tests	UNKNOWN STEP	2026-01-02T09:45:58.4997512Z Explicit .dependsOn() edges were configured for the following source sets:
Android Unit Tests	UNKNOWN STEP	2026-01-02T09:45:58.4999626Z [iosArm64Main, iosArm64Test, iosMain, iosSimulatorArm64Main, iosSimulatorArm64Test, iosX64Main, iosX64Test, jvmMain, jvmTest, nativeMain, nativeTest, watchosArm64Main, watchosArm64Test, watchosMain, watchosSimulatorArm64Main, watchosSimulatorArm64Test, watchosX64Main, watchosX64Test]
Android Unit Tests	UNKNOWN STEP	2026-01-02T09:45:58.5001761Z 
Android Unit Tests	UNKNOWN STEP	2026-01-02T09:45:58.5002565Z Consider removing dependsOn-calls or disabling the default template by adding
Android Unit Tests	UNKNOWN STEP	2026-01-02T09:45:58.5003671Z     'kotlin.mpp.applyDefaultHierarchyTemplate=false'
Android Unit Tests	UNKNOWN STEP	2026-01-02T09:45:58.5033657Z to your gradle.properties
Android Unit Tests	UNKNOWN STEP	2026-01-02T09:45:58.5033962Z 
Android Unit Tests	UNKNOWN STEP	2026-01-02T09:45:58.5034354Z Learn more about hierarchy templates: https://kotl.in/hierarchy-template
Android Unit Tests	UNKNOWN STEP	2026-01-02T09:45:58.5034876Z 
Android Unit Tests	UNKNOWN STEP	2026-01-02T09:45:59.0979375Z WARNING: We recommend using a newer Android Gradle plugin to use compileSdk = 35
Android Unit Tests	UNKNOWN STEP	2026-01-02T09:45:59.0983245Z 
Android Unit Tests	UNKNOWN STEP	2026-01-02T09:45:59.0986888Z This Android Gradle plugin (8.5.2) was tested up to compileSdk = 34.
Android Unit Tests	UNKNOWN STEP	2026-01-02T09:45:59.0990374Z 
Android Unit Tests	UNKNOWN STEP	2026-01-02T09:45:59.0994765Z You are strongly encouraged to update your project to use a newer
Android Unit Tests	UNKNOWN STEP	2026-01-02T09:45:59.0999687Z Android Gradle plugin that has been tested with compileSdk = 35.
Android Unit Tests	UNKNOWN STEP	2026-01-02T09:45:59.1002812Z 
Android Unit Tests	UNKNOWN STEP	2026-01-02T09:45:59.1025487Z If you are already using the latest version of the Android Gradle plugin,
Android Unit Tests	UNKNOWN STEP	2026-01-02T09:45:59.1026830Z you may need to wait until a newer version with support for compileSdk = 35 is available.
Android Unit Tests	UNKNOWN STEP	2026-01-02T09:45:59.1028233Z 
Android Unit Tests	UNKNOWN STEP	2026-01-02T09:45:59.1028754Z For more information refer to the compatibility table:
Android Unit Tests	UNKNOWN STEP	2026-01-02T09:45:59.1029467Z https://d.android.com/r/tools/api-level-support
Android Unit Tests	UNKNOWN STEP	2026-01-02T09:45:59.1029942Z 
Android Unit Tests	UNKNOWN STEP	2026-01-02T09:45:59.1030252Z To suppress this warning, add/update
Android Unit Tests	UNKNOWN STEP	2026-01-02T09:45:59.1030827Z     android.suppressUnsupportedCompileSdk=35
Android Unit Tests	UNKNOWN STEP	2026-01-02T09:45:59.1031810Z to this project's gradle.properties.
Android Unit Tests	UNKNOWN STEP	2026-01-02T09:45:59.5977690Z 
Android Unit Tests	UNKNOWN STEP	2026-01-02T09:45:59.5984604Z > Task :checkKotlinGradlePluginConfigurationErrors SKIPPED
Android Unit Tests	UNKNOWN STEP	2026-01-02T09:45:59.5985125Z > Task :preBuild UP-TO-DATE
Android Unit Tests	UNKNOWN STEP	2026-01-02T09:45:59.5985443Z > Task :preDebugBuild UP-TO-DATE
Android Unit Tests	UNKNOWN STEP	2026-01-02T09:45:59.6979737Z > Task :generateDebugResValues
Android Unit Tests	UNKNOWN STEP	2026-01-02T09:45:59.6985071Z > Task :generateDebugResources
Android Unit Tests	UNKNOWN STEP	2026-01-02T09:45:59.7978174Z > Task :packageDebugResources
Android Unit Tests	UNKNOWN STEP	2026-01-02T09:46:00.7013220Z > Task :preDebugUnitTestBuild UP-TO-DATE
Android Unit Tests	UNKNOWN STEP	2026-01-02T09:46:00.7013756Z > Task :javaPreCompileDebugUnitTest
Android Unit Tests	UNKNOWN STEP	2026-01-02T09:46:00.7014233Z > Task :javaPreCompileDebug
Android Unit Tests	UNKNOWN STEP	2026-01-02T09:46:00.7991592Z > Task :parseDebugLocalResources
Android Unit Tests	UNKNOWN STEP	2026-01-02T09:46:00.7992176Z > Task :generateDebugRFile
Android Unit Tests	UNKNOWN STEP	2026-01-02T09:46:14.0979652Z > Task :generateDebugUnitTestStubRFile
Android Unit Tests	UNKNOWN STEP	2026-01-02T09:46:24.1977907Z 
Android Unit Tests	UNKNOWN STEP	2026-01-02T09:46:24.1978703Z > Task :compileDebugKotlinAndroid
Android Unit Tests	UNKNOWN STEP	2026-01-02T09:46:24.2009198Z w: file:///home/runner/work/kotlin-crypto-pure/kotlin-crypto-pure/src/androidMain/kotlin/io/github/iml1s/crypto/AesGcm.android.kt:24:1 'expect'/'actual' classes (including interfaces, objects, annotations, enums, and 'actual' typealiases) are in Beta. You can use -Xexpect-actual-classes flag to suppress this warning. Also see: https://youtrack.jetbrains.com/issue/KT-61573
Android Unit Tests	UNKNOWN STEP	2026-01-02T09:46:24.2014448Z w: file:///home/runner/work/kotlin-crypto-pure/kotlin-crypto-pure/src/androidMain/kotlin/io/github/iml1s/crypto/Secp256k1Provider.android.kt:9:1 'expect'/'actual' classes (including interfaces, objects, annotations, enums, and 'actual' typealiases) are in Beta. You can use -Xexpect-actual-classes flag to suppress this warning. Also see: https://youtrack.jetbrains.com/issue/KT-61573
Android Unit Tests	UNKNOWN STEP	2026-01-02T09:46:24.2034079Z w: file:///home/runner/work/kotlin-crypto-pure/kotlin-crypto-pure/src/commonMain/kotlin/io/github/iml1s/crypto/AesGcm.kt:78:1 'expect'/'actual' classes (including interfaces, objects, annotations, enums, and 'actual' typealiases) are in Beta. You can use -Xexpect-actual-classes flag to suppress this warning. Also see: https://youtrack.jetbrains.com/issue/KT-61573
Android Unit Tests	UNKNOWN STEP	2026-01-02T09:46:24.2037392Z w: file:///home/runner/work/kotlin-crypto-pure/kotlin-crypto-pure/src/commonMain/kotlin/io/github/iml1s/crypto/Digest.kt:61:13 Check for instance is always 'true'.
Android Unit Tests	UNKNOWN STEP	2026-01-02T09:46:24.2039406Z w: file:///home/runner/work/kotlin-crypto-pure/kotlin-crypto-pure/src/commonMain/kotlin/io/github/iml1s/crypto/Digest.kt:80:13 Check for instance is always 'true'.
Android Unit Tests	UNKNOWN STEP	2026-01-02T09:46:24.2043281Z w: file:///home/runner/work/kotlin-crypto-pure/kotlin-crypto-pure/src/commonMain/kotlin/io/github/iml1s/crypto/Secp256k1Provider.kt:12:1 'expect'/'actual' classes (including interfaces, objects, annotations, enums, and 'actual' typealiases) are in Beta. You can use -Xexpect-actual-classes flag to suppress this warning. Also see: https://youtrack.jetbrains.com/issue/KT-61573
Android Unit Tests	UNKNOWN STEP	2026-01-02T09:46:24.2983904Z 
Android Unit Tests	UNKNOWN STEP	2026-01-02T09:46:24.2987013Z > Task :compileDebugJavaWithJavac NO-SOURCE
Android Unit Tests	UNKNOWN STEP	2026-01-02T09:46:24.2987827Z > Task :bundleLibRuntimeToJarDebug
Android Unit Tests	UNKNOWN STEP	2026-01-02T09:46:24.2988241Z > Task :processDebugJavaRes
Android Unit Tests	UNKNOWN STEP	2026-01-02T09:46:24.2992758Z > Task :bundleLibCompileToJarDebug
Android Unit Tests	UNKNOWN STEP	2026-01-02T09:46:26.3977407Z 
Android Unit Tests	UNKNOWN STEP	2026-01-02T09:46:26.3981932Z > Task :compileDebugUnitTestKotlinAndroid FAILED
Android Unit Tests	UNKNOWN STEP	2026-01-02T09:46:26.4013660Z e: file:///home/runner/work/kotlin-crypto-pure/kotlin-crypto-pure/src/androidUnitTest/kotlin/io/github/iml1s/crypto/Bip39VectorTest.android.kt:17:21 'actual fun platformDeriveSeed(mnemonic: String, passphrase: String): ByteArray' has no corresponding expected declaration
Android Unit Tests	UNKNOWN STEP	2026-01-02T09:46:26.5003705Z 
Android Unit Tests	UNKNOWN STEP	2026-01-02T09:46:26.5004474Z 
Android Unit Tests	UNKNOWN STEP	2026-01-02T09:46:26.5005729Z FAILURE: Build failed with an exception.
Android Unit Tests	UNKNOWN STEP	2026-01-02T09:46:26.5006274Z 
Android Unit Tests	UNKNOWN STEP	2026-01-02T09:46:26.5006519Z * What went wrong:
Android Unit Tests	UNKNOWN STEP	2026-01-02T09:46:26.5007565Z Execution failed for task ':compileDebugUnitTestKotlinAndroid'.
Android Unit Tests	UNKNOWN STEP	2026-01-02T09:46:26.5008970Z > A failure occurred while executing org.jetbrains.kotlin.compilerRunner.GradleCompilerRunnerWithWorkers$GradleKotlinCompilerWorkAction
Android Unit Tests	UNKNOWN STEP	2026-01-02T09:46:26.5010287Z    > Compilation error. See log for more details
Android Unit Tests	UNKNOWN STEP	2026-01-02T09:46:26.5010751Z 
Android Unit Tests	UNKNOWN STEP	2026-01-02T09:46:26.5027896Z * Try:
Android Unit Tests	UNKNOWN STEP	2026-01-02T09:46:26.5028892Z [Incubating] Problems report is available at: file:///home/runner/work/kotlin-crypto-pure/kotlin-crypto-pure/build/reports/problems/problems-report.html
Android Unit Tests	UNKNOWN STEP	2026-01-02T09:46:26.5030219Z > Run with --stacktrace option to get the stack trace.
Android Unit Tests	UNKNOWN STEP	2026-01-02T09:46:26.5032689Z > Run with --info or --debug option to get more log output.
Android Unit Tests	UNKNOWN STEP	2026-01-02T09:46:26.5033084Z 
Android Unit Tests	UNKNOWN STEP	2026-01-02T09:46:26.5042451Z > Run with --scan to get full insights.
Android Unit Tests	UNKNOWN STEP	2026-01-02T09:46:26.5042993Z > Get more help at https://help.gradle.org.
Android Unit Tests	UNKNOWN STEP	2026-01-02T09:46:26.5043320Z 
Android Unit Tests	UNKNOWN STEP	2026-01-02T09:46:26.5043472Z BUILD FAILED in 1m 34s
Android Unit Tests	UNKNOWN STEP	2026-01-02T09:46:26.5044103Z Deprecated Gradle features were used in this build, making it incompatible with Gradle 9.0.
Android Unit Tests	UNKNOWN STEP	2026-01-02T09:46:26.5044671Z 
Android Unit Tests	UNKNOWN STEP	2026-01-02T09:46:26.5045319Z You can use '--warning-mode all' to show the individual deprecation warnings and determine if they come from your own scripts or plugins.
Android Unit Tests	UNKNOWN STEP	2026-01-02T09:46:26.5046102Z 
Android Unit Tests	UNKNOWN STEP	2026-01-02T09:46:26.5046909Z For more on this, please refer to https://docs.gradle.org/8.13/userguide/command_line_interface.html#sec:command_line_warnings in the Gradle documentation.
Android Unit Tests	UNKNOWN STEP	2026-01-02T09:46:26.5047952Z 13 actionable tasks: 13 executed
Android Unit Tests	UNKNOWN STEP	2026-01-02T09:46:27.0067718Z ##[error]Process completed with exit code 1.
Android Unit Tests	UNKNOWN STEP	2026-01-02T09:46:27.0161145Z ##[group]Run actions/upload-artifact@v4
Android Unit Tests	UNKNOWN STEP	2026-01-02T09:46:27.0161821Z with:
Android Unit Tests	UNKNOWN STEP	2026-01-02T09:46:27.0162137Z   name: android-test-results
Android Unit Tests	UNKNOWN STEP	2026-01-02T09:46:27.0162561Z   path: build/reports/tests/
Android Unit Tests	UNKNOWN STEP	2026-01-02T09:46:27.0162954Z   if-no-files-found: warn
Android Unit Tests	UNKNOWN STEP	2026-01-02T09:46:27.0163318Z   compression-level: 6
Android Unit Tests	UNKNOWN STEP	2026-01-02T09:46:27.0163647Z   overwrite: false
Android Unit Tests	UNKNOWN STEP	2026-01-02T09:46:27.0163979Z   include-hidden-files: false
Android Unit Tests	UNKNOWN STEP	2026-01-02T09:46:27.0164327Z env:
Android Unit Tests	UNKNOWN STEP	2026-01-02T09:46:27.0165053Z   GITHUB_TOKEN: ***
Android Unit Tests	UNKNOWN STEP	2026-01-02T09:46:27.0165378Z   GITHUB_ACTOR: ImL1s
Android Unit Tests	UNKNOWN STEP	2026-01-02T09:46:27.0165893Z   JAVA_HOME: /opt/hostedtoolcache/Java_Temurin-Hotspot_jdk/17.0.17-10/x64
Android Unit Tests	UNKNOWN STEP	2026-01-02T09:46:27.0166690Z   JAVA_HOME_17_X64: /opt/hostedtoolcache/Java_Temurin-Hotspot_jdk/17.0.17-10/x64
Android Unit Tests	UNKNOWN STEP	2026-01-02T09:46:27.0167340Z   GRADLE_BUILD_ACTION_SETUP_COMPLETED: true
Android Unit Tests	UNKNOWN STEP	2026-01-02T09:46:27.0168060Z   GRADLE_BUILD_ACTION_CACHE_RESTORED: true
Android Unit Tests	UNKNOWN STEP	2026-01-02T09:46:27.0168475Z ##[endgroup]
Android Unit Tests	UNKNOWN STEP	2026-01-02T09:46:27.2350474Z ##[warning]No files were found with the provided path: build/reports/tests/. No artifacts will be uploaded.
Android Unit Tests	UNKNOWN STEP	2026-01-02T09:46:27.2503049Z Post job cleanup.
Android Unit Tests	UNKNOWN STEP	2026-01-02T09:46:27.4086316Z In final post-action step, saving state and writing summary
Android Unit Tests	UNKNOWN STEP	2026-01-02T09:46:27.4094302Z Stopping all Gradle daemons before saving Gradle User Home state
Android Unit Tests	UNKNOWN STEP	2026-01-02T09:46:27.4095305Z Stopping Gradle daemons for /home/runner/.gradle/wrapper/dists/gradle-8.13-all/54h0s9kvb6g2sinako7ub77ku/gradle-8.13
Android Unit Tests	UNKNOWN STEP	2026-01-02T09:46:27.4113574Z [command]/home/runner/.gradle/wrapper/dists/gradle-8.13-all/54h0s9kvb6g2sinako7ub77ku/gradle-8.13/bin/gradle --stop
Android Unit Tests	UNKNOWN STEP	2026-01-02T09:46:28.0696710Z Stopping Daemon(s)
Android Unit Tests	UNKNOWN STEP	2026-01-02T09:46:28.0697116Z 1 Daemon stopped
Android Unit Tests	UNKNOWN STEP	2026-01-02T09:46:28.0812462Z ##[group]Caching Gradle state
Android Unit Tests	UNKNOWN STEP	2026-01-02T09:46:28.1376739Z Caching generated-gradle-jars with path '/home/runner/.gradle/caches/8.13/generated-gradle-jars/gradle-api-8.13.jar' and cache key: generated-gradle-jars-697f81ec8d80712ce7da03f513960371
Android Unit Tests	UNKNOWN STEP	2026-01-02T09:46:28.1408435Z Caching wrapper-zips with path '/home/runner/.gradle/wrapper/dists/gradle-8.13-all/54h0s9kvb6g2sinako7ub77ku' and cache key: wrapper-zips-27b0df0fa405636de00fcbfa0ab79410
Android Unit Tests	UNKNOWN STEP	2026-01-02T09:46:28.1582026Z [command]/usr/bin/tar --posix -cf cache.tzst --exclude cache.tzst -P -C /home/runner/work/kotlin-crypto-pure/kotlin-crypto-pure --files-from manifest.txt --use-compress-program zstdmt
Android Unit Tests	UNKNOWN STEP	2026-01-02T09:46:28.1615859Z [command]/usr/bin/tar --posix -cf cache.tzst --exclude cache.tzst -P -C /home/runner/work/kotlin-crypto-pure/kotlin-crypto-pure --files-from manifest.txt --use-compress-program zstdmt
Android Unit Tests	UNKNOWN STEP	2026-01-02T09:46:28.8764169Z Caching dependencies with path '/home/runner/.gradle/caches/modules-*/files-*/*/*/*/*' and cache key: dependencies-4310c8e08c8e13365892acfcd5da4e2a
Android Unit Tests	UNKNOWN STEP	2026-01-02T09:46:28.8894927Z Caching instrumented-jars with path '/home/runner/.gradle/caches/jars-*/*' and cache key: instrumented-jars-c77d8e7cf8a0e4c1c3d16398ccce2998
Android Unit Tests	UNKNOWN STEP	2026-01-02T09:46:28.9137705Z Caching kotlin-dsl with path '/home/runner/.gradle/caches/*/kotlin-dsl/*/*' and cache key: kotlin-dsl-c381390efd93e5c12e42e8b746880ae7
Android Unit Tests	UNKNOWN STEP	2026-01-02T09:46:28.9172399Z [command]/usr/bin/tar --posix -cf cache.tzst --exclude cache.tzst -P -C /home/runner/work/kotlin-crypto-pure/kotlin-crypto-pure --files-from manifest.txt --use-compress-program zstdmt
Android Unit Tests	UNKNOWN STEP	2026-01-02T09:46:29.0143987Z [command]/usr/bin/tar --posix -cf cache.tzst --exclude cache.tzst -P -C /home/runner/work/kotlin-crypto-pure/kotlin-crypto-pure --files-from manifest.txt --use-compress-program zstdmt
Android Unit Tests	UNKNOWN STEP	2026-01-02T09:46:29.0635360Z ##[warning]Failed to save cache entry with path '/home/runner/.gradle/caches/jars-*/*,zstd-without-long,1.0' and key: instrumented-jars-c77d8e7cf8a0e4c1c3d16398ccce2998: Error: <h2>Our services aren't available right now</h2><p>We're working to restore all services as soon as possible. Please check back soon.</p>09ZNXaQAAAABa+UD1BH6nR7PLfMrrOhjrRE0yRURHRTEwMTQARWRnZQ==
Android Unit Tests	UNKNOWN STEP	2026-01-02T09:46:29.0827007Z ##[warning]Failed to save cache entry with path '/home/runner/.gradle/caches/*/kotlin-dsl/*/*,zstd-without-long,1.0' and key: kotlin-dsl-c381390efd93e5c12e42e8b746880ae7: Error: <h2>Our services aren't available right now</h2><p>We're working to restore all services as soon as possible. Please check back soon.</p>09ZNXaQAAAACkyJplP6cvR4y7WJNW3MnqRE0yRURHRTA5MTkARWRnZQ==
Android Unit Tests	UNKNOWN STEP	2026-01-02T09:46:29.1318143Z ##[warning]Failed to save cache entry with path '/home/runner/.gradle/caches/8.13/generated-gradle-jars/gradle-api-8.13.jar,zstd-without-long,1.0' and key: generated-gradle-jars-697f81ec8d80712ce7da03f513960371: Error: <h2>Our services aren't available right now</h2><p>We're working to restore all services as soon as possible. Please check back soon.</p>09ZNXaQAAAAAzGF1ZG/InSoiphsyNKSH7RE0yRURHRTA5MTkARWRnZQ==
Android Unit Tests	UNKNOWN STEP	2026-01-02T09:46:29.4848380Z [command]/usr/bin/tar --posix -cf cache.tzst --exclude cache.tzst -P -C /home/runner/work/kotlin-crypto-pure/kotlin-crypto-pure --files-from manifest.txt --use-compress-program zstdmt
Android Unit Tests	UNKNOWN STEP	2026-01-02T09:46:30.1711648Z ##[warning]Failed to save cache entry with path '/home/runner/.gradle/caches/modules-*/files-*/*/*/*/*,zstd-without-long,1.0' and key: dependencies-4310c8e08c8e13365892acfcd5da4e2a: Error: <h2>Our services aren't available right now</h2><p>We're working to restore all services as soon as possible. Please check back soon.</p>09pNXaQAAAABzOor6gI3QQZrhdepLHvzFRE0yRURHRTA5MTkARWRnZQ==
Android Unit Tests	UNKNOWN STEP	2026-01-02T09:46:30.9313110Z ##[warning]Failed to save cache entry with path '/home/runner/.gradle/wrapper/dists/gradle-8.13-all/54h0s9kvb6g2sinako7ub77ku,zstd-without-long,1.0' and key: wrapper-zips-27b0df0fa405636de00fcbfa0ab79410: Error: <h2>Our services aren't available right now</h2><p>We're working to restore all services as soon as possible. Please check back soon.</p>09pNXaQAAAABmZWICEc7JTLlACS21MQQ7RE0yRURHRTA5MTkARWRnZQ==
Android Unit Tests	UNKNOWN STEP	2026-01-02T09:46:31.9898878Z Caching Gradle User Home with cache key: v8-gradle|Linux|ci-test-android[37a6259cc0c1dae299a7866489dff0bd]-fa7978ba9472e1dd9ea57b209ced34cae62dbe1b
Android Unit Tests	UNKNOWN STEP	2026-01-02T09:46:31.9978051Z [command]/usr/bin/tar --posix -cf cache.tzst --exclude cache.tzst -P -C /home/runner/work/kotlin-crypto-pure/kotlin-crypto-pure --files-from manifest.txt --use-compress-program zstdmt
Android Unit Tests	UNKNOWN STEP	2026-01-02T09:46:32.8829179Z ##[warning]Failed to save cache entry with path '/home/runner/.gradle/caches,/home/runner/.gradle/notifications,/home/runner/.gradle/.gradle-build-action,zstd-without-long,1.0' and key: v8-gradle|Linux|ci-test-android[37a6259cc0c1dae299a7866489dff0bd]-fa7978ba9472e1dd9ea57b209ced34cae62dbe1b: Error: <h2>Our services aren't available right now</h2><p>We're working to restore all services as soon as possible. Please check back soon.</p>0+JNXaQAAAAAhidHCC+JBS6oqm8SXleSBRE0yRURHRTA5MTkARWRnZQ==
Android Unit Tests	UNKNOWN STEP	2026-01-02T09:46:32.8834576Z ##[endgroup]
Android Unit Tests	UNKNOWN STEP	2026-01-02T09:46:32.8834937Z Writing job summary
Android Unit Tests	UNKNOWN STEP	2026-01-02T09:46:32.9025549Z Post job cleanup.
Android Unit Tests	UNKNOWN STEP	2026-01-02T09:46:33.0834968Z Post job cleanup.
Android Unit Tests	UNKNOWN STEP	2026-01-02T09:46:33.1756666Z [command]/usr/bin/git version
Android Unit Tests	UNKNOWN STEP	2026-01-02T09:46:33.1791774Z git version 2.52.0
Android Unit Tests	UNKNOWN STEP	2026-01-02T09:46:33.1834734Z Temporarily overriding HOME='/home/runner/work/_temp/bf569cd1-cb7d-400c-a0db-6178478b52b9' before making global git config changes
Android Unit Tests	UNKNOWN STEP	2026-01-02T09:46:33.1836009Z Adding repository directory to the temporary git global config as a safe directory
Android Unit Tests	UNKNOWN STEP	2026-01-02T09:46:33.1841055Z [command]/usr/bin/git config --global --add safe.directory /home/runner/work/kotlin-crypto-pure/kotlin-crypto-pure
Android Unit Tests	UNKNOWN STEP	2026-01-02T09:46:33.1875753Z [command]/usr/bin/git config --local --name-only --get-regexp core\.sshCommand
Android Unit Tests	UNKNOWN STEP	2026-01-02T09:46:33.1907084Z [command]/usr/bin/git submodule foreach --recursive sh -c "git config --local --name-only --get-regexp 'core\.sshCommand' && git config --local --unset-all 'core.sshCommand' || :"
Android Unit Tests	UNKNOWN STEP	2026-01-02T09:46:33.2150589Z [command]/usr/bin/git config --local --name-only --get-regexp http\.https\:\/\/github\.com\/\.extraheader
Android Unit Tests	UNKNOWN STEP	2026-01-02T09:46:33.2172764Z http.https://github.com/.extraheader
Android Unit Tests	UNKNOWN STEP	2026-01-02T09:46:33.2188540Z [command]/usr/bin/git config --local --unset-all http.https://github.com/.extraheader
Android Unit Tests	UNKNOWN STEP	2026-01-02T09:46:33.2220989Z [command]/usr/bin/git submodule foreach --recursive sh -c "git config --local --name-only --get-regexp 'http\.https\:\/\/github\.com\/\.extraheader' && git config --local --unset-all 'http.https://github.com/.extraheader' || :"
Android Unit Tests	UNKNOWN STEP	2026-01-02T09:46:33.2458777Z [command]/usr/bin/git config --local --name-only --get-regexp ^includeIf\.gitdir:
Android Unit Tests	UNKNOWN STEP	2026-01-02T09:46:33.2493948Z [command]/usr/bin/git submodule foreach --recursive git config --local --show-origin --name-only --get-regexp remote.origin.url
Android Unit Tests	UNKNOWN STEP	2026-01-02T09:46:33.2837685Z Cleaning up orphan processes
iOS Build Check	UNKNOWN STEP	ï»¿2026-01-02T09:44:48.0874890Z Current runner version: '2.330.0'
iOS Build Check	UNKNOWN STEP	2026-01-02T09:44:48.0890510Z ##[group]Runner Image Provisioner
iOS Build Check	UNKNOWN STEP	2026-01-02T09:44:48.0890990Z Hosted Compute Agent
iOS Build Check	UNKNOWN STEP	2026-01-02T09:44:48.0891510Z Version: 20251211.462
iOS Build Check	UNKNOWN STEP	2026-01-02T09:44:48.0891900Z Commit: 6cbad8c2bb55d58165063d031ccabf57e2d2db61
iOS Build Check	UNKNOWN STEP	2026-01-02T09:44:48.0894150Z Build Date: 2025-12-11T16:28:49Z
iOS Build Check	UNKNOWN STEP	2026-01-02T09:44:48.0895450Z Worker ID: {18dbee57-cc9e-47ac-999f-6a655748235c}
iOS Build Check	UNKNOWN STEP	2026-01-02T09:44:48.0896540Z ##[endgroup]
iOS Build Check	UNKNOWN STEP	2026-01-02T09:44:48.0897390Z ##[group]Operating System
iOS Build Check	UNKNOWN STEP	2026-01-02T09:44:48.0898450Z macOS
iOS Build Check	UNKNOWN STEP	2026-01-02T09:44:48.0899180Z 15.7.2
iOS Build Check	UNKNOWN STEP	2026-01-02T09:44:48.0899920Z 24G325
iOS Build Check	UNKNOWN STEP	2026-01-02T09:44:48.0900650Z ##[endgroup]
iOS Build Check	UNKNOWN STEP	2026-01-02T09:44:48.0901570Z ##[group]Runner Image
iOS Build Check	UNKNOWN STEP	2026-01-02T09:44:48.0902930Z Image: macos-15-arm64
iOS Build Check	UNKNOWN STEP	2026-01-02T09:44:48.0903790Z Version: 20251215.0075.1
iOS Build Check	UNKNOWN STEP	2026-01-02T09:44:48.0906210Z Included Software: https://github.com/actions/runner-images/blob/macos-15-arm64/20251215.0075/images/macos/macos-15-arm64-Readme.md
iOS Build Check	UNKNOWN STEP	2026-01-02T09:44:48.0907420Z Image Release: https://github.com/actions/runner-images/releases/tag/macos-15-arm64%2F20251215.0075
iOS Build Check	UNKNOWN STEP	2026-01-02T09:44:48.0908040Z ##[endgroup]
iOS Build Check	UNKNOWN STEP	2026-01-02T09:44:48.0908770Z ##[group]GITHUB_TOKEN Permissions
iOS Build Check	UNKNOWN STEP	2026-01-02T09:44:48.0911330Z Contents: read
iOS Build Check	UNKNOWN STEP	2026-01-02T09:44:48.0911650Z Metadata: read
iOS Build Check	UNKNOWN STEP	2026-01-02T09:44:48.0911950Z Packages: read
iOS Build Check	UNKNOWN STEP	2026-01-02T09:44:48.0912250Z ##[endgroup]
iOS Build Check	UNKNOWN STEP	2026-01-02T09:44:48.0913960Z Secret source: Actions
iOS Build Check	UNKNOWN STEP	2026-01-02T09:44:48.0914380Z Prepare workflow directory
iOS Build Check	UNKNOWN STEP	2026-01-02T09:44:48.1141700Z Prepare all required actions
iOS Build Check	UNKNOWN STEP	2026-01-02T09:44:48.1168990Z Getting action download info
iOS Build Check	UNKNOWN STEP	2026-01-02T09:44:48.3001930Z Download action repository 'actions/checkout@v4' (SHA:34e114876b0b11c390a56381ad16ebd13914f8d5)
iOS Build Check	UNKNOWN STEP	2026-01-02T09:44:48.6540640Z Download action repository 'actions/setup-java@v4' (SHA:c1e323688fd81a25caa38c78aa6df2d33d3e20d9)
iOS Build Check	UNKNOWN STEP	2026-01-02T09:44:50.2387470Z Download action repository 'gradle/gradle-build-action@v2' (SHA:a8f75513eafdebd8141bd1cd4e30fcd194af8dfa)
iOS Build Check	UNKNOWN STEP	2026-01-02T09:44:52.6178580Z Complete job name: iOS Build Check
iOS Build Check	UNKNOWN STEP	2026-01-02T09:44:52.6597640Z ##[group]Run actions/checkout@v4
iOS Build Check	UNKNOWN STEP	2026-01-02T09:44:52.6598400Z with:
iOS Build Check	UNKNOWN STEP	2026-01-02T09:44:52.6598850Z   repository: ImL1s/kotlin-crypto-pure
iOS Build Check	UNKNOWN STEP	2026-01-02T09:44:52.6599620Z   token: ***
iOS Build Check	UNKNOWN STEP	2026-01-02T09:44:52.6600030Z   ssh-strict: true
iOS Build Check	UNKNOWN STEP	2026-01-02T09:44:52.6600460Z   ssh-user: git
iOS Build Check	UNKNOWN STEP	2026-01-02T09:44:52.6600900Z   persist-credentials: true
iOS Build Check	UNKNOWN STEP	2026-01-02T09:44:52.6601400Z   clean: true
iOS Build Check	UNKNOWN STEP	2026-01-02T09:44:52.6601870Z   sparse-checkout-cone-mode: true
iOS Build Check	UNKNOWN STEP	2026-01-02T09:44:52.6602440Z   fetch-depth: 1
iOS Build Check	UNKNOWN STEP	2026-01-02T09:44:52.6602880Z   fetch-tags: false
iOS Build Check	UNKNOWN STEP	2026-01-02T09:44:52.6603330Z   show-progress: true
iOS Build Check	UNKNOWN STEP	2026-01-02T09:44:52.6603820Z   lfs: false
iOS Build Check	UNKNOWN STEP	2026-01-02T09:44:52.6604260Z   submodules: false
iOS Build Check	UNKNOWN STEP	2026-01-02T09:44:52.6604760Z   set-safe-directory: true
iOS Build Check	UNKNOWN STEP	2026-01-02T09:44:52.6605400Z ##[endgroup]
iOS Build Check	UNKNOWN STEP	2026-01-02T09:44:52.9359100Z Syncing repository: ImL1s/kotlin-crypto-pure
iOS Build Check	UNKNOWN STEP	2026-01-02T09:44:52.9361020Z ##[group]Getting Git version info
iOS Build Check	UNKNOWN STEP	2026-01-02T09:44:52.9362070Z Working directory is '/Users/runner/work/kotlin-crypto-pure/kotlin-crypto-pure'
iOS Build Check	UNKNOWN STEP	2026-01-02T09:44:52.9363560Z [command]/opt/homebrew/bin/git version
iOS Build Check	UNKNOWN STEP	2026-01-02T09:44:52.9923940Z git version 2.50.1
iOS Build Check	UNKNOWN STEP	2026-01-02T09:44:52.9949660Z ##[endgroup]
iOS Build Check	UNKNOWN STEP	2026-01-02T09:44:52.9955910Z Copying '/Users/runner/.gitconfig' to '/Users/runner/work/_temp/1f4c4230-7ed3-4da1-b745-976ab37115ed/.gitconfig'
iOS Build Check	UNKNOWN STEP	2026-01-02T09:44:52.9962540Z Temporarily overriding HOME='/Users/runner/work/_temp/1f4c4230-7ed3-4da1-b745-976ab37115ed' before making global git config changes
iOS Build Check	UNKNOWN STEP	2026-01-02T09:44:52.9964270Z Adding repository directory to the temporary git global config as a safe directory
iOS Build Check	UNKNOWN STEP	2026-01-02T09:44:52.9970080Z [command]/opt/homebrew/bin/git config --global --add safe.directory /Users/runner/work/kotlin-crypto-pure/kotlin-crypto-pure
iOS Build Check	UNKNOWN STEP	2026-01-02T09:44:53.0055800Z Deleting the contents of '/Users/runner/work/kotlin-crypto-pure/kotlin-crypto-pure'
iOS Build Check	UNKNOWN STEP	2026-01-02T09:44:53.0058010Z ##[group]Initializing the repository
iOS Build Check	UNKNOWN STEP	2026-01-02T09:44:53.0062780Z [command]/opt/homebrew/bin/git init /Users/runner/work/kotlin-crypto-pure/kotlin-crypto-pure
iOS Build Check	UNKNOWN STEP	2026-01-02T09:44:53.0222210Z hint: Using 'master' as the name for the initial branch. This default branch name
iOS Build Check	UNKNOWN STEP	2026-01-02T09:44:53.0226690Z hint: is subject to change. To configure the initial branch name to use in all
iOS Build Check	UNKNOWN STEP	2026-01-02T09:44:53.0228110Z hint: of your new repositories, which will suppress this warning, call:
iOS Build Check	UNKNOWN STEP	2026-01-02T09:44:53.0229050Z hint:
iOS Build Check	UNKNOWN STEP	2026-01-02T09:44:53.0229720Z hint: 	git config --global init.defaultBranch <name>
iOS Build Check	UNKNOWN STEP	2026-01-02T09:44:53.0230440Z hint:
iOS Build Check	UNKNOWN STEP	2026-01-02T09:44:53.0231110Z hint: Names commonly chosen instead of 'master' are 'main', 'trunk' and
iOS Build Check	UNKNOWN STEP	2026-01-02T09:44:53.0232320Z hint: 'development'. The just-created branch can be renamed via this command:
iOS Build Check	UNKNOWN STEP	2026-01-02T09:44:53.0233190Z hint:
iOS Build Check	UNKNOWN STEP	2026-01-02T09:44:53.0233680Z hint: 	git branch -m <name>
iOS Build Check	UNKNOWN STEP	2026-01-02T09:44:53.0251270Z hint:
iOS Build Check	UNKNOWN STEP	2026-01-02T09:44:53.0252030Z hint: Disable this message with "git config set advice.defaultBranchName false"
iOS Build Check	UNKNOWN STEP	2026-01-02T09:44:53.0253490Z Initialized empty Git repository in /Users/runner/work/kotlin-crypto-pure/kotlin-crypto-pure/.git/
iOS Build Check	UNKNOWN STEP	2026-01-02T09:44:53.0255870Z [command]/opt/homebrew/bin/git remote add origin https://github.com/ImL1s/kotlin-crypto-pure
iOS Build Check	UNKNOWN STEP	2026-01-02T09:44:53.0295340Z ##[endgroup]
iOS Build Check	UNKNOWN STEP	2026-01-02T09:44:53.0296280Z ##[group]Disabling automatic garbage collection
iOS Build Check	UNKNOWN STEP	2026-01-02T09:44:53.0297120Z [command]/opt/homebrew/bin/git config --local gc.auto 0
iOS Build Check	UNKNOWN STEP	2026-01-02T09:44:53.0348230Z ##[endgroup]
iOS Build Check	UNKNOWN STEP	2026-01-02T09:44:53.0349090Z ##[group]Setting up auth
iOS Build Check	UNKNOWN STEP	2026-01-02T09:44:53.0352690Z [command]/opt/homebrew/bin/git config --local --name-only --get-regexp core\.sshCommand
iOS Build Check	UNKNOWN STEP	2026-01-02T09:44:53.0409250Z [command]/opt/homebrew/bin/git submodule foreach --recursive sh -c "git config --local --name-only --get-regexp 'core\.sshCommand' && git config --local --unset-all 'core.sshCommand' || :"
iOS Build Check	UNKNOWN STEP	2026-01-02T09:44:53.1414930Z [command]/opt/homebrew/bin/git config --local --name-only --get-regexp http\.https\:\/\/github\.com\/\.extraheader
iOS Build Check	UNKNOWN STEP	2026-01-02T09:44:53.1933390Z [command]/opt/homebrew/bin/git submodule foreach --recursive sh -c "git config --local --name-only --get-regexp 'http\.https\:\/\/github\.com\/\.extraheader' && git config --local --unset-all 'http.https://github.com/.extraheader' || :"
iOS Build Check	UNKNOWN STEP	2026-01-02T09:44:53.3120920Z [command]/opt/homebrew/bin/git config --local --name-only --get-regexp ^includeIf\.gitdir:
iOS Build Check	UNKNOWN STEP	2026-01-02T09:44:53.3175460Z [command]/opt/homebrew/bin/git submodule foreach --recursive git config --local --show-origin --name-only --get-regexp remote.origin.url
iOS Build Check	UNKNOWN STEP	2026-01-02T09:44:53.3857020Z [command]/opt/homebrew/bin/git config --local http.https://github.com/.extraheader AUTHORIZATION: basic ***
iOS Build Check	UNKNOWN STEP	2026-01-02T09:44:53.4037460Z ##[endgroup]
iOS Build Check	UNKNOWN STEP	2026-01-02T09:44:53.4038650Z ##[group]Fetching the repository
iOS Build Check	UNKNOWN STEP	2026-01-02T09:44:53.4044240Z [command]/opt/homebrew/bin/git -c protocol.version=2 fetch --no-tags --prune --no-recurse-submodules --depth=1 origin +fa7978ba9472e1dd9ea57b209ced34cae62dbe1b:refs/remotes/origin/main
iOS Build Check	UNKNOWN STEP	2026-01-02T09:44:54.3455880Z From https://github.com/ImL1s/kotlin-crypto-pure
iOS Build Check	UNKNOWN STEP	2026-01-02T09:44:54.3456620Z  * [new ref]         fa7978ba9472e1dd9ea57b209ced34cae62dbe1b -> origin/main
iOS Build Check	UNKNOWN STEP	2026-01-02T09:44:54.3523570Z ##[endgroup]
iOS Build Check	UNKNOWN STEP	2026-01-02T09:44:54.3523970Z ##[group]Determining the checkout info
iOS Build Check	UNKNOWN STEP	2026-01-02T09:44:54.3524360Z ##[endgroup]
iOS Build Check	UNKNOWN STEP	2026-01-02T09:44:54.3527170Z [command]/opt/homebrew/bin/git sparse-checkout disable
iOS Build Check	UNKNOWN STEP	2026-01-02T09:44:54.3595050Z [command]/opt/homebrew/bin/git config --local --unset-all extensions.worktreeConfig
iOS Build Check	UNKNOWN STEP	2026-01-02T09:44:54.3653380Z ##[group]Checking out the ref
iOS Build Check	UNKNOWN STEP	2026-01-02T09:44:54.3656090Z [command]/opt/homebrew/bin/git checkout --progress --force -B main refs/remotes/origin/main
iOS Build Check	UNKNOWN STEP	2026-01-02T09:44:54.3983410Z Switched to a new branch 'main'
iOS Build Check	UNKNOWN STEP	2026-01-02T09:44:54.4084730Z branch 'main' set up to track 'origin/main'.
iOS Build Check	UNKNOWN STEP	2026-01-02T09:44:54.4387710Z ##[endgroup]
iOS Build Check	UNKNOWN STEP	2026-01-02T09:44:54.4689460Z [command]/opt/homebrew/bin/git log -1 --format=%H
iOS Build Check	UNKNOWN STEP	2026-01-02T09:44:54.4790350Z fa7978ba9472e1dd9ea57b209ced34cae62dbe1b
iOS Build Check	UNKNOWN STEP	2026-01-02T09:44:54.5027580Z ##[group]Run actions/setup-java@v4
iOS Build Check	UNKNOWN STEP	2026-01-02T09:44:54.5028030Z with:
iOS Build Check	UNKNOWN STEP	2026-01-02T09:44:54.5028170Z   java-version: 17
iOS Build Check	UNKNOWN STEP	2026-01-02T09:44:54.5028320Z   distribution: temurin
iOS Build Check	UNKNOWN STEP	2026-01-02T09:44:54.5028480Z   java-package: jdk
iOS Build Check	UNKNOWN STEP	2026-01-02T09:44:54.5028630Z   check-latest: false
iOS Build Check	UNKNOWN STEP	2026-01-02T09:44:54.5028780Z   server-id: github
iOS Build Check	UNKNOWN STEP	2026-01-02T09:44:54.5028930Z   server-username: GITHUB_ACTOR
iOS Build Check	UNKNOWN STEP	2026-01-02T09:44:54.5029110Z   server-password: GITHUB_TOKEN
iOS Build Check	UNKNOWN STEP	2026-01-02T09:44:54.5029300Z   overwrite-settings: true
iOS Build Check	UNKNOWN STEP	2026-01-02T09:44:54.5029460Z   job-status: success
iOS Build Check	UNKNOWN STEP	2026-01-02T09:44:54.5029730Z   token: ***
iOS Build Check	UNKNOWN STEP	2026-01-02T09:44:54.5029880Z ##[endgroup]
iOS Build Check	UNKNOWN STEP	2026-01-02T09:44:54.6425500Z ##[group]Installed distributions
iOS Build Check	UNKNOWN STEP	2026-01-02T09:44:54.6474980Z Resolved Java 17.0.17+10 from tool-cache
iOS Build Check	UNKNOWN STEP	2026-01-02T09:44:54.6477590Z Setting Java 17.0.17+10 as the default
iOS Build Check	UNKNOWN STEP	2026-01-02T09:44:54.6487590Z Creating toolchains.xml for JDK version 17 from temurin
iOS Build Check	UNKNOWN STEP	2026-01-02T09:44:54.6531910Z Writing to /Users/runner/.m2/toolchains.xml
iOS Build Check	UNKNOWN STEP	2026-01-02T09:44:54.6532850Z 
iOS Build Check	UNKNOWN STEP	2026-01-02T09:44:54.6532970Z Java configuration:
iOS Build Check	UNKNOWN STEP	2026-01-02T09:44:54.6533510Z   Distribution: temurin
iOS Build Check	UNKNOWN STEP	2026-01-02T09:44:54.6533740Z   Version: 17.0.17+10
iOS Build Check	UNKNOWN STEP	2026-01-02T09:44:54.6534060Z   Path: /Users/runner/hostedtoolcache/Java_Temurin-Hotspot_jdk/17.0.17-10/arm64/Contents/Home
iOS Build Check	UNKNOWN STEP	2026-01-02T09:44:54.6534350Z 
iOS Build Check	UNKNOWN STEP	2026-01-02T09:44:54.6534910Z ##[endgroup]
iOS Build Check	UNKNOWN STEP	2026-01-02T09:44:54.6548290Z Creating settings.xml with server-id: github
iOS Build Check	UNKNOWN STEP	2026-01-02T09:44:54.6549520Z Writing to /Users/runner/.m2/settings.xml
iOS Build Check	UNKNOWN STEP	2026-01-02T09:44:54.6682440Z ##[group]Run gradle/gradle-build-action@v2
iOS Build Check	UNKNOWN STEP	2026-01-02T09:44:54.6682690Z with:
iOS Build Check	UNKNOWN STEP	2026-01-02T09:44:54.6682830Z   cache-disabled: false
iOS Build Check	UNKNOWN STEP	2026-01-02T09:44:54.6682990Z   cache-read-only: false
iOS Build Check	UNKNOWN STEP	2026-01-02T09:44:54.6683160Z   cache-write-only: false
iOS Build Check	UNKNOWN STEP	2026-01-02T09:44:54.6683330Z   cache-overwrite-existing: false
iOS Build Check	UNKNOWN STEP	2026-01-02T09:44:54.6683550Z   gradle-home-cache-includes: caches
iOS Build Check	UNKNOWN STEP	notifications
iOS Build Check	UNKNOWN STEP	
iOS Build Check	UNKNOWN STEP	2026-01-02T09:44:54.6683790Z   gradle-home-cache-cleanup: false
iOS Build Check	UNKNOWN STEP	2026-01-02T09:44:54.6683970Z   generate-job-summary: true
iOS Build Check	UNKNOWN STEP	2026-01-02T09:44:54.6684140Z   dependency-graph: disabled
iOS Build Check	UNKNOWN STEP	2026-01-02T09:44:54.6684340Z   gradle-home-cache-strict-match: false
iOS Build Check	UNKNOWN STEP	2026-01-02T09:44:54.6684530Z   workflow-job-context: null
iOS Build Check	UNKNOWN STEP	2026-01-02T09:44:54.6684800Z   github-token: ***
iOS Build Check	UNKNOWN STEP	2026-01-02T09:44:54.6684920Z env:
iOS Build Check	UNKNOWN STEP	2026-01-02T09:44:54.6685210Z   JAVA_HOME: /Users/runner/hostedtoolcache/Java_Temurin-Hotspot_jdk/17.0.17-10/arm64/Contents/Home
iOS Build Check	UNKNOWN STEP	2026-01-02T09:44:54.6685740Z   JAVA_HOME_17_ARM64: /Users/runner/hostedtoolcache/Java_Temurin-Hotspot_jdk/17.0.17-10/arm64/Contents/Home
iOS Build Check	UNKNOWN STEP	2026-01-02T09:44:54.6686080Z ##[endgroup]
iOS Build Check	UNKNOWN STEP	2026-01-02T09:44:54.9537220Z ##[group]Restore Gradle state from cache
iOS Build Check	UNKNOWN STEP	2026-01-02T09:44:55.0803140Z ##[warning]Failed to restore v8-gradle|macOS|ci-build-ios[37a6259cc0c1dae299a7866489dff0bd]-fa7978ba9472e1dd9ea57b209ced34cae62dbe1b: Error: Cache service responded with 400
iOS Build Check	UNKNOWN STEP	2026-01-02T09:44:55.0906970Z Gradle User Home cache not found. Will initialize empty.
iOS Build Check	UNKNOWN STEP	2026-01-02T09:44:55.1008320Z ##[endgroup]
iOS Build Check	UNKNOWN STEP	2026-01-02T09:44:55.1160990Z ##[group]Run ./gradlew compileKotlinIosArm64
iOS Build Check	UNKNOWN STEP	2026-01-02T09:44:55.1161330Z [36;1m./gradlew compileKotlinIosArm64[0m
iOS Build Check	UNKNOWN STEP	2026-01-02T09:44:55.1198720Z shell: /bin/bash -e {0}
iOS Build Check	UNKNOWN STEP	2026-01-02T09:44:55.1198880Z env:
iOS Build Check	UNKNOWN STEP	2026-01-02T09:44:55.1199170Z   JAVA_HOME: /Users/runner/hostedtoolcache/Java_Temurin-Hotspot_jdk/17.0.17-10/arm64/Contents/Home
iOS Build Check	UNKNOWN STEP	2026-01-02T09:44:55.1199680Z   JAVA_HOME_17_ARM64: /Users/runner/hostedtoolcache/Java_Temurin-Hotspot_jdk/17.0.17-10/arm64/Contents/Home
iOS Build Check	UNKNOWN STEP	2026-01-02T09:44:55.1200060Z   GRADLE_BUILD_ACTION_SETUP_COMPLETED: true
iOS Build Check	UNKNOWN STEP	2026-01-02T09:44:55.1200280Z   GRADLE_BUILD_ACTION_CACHE_RESTORED: true
iOS Build Check	UNKNOWN STEP	2026-01-02T09:44:55.1200480Z ##[endgroup]
iOS Build Check	UNKNOWN STEP	2026-01-02T09:44:55.3737530Z Downloading https://services.gradle.org/distributions/gradle-8.13-all.zip
iOS Build Check	UNKNOWN STEP	2026-01-02T09:45:00.8027520Z ......................10%......................20%......................30%......................40%......................50%......................60%......................70%.......................80%......................90%......................100%
iOS Build Check	UNKNOWN STEP	2026-01-02T09:45:06.9537110Z 
iOS Build Check	UNKNOWN STEP	2026-01-02T09:45:06.9547680Z Welcome to Gradle 8.13!
iOS Build Check	UNKNOWN STEP	2026-01-02T09:45:06.9548020Z 
iOS Build Check	UNKNOWN STEP	2026-01-02T09:45:06.9548830Z Here are the highlights of this release:
iOS Build Check	UNKNOWN STEP	2026-01-02T09:45:06.9549180Z  - Daemon JVM auto-provisioning
iOS Build Check	UNKNOWN STEP	2026-01-02T09:45:06.9551540Z  - Enhancements for Scala plugin and JUnit testing
iOS Build Check	UNKNOWN STEP	2026-01-02T09:45:06.9552760Z  - Improvements for build authors and plugin developers
iOS Build Check	UNKNOWN STEP	2026-01-02T09:45:06.9552930Z 
iOS Build Check	UNKNOWN STEP	2026-01-02T09:45:06.9553620Z For more details see https://docs.gradle.org/8.13/release-notes.html
iOS Build Check	UNKNOWN STEP	2026-01-02T09:45:06.9554530Z 
iOS Build Check	UNKNOWN STEP	2026-01-02T09:45:06.9554640Z Starting a Gradle Daemon (subsequent builds will be faster)
iOS Build Check	UNKNOWN STEP	2026-01-02T09:47:11.9045610Z 
iOS Build Check	UNKNOWN STEP	2026-01-02T09:47:11.9148090Z > Configure project :
iOS Build Check	UNKNOWN STEP	2026-01-02T09:47:11.9250130Z w: file:///Users/runner/work/kotlin-crypto-pure/kotlin-crypto-pure/build.gradle.kts:26:21: 'defFile: File' is deprecated. Deprecated because it is a non-lazy property.
iOS Build Check	UNKNOWN STEP	2026-01-02T09:47:11.9352930Z w: file:///Users/runner/work/kotlin-crypto-pure/kotlin-crypto-pure/build.gradle.kts:37:21: 'defFile: File' is deprecated. Deprecated because it is a non-lazy property.
iOS Build Check	UNKNOWN STEP	2026-01-02T09:47:11.9455340Z w: file:///Users/runner/work/kotlin-crypto-pure/kotlin-crypto-pure/build.gradle.kts:48:21: 'defFile: File' is deprecated. Deprecated because it is a non-lazy property.
iOS Build Check	UNKNOWN STEP	2026-01-02T09:47:11.9557130Z w: file:///Users/runner/work/kotlin-crypto-pure/kotlin-crypto-pure/build.gradle.kts:60:21: 'defFile: File' is deprecated. Deprecated because it is a non-lazy property.
iOS Build Check	UNKNOWN STEP	2026-01-02T09:47:11.9659030Z w: file:///Users/runner/work/kotlin-crypto-pure/kotlin-crypto-pure/build.gradle.kts:71:21: 'defFile: File' is deprecated. Deprecated because it is a non-lazy property.
iOS Build Check	UNKNOWN STEP	2026-01-02T09:47:11.9761420Z w: file:///Users/runner/work/kotlin-crypto-pure/kotlin-crypto-pure/build.gradle.kts:82:21: 'defFile: File' is deprecated. Deprecated because it is a non-lazy property.
iOS Build Check	UNKNOWN STEP	2026-01-02T09:47:13.2240200Z w: The Default Kotlin Hierarchy Template was not applied to 'root project 'kotlin-crypto-pure'':
iOS Build Check	UNKNOWN STEP	2026-01-02T09:47:13.2272520Z Explicit .dependsOn() edges were configured for the following source sets:
iOS Build Check	UNKNOWN STEP	2026-01-02T09:47:13.2376610Z [iosArm64Main, iosArm64Test, iosMain, iosSimulatorArm64Main, iosSimulatorArm64Test, iosX64Main, iosX64Test, jvmMain, jvmTest, nativeMain, nativeTest, watchosArm64Main, watchosArm64Test, watchosMain, watchosSimulatorArm64Main, watchosSimulatorArm64Test, watchosX64Main, watchosX64Test]
iOS Build Check	UNKNOWN STEP	2026-01-02T09:47:13.2490980Z 
iOS Build Check	UNKNOWN STEP	2026-01-02T09:47:13.2592200Z Consider removing dependsOn-calls or disabling the default template by adding
iOS Build Check	UNKNOWN STEP	2026-01-02T09:47:13.2669960Z     'kotlin.mpp.applyDefaultHierarchyTemplate=false'
iOS Build Check	UNKNOWN STEP	2026-01-02T09:47:13.2773430Z to your gradle.properties
iOS Build Check	UNKNOWN STEP	2026-01-02T09:47:13.2899970Z 
iOS Build Check	UNKNOWN STEP	2026-01-02T09:47:13.3009350Z Learn more about hierarchy templates: https://kotl.in/hierarchy-template
iOS Build Check	UNKNOWN STEP	2026-01-02T09:47:13.3123250Z 
iOS Build Check	UNKNOWN STEP	2026-01-02T09:47:13.3897950Z 
iOS Build Check	UNKNOWN STEP	2026-01-02T09:47:13.3898340Z > Task :checkKotlinGradlePluginConfigurationErrors SKIPPED
iOS Build Check	UNKNOWN STEP	2026-01-02T09:47:43.3473480Z > Task :cinteropCommonCryptoIosArm64
iOS Build Check	UNKNOWN STEP	2026-01-02T09:48:23.7697560Z Downloading native dependencies (LLVM, sysroot etc). This is a one-time action performed only on the first run of the compiler.
iOS Build Check	UNKNOWN STEP	2026-01-02T09:48:26.9373550Z Done.
iOS Build Check	UNKNOWN STEP	2026-01-02T09:48:26.9395400Z Extracting dependency: /Users/runner/.konan/dependencies/cache/llvm-16.0.0-aarch64-macos-essentials-63.tar.gz into /Users/runner/.konan/dependencies
iOS Build Check	UNKNOWN STEP	2026-01-02T09:48:29.5644740Z Done.
iOS Build Check	UNKNOWN STEP	2026-01-02T09:48:29.5679460Z Extracting dependency: /Users/runner/.konan/dependencies/cache/libffi-3.3-1-macos-arm64.tar.gz into /Users/runner/.konan/dependencies
iOS Build Check	UNKNOWN STEP	2026-01-02T09:49:13.3707460Z w: file:///Users/runner/work/kotlin-crypto-pure/kotlin-crypto-pure/src/commonMain/kotlin/io/github/iml1s/crypto/AesGcm.kt:78:1 'expect'/'actual' classes (including interfaces, objects, annotations, enums, and 'actual' typealiases) are in Beta. You can use -Xexpect-actual-classes flag to suppress this warning. Also see: https://youtrack.jetbrains.com/issue/KT-61573
iOS Build Check	UNKNOWN STEP	2026-01-02T09:49:13.3795330Z 
iOS Build Check	UNKNOWN STEP	2026-01-02T09:49:13.3899320Z w: file:///Users/runner/work/kotlin-crypto-pure/kotlin-crypto-pure/src/commonMain/kotlin/io/github/iml1s/crypto/Digest.kt:61:13 Check for instance is always 'true'.
iOS Build Check	UNKNOWN STEP	2026-01-02T09:49:13.3913760Z > Task :compileKotlinIosArm64
iOS Build Check	UNKNOWN STEP	2026-01-02T09:49:13.3914530Z w: file:///Users/runner/work/kotlin-crypto-pure/kotlin-crypto-pure/src/commonMain/kotlin/io/github/iml1s/crypto/Digest.kt:80:13 Check for instance is always 'true'.
iOS Build Check	UNKNOWN STEP	2026-01-02T09:49:13.4032070Z w: file:///Users/runner/work/kotlin-crypto-pure/kotlin-crypto-pure/src/commonMain/kotlin/io/github/iml1s/crypto/Secp256k1Provider.kt:12:1 'expect'/'actual' classes (including interfaces, objects, annotations, enums, and 'actual' typealiases) are in Beta. You can use -Xexpect-actual-classes flag to suppress this warning. Also see: https://youtrack.jetbrains.com/issue/KT-61573
iOS Build Check	UNKNOWN STEP	2026-01-02T09:49:13.4142670Z w: file:///Users/runner/work/kotlin-crypto-pure/kotlin-crypto-pure/src/nativeMain/kotlin/io/github/iml1s/crypto/AesGcm.native.kt:24:1 'expect'/'actual' classes (including interfaces, objects, annotations, enums, and 'actual' typealiases) are in Beta. You can use -Xexpect-actual-classes flag to suppress this warning. Also see: https://youtrack.jetbrains.com/issue/KT-61573
iOS Build Check	UNKNOWN STEP	2026-01-02T09:49:13.4253620Z w: file:///Users/runner/work/kotlin-crypto-pure/kotlin-crypto-pure/src/nativeMain/kotlin/io/github/iml1s/crypto/Bip32.ios.kt:46:37 Unchecked cast of 'kotlinx.cinterop.CPointer<kotlinx.cinterop.ByteVarOf<kotlin.Byte>>' to 'kotlinx.cinterop.CPointer<kotlinx.cinterop.UByteVarOf<kotlin.UByte>>?'.
iOS Build Check	UNKNOWN STEP	2026-01-02T09:49:13.4365590Z w: file:///Users/runner/work/kotlin-crypto-pure/kotlin-crypto-pure/src/nativeMain/kotlin/io/github/iml1s/crypto/Bip32.ios.kt:48:43 Unchecked cast of 'kotlinx.cinterop.CPointer<kotlinx.cinterop.ByteVarOf<kotlin.Byte>>' to 'kotlinx.cinterop.CPointer<kotlinx.cinterop.UByteVarOf<kotlin.UByte>>?'.
iOS Build Check	UNKNOWN STEP	2026-01-02T09:49:13.4468440Z w: file:///Users/runner/work/kotlin-crypto-pure/kotlin-crypto-pure/src/nativeMain/kotlin/io/github/iml1s/crypto/Pbkdf2.native.kt:48:68 Unchecked cast of 'kotlinx.cinterop.CPointer<kotlinx.cinterop.ByteVarOf<kotlin.Byte>>' to 'kotlinx.cinterop.CPointer<kotlinx.cinterop.UByteVarOf<kotlin.UByte>>?'.
iOS Build Check	UNKNOWN STEP	2026-01-02T09:49:13.4571550Z w: file:///Users/runner/work/kotlin-crypto-pure/kotlin-crypto-pure/src/nativeMain/kotlin/io/github/iml1s/crypto/Pbkdf2.native.kt:52:73 Unchecked cast of 'kotlinx.cinterop.CPointer<kotlinx.cinterop.ByteVarOf<kotlin.Byte>>' to 'kotlinx.cinterop.CPointer<kotlinx.cinterop.UByteVarOf<kotlin.UByte>>?'.
iOS Build Check	UNKNOWN STEP	2026-01-02T09:49:13.4680410Z w: file:///Users/runner/work/kotlin-crypto-pure/kotlin-crypto-pure/src/nativeMain/kotlin/io/github/iml1s/crypto/Pbkdf2.native.kt:86:68 Unchecked cast of 'kotlinx.cinterop.CPointer<kotlinx.cinterop.ByteVarOf<kotlin.Byte>>' to 'kotlinx.cinterop.CPointer<kotlinx.cinterop.UByteVarOf<kotlin.UByte>>?'.
iOS Build Check	UNKNOWN STEP	2026-01-02T09:49:13.4796560Z w: file:///Users/runner/work/kotlin-crypto-pure/kotlin-crypto-pure/src/nativeMain/kotlin/io/github/iml1s/crypto/Pbkdf2.native.kt:90:73 Unchecked cast of 'kotlinx.cinterop.CPointer<kotlinx.cinterop.ByteVarOf<kotlin.Byte>>' to 'kotlinx.cinterop.CPointer<kotlinx.cinterop.UByteVarOf<kotlin.UByte>>?'.
iOS Build Check	UNKNOWN STEP	2026-01-02T09:49:13.4931350Z w: file:///Users/runner/work/kotlin-crypto-pure/kotlin-crypto-pure/src/nativeMain/kotlin/io/github/iml1s/crypto/Pbkdf2.native.kt:110:16 This declaration needs opt-in. Its usage should be marked with '@kotlinx.cinterop.BetaInteropApi' or '@OptIn(kotlinx.cinterop.BetaInteropApi::class)'
iOS Build Check	UNKNOWN STEP	2026-01-02T09:49:13.5037850Z w: file:///Users/runner/work/kotlin-crypto-pure/kotlin-crypto-pure/src/nativeMain/kotlin/io/github/iml1s/crypto/Secp256k1Provider.watchos.kt:8:1 'expect'/'actual' classes (including interfaces, objects, annotations, enums, and 'actual' typealiases) are in Beta. You can use -Xexpect-actual-classes flag to suppress this warning. Also see: https://youtrack.jetbrains.com/issue/KT-61573
iOS Build Check	UNKNOWN STEP	2026-01-02T09:49:13.5944630Z 
iOS Build Check	UNKNOWN STEP	2026-01-02T09:49:13.6046390Z [Incubating] Problems report is available at: file:///Users/runner/work/kotlin-crypto-pure/kotlin-crypto-pure/build/reports/problems/problems-report.html
iOS Build Check	UNKNOWN STEP	2026-01-02T09:49:13.6064930Z 
iOS Build Check	UNKNOWN STEP	2026-01-02T09:49:13.6067820Z Deprecated Gradle features were used in this build, making it incompatible with Gradle 9.0.
iOS Build Check	UNKNOWN STEP	2026-01-02T09:49:13.6092610Z 
iOS Build Check	UNKNOWN STEP	2026-01-02T09:49:13.6109640Z You can use '--warning-mode all' to show the individual deprecation warnings and determine if they come from your own scripts or plugins.
iOS Build Check	UNKNOWN STEP	2026-01-02T09:49:13.6194910Z 
iOS Build Check	UNKNOWN STEP	2026-01-02T09:49:13.6297070Z For more on this, please refer to https://docs.gradle.org/8.13/userguide/command_line_interface.html#sec:command_line_warnings in the Gradle documentation.
iOS Build Check	UNKNOWN STEP	2026-01-02T09:49:13.6341430Z 
iOS Build Check	UNKNOWN STEP	2026-01-02T09:49:13.6444680Z BUILD SUCCESSFUL in 4m 18s
iOS Build Check	UNKNOWN STEP	2026-01-02T09:49:13.6463910Z 2 actionable tasks: 2 executed
iOS Build Check	UNKNOWN STEP	2026-01-02T09:49:15.6400300Z Post job cleanup.
iOS Build Check	UNKNOWN STEP	2026-01-02T09:49:16.1201140Z In final post-action step, saving state and writing summary
iOS Build Check	UNKNOWN STEP	2026-01-02T09:49:16.1206480Z Stopping all Gradle daemons before saving Gradle User Home state
iOS Build Check	UNKNOWN STEP	2026-01-02T09:49:16.1229370Z Stopping Gradle daemons for /Users/runner/.gradle/wrapper/dists/gradle-8.13-all/54h0s9kvb6g2sinako7ub77ku/gradle-8.13
iOS Build Check	UNKNOWN STEP	2026-01-02T09:49:16.1241710Z [command]/Users/runner/.gradle/wrapper/dists/gradle-8.13-all/54h0s9kvb6g2sinako7ub77ku/gradle-8.13/bin/gradle --stop
iOS Build Check	UNKNOWN STEP	2026-01-02T09:49:16.7843230Z Stopping Daemon(s)
iOS Build Check	UNKNOWN STEP	2026-01-02T09:49:16.7893310Z 1 Daemon stopped
iOS Build Check	UNKNOWN STEP	2026-01-02T09:49:16.8261390Z ##[group]Caching Gradle state
iOS Build Check	UNKNOWN STEP	2026-01-02T09:49:16.8527800Z Caching generated-gradle-jars with path '/Users/runner/.gradle/caches/8.13/generated-gradle-jars/gradle-api-8.13.jar' and cache key: generated-gradle-jars-697f81ec8d80712ce7da03f513960371
iOS Build Check	UNKNOWN STEP	2026-01-02T09:49:16.8857560Z Caching wrapper-zips with path '/Users/runner/.gradle/wrapper/dists/gradle-8.13-all/54h0s9kvb6g2sinako7ub77ku' and cache key: wrapper-zips-27b0df0fa405636de00fcbfa0ab79410
iOS Build Check	UNKNOWN STEP	2026-01-02T09:49:16.9466130Z [command]/opt/homebrew/bin/gtar --posix -cf cache.tzst --exclude cache.tzst -P -C /Users/runner/work/kotlin-crypto-pure/kotlin-crypto-pure --files-from manifest.txt --delay-directory-restore --use-compress-program zstdmt
iOS Build Check	UNKNOWN STEP	2026-01-02T09:49:16.9467480Z [command]/opt/homebrew/bin/gtar --posix -cf cache.tzst --exclude cache.tzst -P -C /Users/runner/work/kotlin-crypto-pure/kotlin-crypto-pure --files-from manifest.txt --delay-directory-restore --use-compress-program zstdmt
iOS Build Check	UNKNOWN STEP	2026-01-02T09:49:17.5396320Z Caching dependencies with path '/Users/runner/.gradle/caches/modules-*/files-*/*/*/*/*' and cache key: dependencies-f9b7dbd16d178c5614708f3d42a5989e
iOS Build Check	UNKNOWN STEP	2026-01-02T09:49:17.6241380Z Caching instrumented-jars with path '/Users/runner/.gradle/caches/jars-*/*' and cache key: instrumented-jars-15ce2be0574bdabe8c37e37e72c3086c
iOS Build Check	UNKNOWN STEP	2026-01-02T09:49:17.9757000Z Caching kotlin-dsl with path '/Users/runner/.gradle/caches/*/kotlin-dsl/*/*' and cache key: kotlin-dsl-c381390efd93e5c12e42e8b746880ae7
iOS Build Check	UNKNOWN STEP	2026-01-02T09:49:18.0067740Z [command]/opt/homebrew/bin/gtar --posix -cf cache.tzst --exclude cache.tzst -P -C /Users/runner/work/kotlin-crypto-pure/kotlin-crypto-pure --files-from manifest.txt --delay-directory-restore --use-compress-program zstdmt
iOS Build Check	UNKNOWN STEP	2026-01-02T09:49:18.0139660Z [command]/opt/homebrew/bin/gtar --posix -cf cache.tzst --exclude cache.tzst -P -C /Users/runner/work/kotlin-crypto-pure/kotlin-crypto-pure --files-from manifest.txt --delay-directory-restore --use-compress-program zstdmt
iOS Build Check	UNKNOWN STEP	2026-01-02T09:49:18.0144950Z ##[warning]Failed to save cache entry with path '/Users/runner/.gradle/caches/jars-*/*,zstd-without-long,1.0' and key: instrumented-jars-15ce2be0574bdabe8c37e37e72c3086c: Error: <h2>Our services aren't available right now</h2><p>We're working to restore all services as soon as possible. Please check back soon.</p>0nZRXaQAAAACP/SPEgMiAQLumpjSHHZVmUEhMMzBFREdFMDIyMQBFZGdl
iOS Build Check	UNKNOWN STEP	2026-01-02T09:49:18.0154140Z ##[warning]Failed to save cache entry with path '/Users/runner/.gradle/caches/8.13/generated-gradle-jars/gradle-api-8.13.jar,zstd-without-long,1.0' and key: generated-gradle-jars-697f81ec8d80712ce7da03f513960371: Error: <h2>Our services aren't available right now</h2><p>We're working to restore all services as soon as possible. Please check back soon.</p>0nZRXaQAAAAAV6dCOW3WjSpv5HqJGffC9UEhMMzBFREdFMDQwNgBFZGdl
iOS Build Check	UNKNOWN STEP	2026-01-02T09:49:18.1834020Z [command]/opt/homebrew/bin/gtar --posix -cf cache.tzst --exclude cache.tzst -P -C /Users/runner/work/kotlin-crypto-pure/kotlin-crypto-pure --files-from manifest.txt --delay-directory-restore --use-compress-program zstdmt
iOS Build Check	UNKNOWN STEP	2026-01-02T09:49:18.3801780Z ##[warning]Failed to save cache entry with path '/Users/runner/.gradle/caches/*/kotlin-dsl/*/*,zstd-without-long,1.0' and key: kotlin-dsl-c381390efd93e5c12e42e8b746880ae7: Error: <h2>Our services aren't available right now</h2><p>We're working to restore all services as soon as possible. Please check back soon.</p>0npRXaQAAAACg+eLLyEYcQZKNCmBlX5E0UEhMMzBFREdFMDQwNgBFZGdl
iOS Build Check	UNKNOWN STEP	2026-01-02T09:49:20.0553830Z ##[warning]Failed to save cache entry with path '/Users/runner/.gradle/caches/modules-*/files-*/*/*/*/*,zstd-without-long,1.0' and key: dependencies-f9b7dbd16d178c5614708f3d42a5989e: Error: <h2>Our services aren't available right now</h2><p>We're working to restore all services as soon as possible. Please check back soon.</p>0oJRXaQAAAADa0CoVrmwcQ5GvgKM+agyNUEhMMzBFREdFMDQwNgBFZGdl
iOS Build Check	UNKNOWN STEP	2026-01-02T09:49:32.3133290Z ##[warning]Failed to save cache entry with path '/Users/runner/.gradle/wrapper/dists/gradle-8.13-all/54h0s9kvb6g2sinako7ub77ku,zstd-without-long,1.0' and key: wrapper-zips-27b0df0fa405636de00fcbfa0ab79410: Error: <h2>Our services aren't available right now</h2><p>We're working to restore all services as soon as possible. Please check back soon.</p>0rJRXaQAAAADxfUMhBEDHS5nX20b2Hw9wUEhMMzBFREdFMDQwOQBFZGdl
iOS Build Check	UNKNOWN STEP	2026-01-02T09:49:34.4692220Z Caching Gradle User Home with cache key: v8-gradle|macOS|ci-build-ios[37a6259cc0c1dae299a7866489dff0bd]-fa7978ba9472e1dd9ea57b209ced34cae62dbe1b
iOS Build Check	UNKNOWN STEP	2026-01-02T09:49:34.4825710Z [command]/opt/homebrew/bin/gtar --posix -cf cache.tzst --exclude cache.tzst -P -C /Users/runner/work/kotlin-crypto-pure/kotlin-crypto-pure --files-from manifest.txt --delay-directory-restore --use-compress-program zstdmt
iOS Build Check	UNKNOWN STEP	2026-01-02T09:49:53.7354370Z ##[warning]Failed to save cache entry with path '/Users/runner/.gradle/caches,/Users/runner/.gradle/notifications,/Users/runner/.gradle/.gradle-build-action,zstd-without-long,1.0' and key: v8-gradle|macOS|ci-build-ios[37a6259cc0c1dae299a7866489dff0bd]-fa7978ba9472e1dd9ea57b209ced34cae62dbe1b: Error: <h2>Our services aren't available right now</h2><p>We're working to restore all services as soon as possible. Please check back soon.</p>0wZRXaQAAAABs9FZZ+nOYQZXh6GXlltndUEhMMzBFREdFMDEwNgBFZGdl
iOS Build Check	UNKNOWN STEP	2026-01-02T09:49:53.7376020Z ##[endgroup]
iOS Build Check	UNKNOWN STEP	2026-01-02T09:49:53.7376630Z Writing job summary
iOS Build Check	UNKNOWN STEP	2026-01-02T09:49:53.7949800Z Post job cleanup.
iOS Build Check	UNKNOWN STEP	2026-01-02T09:49:54.0367240Z Post job cleanup.
iOS Build Check	UNKNOWN STEP	2026-01-02T09:49:54.1967740Z [command]/opt/homebrew/bin/git version
iOS Build Check	UNKNOWN STEP	2026-01-02T09:49:54.2658680Z git version 2.50.1
iOS Build Check	UNKNOWN STEP	2026-01-02T09:49:54.2682740Z Copying '/Users/runner/.gitconfig' to '/Users/runner/work/_temp/7a0f33ba-d133-4354-b457-ebfe5e2dfea4/.gitconfig'
iOS Build Check	UNKNOWN STEP	2026-01-02T09:49:54.2691020Z Temporarily overriding HOME='/Users/runner/work/_temp/7a0f33ba-d133-4354-b457-ebfe5e2dfea4' before making global git config changes
iOS Build Check	UNKNOWN STEP	2026-01-02T09:49:54.2691790Z Adding repository directory to the temporary git global config as a safe directory
iOS Build Check	UNKNOWN STEP	2026-01-02T09:49:54.2701410Z [command]/opt/homebrew/bin/git config --global --add safe.directory /Users/runner/work/kotlin-crypto-pure/kotlin-crypto-pure
iOS Build Check	UNKNOWN STEP	2026-01-02T09:49:54.3000370Z [command]/opt/homebrew/bin/git config --local --name-only --get-regexp core\.sshCommand
iOS Build Check	UNKNOWN STEP	2026-01-02T09:49:54.3064150Z [command]/opt/homebrew/bin/git submodule foreach --recursive sh -c "git config --local --name-only --get-regexp 'core\.sshCommand' && git config --local --unset-all 'core.sshCommand' || :"
iOS Build Check	UNKNOWN STEP	2026-01-02T09:49:54.4903050Z [command]/opt/homebrew/bin/git config --local --name-only --get-regexp http\.https\:\/\/github\.com\/\.extraheader
iOS Build Check	UNKNOWN STEP	2026-01-02T09:49:54.4981230Z http.https://github.com/.extraheader
iOS Build Check	UNKNOWN STEP	2026-01-02T09:49:54.4997750Z [command]/opt/homebrew/bin/git config --local --unset-all http.https://github.com/.extraheader
iOS Build Check	UNKNOWN STEP	2026-01-02T09:49:54.5071860Z [command]/opt/homebrew/bin/git submodule foreach --recursive sh -c "git config --local --name-only --get-regexp 'http\.https\:\/\/github\.com\/\.extraheader' && git config --local --unset-all 'http.https://github.com/.extraheader' || :"
iOS Build Check	UNKNOWN STEP	2026-01-02T09:49:54.6438540Z [command]/opt/homebrew/bin/git config --local --name-only --get-regexp ^includeIf\.gitdir:
iOS Build Check	UNKNOWN STEP	2026-01-02T09:49:54.6509530Z [command]/opt/homebrew/bin/git submodule foreach --recursive git config --local --show-origin --name-only --get-regexp remote.origin.url
iOS Build Check	UNKNOWN STEP	2026-01-02T09:49:54.8247800Z Cleaning up orphan processes
watchOS Build Check	UNKNOWN STEP	ï»¿2026-01-02T09:44:49.2486900Z Current runner version: '2.330.0'
watchOS Build Check	UNKNOWN STEP	2026-01-02T09:44:49.2501820Z ##[group]Runner Image Provisioner
watchOS Build Check	UNKNOWN STEP	2026-01-02T09:44:49.2502320Z Hosted Compute Agent
watchOS Build Check	UNKNOWN STEP	2026-01-02T09:44:49.2502650Z Version: 20251211.462
watchOS Build Check	UNKNOWN STEP	2026-01-02T09:44:49.2503030Z Commit: 6cbad8c2bb55d58165063d031ccabf57e2d2db61
watchOS Build Check	UNKNOWN STEP	2026-01-02T09:44:49.2503470Z Build Date: 2025-12-11T16:28:49Z
watchOS Build Check	UNKNOWN STEP	2026-01-02T09:44:49.2503910Z Worker ID: {16f06f82-f800-44c7-a7bd-9c402ba73b16}
watchOS Build Check	UNKNOWN STEP	2026-01-02T09:44:49.2504330Z ##[endgroup]
watchOS Build Check	UNKNOWN STEP	2026-01-02T09:44:49.2504670Z ##[group]Operating System
watchOS Build Check	UNKNOWN STEP	2026-01-02T09:44:49.2505040Z macOS
watchOS Build Check	UNKNOWN STEP	2026-01-02T09:44:49.2505330Z 15.7.2
watchOS Build Check	UNKNOWN STEP	2026-01-02T09:44:49.2505630Z 24G325
watchOS Build Check	UNKNOWN STEP	2026-01-02T09:44:49.2505920Z ##[endgroup]
watchOS Build Check	UNKNOWN STEP	2026-01-02T09:44:49.2506230Z ##[group]Runner Image
watchOS Build Check	UNKNOWN STEP	2026-01-02T09:44:49.2506560Z Image: macos-15-arm64
watchOS Build Check	UNKNOWN STEP	2026-01-02T09:44:49.2506880Z Version: 20251215.0075.1
watchOS Build Check	UNKNOWN STEP	2026-01-02T09:44:49.2507560Z Included Software: https://github.com/actions/runner-images/blob/macos-15-arm64/20251215.0075/images/macos/macos-15-arm64-Readme.md
watchOS Build Check	UNKNOWN STEP	2026-01-02T09:44:49.2508630Z Image Release: https://github.com/actions/runner-images/releases/tag/macos-15-arm64%2F20251215.0075
watchOS Build Check	UNKNOWN STEP	2026-01-02T09:44:49.2509250Z ##[endgroup]
watchOS Build Check	UNKNOWN STEP	2026-01-02T09:44:49.2509940Z ##[group]GITHUB_TOKEN Permissions
watchOS Build Check	UNKNOWN STEP	2026-01-02T09:44:49.2511080Z Contents: read
watchOS Build Check	UNKNOWN STEP	2026-01-02T09:44:49.2511390Z Metadata: read
watchOS Build Check	UNKNOWN STEP	2026-01-02T09:44:49.2511700Z Packages: read
watchOS Build Check	UNKNOWN STEP	2026-01-02T09:44:49.2512010Z ##[endgroup]
watchOS Build Check	UNKNOWN STEP	2026-01-02T09:44:49.2513350Z Secret source: Actions
watchOS Build Check	UNKNOWN STEP	2026-01-02T09:44:49.2513740Z Prepare workflow directory
watchOS Build Check	UNKNOWN STEP	2026-01-02T09:44:49.2782350Z Prepare all required actions
watchOS Build Check	UNKNOWN STEP	2026-01-02T09:44:49.2851610Z Getting action download info
watchOS Build Check	UNKNOWN STEP	2026-01-02T09:44:49.6301590Z Download action repository 'actions/checkout@v4' (SHA:34e114876b0b11c390a56381ad16ebd13914f8d5)
watchOS Build Check	UNKNOWN STEP	2026-01-02T09:44:49.9747530Z Download action repository 'actions/setup-java@v4' (SHA:c1e323688fd81a25caa38c78aa6df2d33d3e20d9)
watchOS Build Check	UNKNOWN STEP	2026-01-02T09:44:51.2923700Z Download action repository 'gradle/gradle-build-action@v2' (SHA:a8f75513eafdebd8141bd1cd4e30fcd194af8dfa)
watchOS Build Check	UNKNOWN STEP	2026-01-02T09:44:52.7274590Z Complete job name: watchOS Build Check
watchOS Build Check	UNKNOWN STEP	2026-01-02T09:44:52.7943650Z ##[group]Run actions/checkout@v4
watchOS Build Check	UNKNOWN STEP	2026-01-02T09:44:52.7944470Z with:
watchOS Build Check	UNKNOWN STEP	2026-01-02T09:44:52.7944930Z   repository: ImL1s/kotlin-crypto-pure
watchOS Build Check	UNKNOWN STEP	2026-01-02T09:44:52.7946140Z   token: ***
watchOS Build Check	UNKNOWN STEP	2026-01-02T09:44:52.7946640Z   ssh-strict: true
watchOS Build Check	UNKNOWN STEP	2026-01-02T09:44:52.7947090Z   ssh-user: git
watchOS Build Check	UNKNOWN STEP	2026-01-02T09:44:52.7947550Z   persist-credentials: true
watchOS Build Check	UNKNOWN STEP	2026-01-02T09:44:52.7948070Z   clean: true
watchOS Build Check	UNKNOWN STEP	2026-01-02T09:44:52.7948560Z   sparse-checkout-cone-mode: true
watchOS Build Check	UNKNOWN STEP	2026-01-02T09:44:52.7949130Z   fetch-depth: 1
watchOS Build Check	UNKNOWN STEP	2026-01-02T09:44:52.7949590Z   fetch-tags: false
watchOS Build Check	UNKNOWN STEP	2026-01-02T09:44:52.7950070Z   show-progress: true
watchOS Build Check	UNKNOWN STEP	2026-01-02T09:44:52.7950550Z   lfs: false
watchOS Build Check	UNKNOWN STEP	2026-01-02T09:44:52.7951000Z   submodules: false
watchOS Build Check	UNKNOWN STEP	2026-01-02T09:44:52.7951480Z   set-safe-directory: true
watchOS Build Check	UNKNOWN STEP	2026-01-02T09:44:52.7952210Z ##[endgroup]
watchOS Build Check	UNKNOWN STEP	2026-01-02T09:44:53.2487790Z Syncing repository: ImL1s/kotlin-crypto-pure
watchOS Build Check	UNKNOWN STEP	2026-01-02T09:44:53.2488950Z ##[group]Getting Git version info
watchOS Build Check	UNKNOWN STEP	2026-01-02T09:44:53.2489350Z Working directory is '/Users/runner/work/kotlin-crypto-pure/kotlin-crypto-pure'
watchOS Build Check	UNKNOWN STEP	2026-01-02T09:44:53.2543500Z [command]/opt/homebrew/bin/git version
watchOS Build Check	UNKNOWN STEP	2026-01-02T09:44:53.3324840Z git version 2.50.1
watchOS Build Check	UNKNOWN STEP	2026-01-02T09:44:53.3376140Z ##[endgroup]
watchOS Build Check	UNKNOWN STEP	2026-01-02T09:44:53.3391020Z Copying '/Users/runner/.gitconfig' to '/Users/runner/work/_temp/01ebf4d0-1670-4975-a414-cf913548eb07/.gitconfig'
watchOS Build Check	UNKNOWN STEP	2026-01-02T09:44:53.3402880Z Temporarily overriding HOME='/Users/runner/work/_temp/01ebf4d0-1670-4975-a414-cf913548eb07' before making global git config changes
watchOS Build Check	UNKNOWN STEP	2026-01-02T09:44:53.3405500Z Adding repository directory to the temporary git global config as a safe directory
watchOS Build Check	UNKNOWN STEP	2026-01-02T09:44:53.3407610Z [command]/opt/homebrew/bin/git config --global --add safe.directory /Users/runner/work/kotlin-crypto-pure/kotlin-crypto-pure
watchOS Build Check	UNKNOWN STEP	2026-01-02T09:44:53.3558910Z Deleting the contents of '/Users/runner/work/kotlin-crypto-pure/kotlin-crypto-pure'
watchOS Build Check	UNKNOWN STEP	2026-01-02T09:44:53.3563410Z ##[group]Initializing the repository
watchOS Build Check	UNKNOWN STEP	2026-01-02T09:44:53.3573900Z [command]/opt/homebrew/bin/git init /Users/runner/work/kotlin-crypto-pure/kotlin-crypto-pure
watchOS Build Check	UNKNOWN STEP	2026-01-02T09:44:53.3909680Z hint: Using 'master' as the name for the initial branch. This default branch name
watchOS Build Check	UNKNOWN STEP	2026-01-02T09:44:53.3911300Z hint: is subject to change. To configure the initial branch name to use in all
watchOS Build Check	UNKNOWN STEP	2026-01-02T09:44:53.3912370Z hint: of your new repositories, which will suppress this warning, call:
watchOS Build Check	UNKNOWN STEP	2026-01-02T09:44:53.3913130Z hint:
watchOS Build Check	UNKNOWN STEP	2026-01-02T09:44:53.3914360Z hint: 	git config --global init.defaultBranch <name>
watchOS Build Check	UNKNOWN STEP	2026-01-02T09:44:53.3915000Z hint:
watchOS Build Check	UNKNOWN STEP	2026-01-02T09:44:53.3915750Z hint: Names commonly chosen instead of 'master' are 'main', 'trunk' and
watchOS Build Check	UNKNOWN STEP	2026-01-02T09:44:53.3916760Z hint: 'development'. The just-created branch can be renamed via this command:
watchOS Build Check	UNKNOWN STEP	2026-01-02T09:44:53.3917610Z hint:
watchOS Build Check	UNKNOWN STEP	2026-01-02T09:44:53.3939060Z hint: 	git branch -m <name>
watchOS Build Check	UNKNOWN STEP	2026-01-02T09:44:53.3939470Z hint:
watchOS Build Check	UNKNOWN STEP	2026-01-02T09:44:53.3939740Z hint: Disable this message with "git config set advice.defaultBranchName false"
watchOS Build Check	UNKNOWN STEP	2026-01-02T09:44:53.3940350Z Initialized empty Git repository in /Users/runner/work/kotlin-crypto-pure/kotlin-crypto-pure/.git/
watchOS Build Check	UNKNOWN STEP	2026-01-02T09:44:53.3983060Z [command]/opt/homebrew/bin/git remote add origin https://github.com/ImL1s/kotlin-crypto-pure
watchOS Build Check	UNKNOWN STEP	2026-01-02T09:44:53.4082390Z ##[endgroup]
watchOS Build Check	UNKNOWN STEP	2026-01-02T09:44:53.4107900Z ##[group]Disabling automatic garbage collection
watchOS Build Check	UNKNOWN STEP	2026-01-02T09:44:53.4108500Z [command]/opt/homebrew/bin/git config --local gc.auto 0
watchOS Build Check	UNKNOWN STEP	2026-01-02T09:44:53.4195520Z ##[endgroup]
watchOS Build Check	UNKNOWN STEP	2026-01-02T09:44:53.4196260Z ##[group]Setting up auth
watchOS Build Check	UNKNOWN STEP	2026-01-02T09:44:53.4197090Z [command]/opt/homebrew/bin/git config --local --name-only --get-regexp core\.sshCommand
watchOS Build Check	UNKNOWN STEP	2026-01-02T09:44:53.4271880Z [command]/opt/homebrew/bin/git submodule foreach --recursive sh -c "git config --local --name-only --get-regexp 'core\.sshCommand' && git config --local --unset-all 'core.sshCommand' || :"
watchOS Build Check	UNKNOWN STEP	2026-01-02T09:44:53.5603660Z [command]/opt/homebrew/bin/git config --local --name-only --get-regexp http\.https\:\/\/github\.com\/\.extraheader
watchOS Build Check	UNKNOWN STEP	2026-01-02T09:44:53.5674140Z [command]/opt/homebrew/bin/git submodule foreach --recursive sh -c "git config --local --name-only --get-regexp 'http\.https\:\/\/github\.com\/\.extraheader' && git config --local --unset-all 'http.https://github.com/.extraheader' || :"
watchOS Build Check	UNKNOWN STEP	2026-01-02T09:44:53.6771850Z [command]/opt/homebrew/bin/git config --local --name-only --get-regexp ^includeIf\.gitdir:
watchOS Build Check	UNKNOWN STEP	2026-01-02T09:44:53.6921020Z [command]/opt/homebrew/bin/git submodule foreach --recursive git config --local --show-origin --name-only --get-regexp remote.origin.url
watchOS Build Check	UNKNOWN STEP	2026-01-02T09:44:53.8099840Z [command]/opt/homebrew/bin/git config --local http.https://github.com/.extraheader AUTHORIZATION: basic ***
watchOS Build Check	UNKNOWN STEP	2026-01-02T09:44:53.8203800Z ##[endgroup]
watchOS Build Check	UNKNOWN STEP	2026-01-02T09:44:53.8204690Z ##[group]Fetching the repository
watchOS Build Check	UNKNOWN STEP	2026-01-02T09:44:53.8209710Z [command]/opt/homebrew/bin/git -c protocol.version=2 fetch --no-tags --prune --no-recurse-submodules --depth=1 origin +fa7978ba9472e1dd9ea57b209ced34cae62dbe1b:refs/remotes/origin/main
watchOS Build Check	UNKNOWN STEP	2026-01-02T09:44:54.7101820Z From https://github.com/ImL1s/kotlin-crypto-pure
watchOS Build Check	UNKNOWN STEP	2026-01-02T09:44:54.7105870Z  * [new ref]         fa7978ba9472e1dd9ea57b209ced34cae62dbe1b -> origin/main
watchOS Build Check	UNKNOWN STEP	2026-01-02T09:44:54.7246280Z ##[endgroup]
watchOS Build Check	UNKNOWN STEP	2026-01-02T09:44:54.7246740Z ##[group]Determining the checkout info
watchOS Build Check	UNKNOWN STEP	2026-01-02T09:44:54.7247140Z ##[endgroup]
watchOS Build Check	UNKNOWN STEP	2026-01-02T09:44:54.7247540Z [command]/opt/homebrew/bin/git sparse-checkout disable
watchOS Build Check	UNKNOWN STEP	2026-01-02T09:44:54.7287140Z [command]/opt/homebrew/bin/git config --local --unset-all extensions.worktreeConfig
watchOS Build Check	UNKNOWN STEP	2026-01-02T09:44:54.7350620Z ##[group]Checking out the ref
watchOS Build Check	UNKNOWN STEP	2026-01-02T09:44:54.7357860Z [command]/opt/homebrew/bin/git checkout --progress --force -B main refs/remotes/origin/main
watchOS Build Check	UNKNOWN STEP	2026-01-02T09:44:54.7671190Z Switched to a new branch 'main'
watchOS Build Check	UNKNOWN STEP	2026-01-02T09:44:54.7673560Z branch 'main' set up to track 'origin/main'.
watchOS Build Check	UNKNOWN STEP	2026-01-02T09:44:54.7679440Z ##[endgroup]
watchOS Build Check	UNKNOWN STEP	2026-01-02T09:44:54.7788370Z [command]/opt/homebrew/bin/git log -1 --format=%H
watchOS Build Check	UNKNOWN STEP	2026-01-02T09:44:54.7849180Z fa7978ba9472e1dd9ea57b209ced34cae62dbe1b
watchOS Build Check	UNKNOWN STEP	2026-01-02T09:44:54.8051040Z ##[group]Run actions/setup-java@v4
watchOS Build Check	UNKNOWN STEP	2026-01-02T09:44:54.8051530Z with:
watchOS Build Check	UNKNOWN STEP	2026-01-02T09:44:54.8051640Z   java-version: 17
watchOS Build Check	UNKNOWN STEP	2026-01-02T09:44:54.8051780Z   distribution: temurin
watchOS Build Check	UNKNOWN STEP	2026-01-02T09:44:54.8051920Z   java-package: jdk
watchOS Build Check	UNKNOWN STEP	2026-01-02T09:44:54.8052050Z   check-latest: false
watchOS Build Check	UNKNOWN STEP	2026-01-02T09:44:54.8052180Z   server-id: github
watchOS Build Check	UNKNOWN STEP	2026-01-02T09:44:54.8052320Z   server-username: GITHUB_ACTOR
watchOS Build Check	UNKNOWN STEP	2026-01-02T09:44:54.8052490Z   server-password: GITHUB_TOKEN
watchOS Build Check	UNKNOWN STEP	2026-01-02T09:44:54.8052660Z   overwrite-settings: true
watchOS Build Check	UNKNOWN STEP	2026-01-02T09:44:54.8052910Z   job-status: success
watchOS Build Check	UNKNOWN STEP	2026-01-02T09:44:54.8053180Z   token: ***
watchOS Build Check	UNKNOWN STEP	2026-01-02T09:44:54.8053330Z ##[endgroup]
watchOS Build Check	UNKNOWN STEP	2026-01-02T09:44:55.0466000Z ##[group]Installed distributions
watchOS Build Check	UNKNOWN STEP	2026-01-02T09:44:55.0523870Z Resolved Java 17.0.17+10 from tool-cache
watchOS Build Check	UNKNOWN STEP	2026-01-02T09:44:55.0528490Z Setting Java 17.0.17+10 as the default
watchOS Build Check	UNKNOWN STEP	2026-01-02T09:44:55.0541300Z Creating toolchains.xml for JDK version 17 from temurin
watchOS Build Check	UNKNOWN STEP	2026-01-02T09:44:55.0588870Z Writing to /Users/runner/.m2/toolchains.xml
watchOS Build Check	UNKNOWN STEP	2026-01-02T09:44:55.0589660Z 
watchOS Build Check	UNKNOWN STEP	2026-01-02T09:44:55.0590560Z Java configuration:
watchOS Build Check	UNKNOWN STEP	2026-01-02T09:44:55.0591300Z   Distribution: temurin
watchOS Build Check	UNKNOWN STEP	2026-01-02T09:44:55.0591920Z   Version: 17.0.17+10
watchOS Build Check	UNKNOWN STEP	2026-01-02T09:44:55.0592900Z   Path: /Users/runner/hostedtoolcache/Java_Temurin-Hotspot_jdk/17.0.17-10/arm64/Contents/Home
watchOS Build Check	UNKNOWN STEP	2026-01-02T09:44:55.0593800Z 
watchOS Build Check	UNKNOWN STEP	2026-01-02T09:44:55.0594570Z ##[endgroup]
watchOS Build Check	UNKNOWN STEP	2026-01-02T09:44:55.0618930Z Creating settings.xml with server-id: github
watchOS Build Check	UNKNOWN STEP	2026-01-02T09:44:55.0619210Z Writing to /Users/runner/.m2/settings.xml
watchOS Build Check	UNKNOWN STEP	2026-01-02T09:44:55.0734990Z ##[group]Run gradle/gradle-build-action@v2
watchOS Build Check	UNKNOWN STEP	2026-01-02T09:44:55.0735210Z with:
watchOS Build Check	UNKNOWN STEP	2026-01-02T09:44:55.0735340Z   cache-disabled: false
watchOS Build Check	UNKNOWN STEP	2026-01-02T09:44:55.0735490Z   cache-read-only: false
watchOS Build Check	UNKNOWN STEP	2026-01-02T09:44:55.0735650Z   cache-write-only: false
watchOS Build Check	UNKNOWN STEP	2026-01-02T09:44:55.0735810Z   cache-overwrite-existing: false
watchOS Build Check	UNKNOWN STEP	2026-01-02T09:44:55.0736040Z   gradle-home-cache-includes: caches
watchOS Build Check	UNKNOWN STEP	notifications
watchOS Build Check	UNKNOWN STEP	
watchOS Build Check	UNKNOWN STEP	2026-01-02T09:44:55.0736280Z   gradle-home-cache-cleanup: false
watchOS Build Check	UNKNOWN STEP	2026-01-02T09:44:55.0736460Z   generate-job-summary: true
watchOS Build Check	UNKNOWN STEP	2026-01-02T09:44:55.0736660Z   dependency-graph: disabled
watchOS Build Check	UNKNOWN STEP	2026-01-02T09:44:55.0736860Z   gradle-home-cache-strict-match: false
watchOS Build Check	UNKNOWN STEP	2026-01-02T09:44:55.0737070Z   workflow-job-context: null
watchOS Build Check	UNKNOWN STEP	2026-01-02T09:44:55.0737350Z   github-token: ***
watchOS Build Check	UNKNOWN STEP	2026-01-02T09:44:55.0737620Z env:
watchOS Build Check	UNKNOWN STEP	2026-01-02T09:44:55.0737910Z   JAVA_HOME: /Users/runner/hostedtoolcache/Java_Temurin-Hotspot_jdk/17.0.17-10/arm64/Contents/Home
watchOS Build Check	UNKNOWN STEP	2026-01-02T09:44:55.0738460Z   JAVA_HOME_17_ARM64: /Users/runner/hostedtoolcache/Java_Temurin-Hotspot_jdk/17.0.17-10/arm64/Contents/Home
watchOS Build Check	UNKNOWN STEP	2026-01-02T09:44:55.0738800Z ##[endgroup]
watchOS Build Check	UNKNOWN STEP	2026-01-02T09:44:55.5239050Z ##[group]Restore Gradle state from cache
watchOS Build Check	UNKNOWN STEP	2026-01-02T09:44:55.7600820Z ##[warning]Failed to restore v8-gradle|macOS|ci-build-watchos[37a6259cc0c1dae299a7866489dff0bd]-fa7978ba9472e1dd9ea57b209ced34cae62dbe1b: Error: Cache service responded with 400
watchOS Build Check	UNKNOWN STEP	2026-01-02T09:44:55.7639660Z Gradle User Home cache not found. Will initialize empty.
watchOS Build Check	UNKNOWN STEP	2026-01-02T09:44:55.7640170Z ##[endgroup]
watchOS Build Check	UNKNOWN STEP	2026-01-02T09:44:55.7812940Z ##[group]Run ./gradlew compileKotlinWatchosArm64
watchOS Build Check	UNKNOWN STEP	2026-01-02T09:44:55.7814040Z [36;1m./gradlew compileKotlinWatchosArm64[0m
watchOS Build Check	UNKNOWN STEP	2026-01-02T09:44:55.7949140Z shell: /bin/bash -e {0}
watchOS Build Check	UNKNOWN STEP	2026-01-02T09:44:55.7949380Z env:
watchOS Build Check	UNKNOWN STEP	2026-01-02T09:44:55.7949810Z   JAVA_HOME: /Users/runner/hostedtoolcache/Java_Temurin-Hotspot_jdk/17.0.17-10/arm64/Contents/Home
watchOS Build Check	UNKNOWN STEP	2026-01-02T09:44:55.7950360Z   JAVA_HOME_17_ARM64: /Users/runner/hostedtoolcache/Java_Temurin-Hotspot_jdk/17.0.17-10/arm64/Contents/Home
watchOS Build Check	UNKNOWN STEP	2026-01-02T09:44:55.7950770Z   GRADLE_BUILD_ACTION_SETUP_COMPLETED: true
watchOS Build Check	UNKNOWN STEP	2026-01-02T09:44:55.7951080Z   GRADLE_BUILD_ACTION_CACHE_RESTORED: true
watchOS Build Check	UNKNOWN STEP	2026-01-02T09:44:55.7951290Z ##[endgroup]
watchOS Build Check	UNKNOWN STEP	2026-01-02T09:44:56.0271940Z Downloading https://services.gradle.org/distributions/gradle-8.13-all.zip
watchOS Build Check	UNKNOWN STEP	2026-01-02T09:45:02.8867490Z ......................10%......................20%......................30%......................40%......................50%......................60%......................70%.......................80%......................90%......................100%
watchOS Build Check	UNKNOWN STEP	2026-01-02T09:45:10.4261620Z 
watchOS Build Check	UNKNOWN STEP	2026-01-02T09:45:10.4310660Z Welcome to Gradle 8.13!
watchOS Build Check	UNKNOWN STEP	2026-01-02T09:45:10.4335820Z 
watchOS Build Check	UNKNOWN STEP	2026-01-02T09:45:10.4336730Z Here are the highlights of this release:
watchOS Build Check	UNKNOWN STEP	2026-01-02T09:45:10.4338580Z  - Daemon JVM auto-provisioning
watchOS Build Check	UNKNOWN STEP	2026-01-02T09:45:10.4339720Z  - Enhancements for Scala plugin and JUnit testing
watchOS Build Check	UNKNOWN STEP	2026-01-02T09:45:10.4340140Z  - Improvements for build authors and plugin developers
watchOS Build Check	UNKNOWN STEP	2026-01-02T09:45:10.4340530Z 
watchOS Build Check	UNKNOWN STEP	2026-01-02T09:45:10.4340950Z For more details see https://docs.gradle.org/8.13/release-notes.html
watchOS Build Check	UNKNOWN STEP	2026-01-02T09:45:10.4341450Z 
watchOS Build Check	UNKNOWN STEP	2026-01-02T09:45:10.4751960Z Starting a Gradle Daemon (subsequent builds will be faster)
watchOS Build Check	UNKNOWN STEP	2026-01-02T09:47:43.0080760Z 
watchOS Build Check	UNKNOWN STEP	2026-01-02T09:47:43.0190920Z > Configure project :
watchOS Build Check	UNKNOWN STEP	2026-01-02T09:47:43.0300040Z w: file:///Users/runner/work/kotlin-crypto-pure/kotlin-crypto-pure/build.gradle.kts:26:21: 'defFile: File' is deprecated. Deprecated because it is a non-lazy property.
watchOS Build Check	UNKNOWN STEP	2026-01-02T09:47:43.0931060Z w: file:///Users/runner/work/kotlin-crypto-pure/kotlin-crypto-pure/build.gradle.kts:37:21: 'defFile: File' is deprecated. Deprecated because it is a non-lazy property.
watchOS Build Check	UNKNOWN STEP	2026-01-02T09:47:43.1051680Z w: file:///Users/runner/work/kotlin-crypto-pure/kotlin-crypto-pure/build.gradle.kts:48:21: 'defFile: File' is deprecated. Deprecated because it is a non-lazy property.
watchOS Build Check	UNKNOWN STEP	2026-01-02T09:47:43.1161370Z w: file:///Users/runner/work/kotlin-crypto-pure/kotlin-crypto-pure/build.gradle.kts:60:21: 'defFile: File' is deprecated. Deprecated because it is a non-lazy property.
watchOS Build Check	UNKNOWN STEP	2026-01-02T09:47:43.1276250Z w: file:///Users/runner/work/kotlin-crypto-pure/kotlin-crypto-pure/build.gradle.kts:71:21: 'defFile: File' is deprecated. Deprecated because it is a non-lazy property.
watchOS Build Check	UNKNOWN STEP	2026-01-02T09:47:43.1399370Z w: file:///Users/runner/work/kotlin-crypto-pure/kotlin-crypto-pure/build.gradle.kts:82:21: 'defFile: File' is deprecated. Deprecated because it is a non-lazy property.
watchOS Build Check	UNKNOWN STEP	2026-01-02T09:47:45.7052610Z w: The Default Kotlin Hierarchy Template was not applied to 'root project 'kotlin-crypto-pure'':
watchOS Build Check	UNKNOWN STEP	2026-01-02T09:47:45.7180930Z Explicit .dependsOn() edges were configured for the following source sets:
watchOS Build Check	UNKNOWN STEP	2026-01-02T09:47:45.7301320Z [iosArm64Main, iosArm64Test, iosMain, iosSimulatorArm64Main, iosSimulatorArm64Test, iosX64Main, iosX64Test, jvmMain, jvmTest, nativeMain, nativeTest, watchosArm64Main, watchosArm64Test, watchosMain, watchosSimulatorArm64Main, watchosSimulatorArm64Test, watchosX64Main, watchosX64Test]
watchOS Build Check	UNKNOWN STEP	2026-01-02T09:47:45.7418200Z 
watchOS Build Check	UNKNOWN STEP	2026-01-02T09:47:45.7519780Z Consider removing dependsOn-calls or disabling the default template by adding
watchOS Build Check	UNKNOWN STEP	2026-01-02T09:47:45.7646120Z     'kotlin.mpp.applyDefaultHierarchyTemplate=false'
watchOS Build Check	UNKNOWN STEP	2026-01-02T09:47:45.7768340Z to your gradle.properties
watchOS Build Check	UNKNOWN STEP	2026-01-02T09:47:45.7899060Z 
watchOS Build Check	UNKNOWN STEP	2026-01-02T09:47:45.8002030Z Learn more about hierarchy templates: https://kotl.in/hierarchy-template
watchOS Build Check	UNKNOWN STEP	2026-01-02T09:47:45.8122820Z 
watchOS Build Check	UNKNOWN STEP	2026-01-02T09:47:46.1777530Z 
watchOS Build Check	UNKNOWN STEP	2026-01-02T09:47:46.1885270Z > Task :checkKotlinGradlePluginConfigurationErrors SKIPPED
watchOS Build Check	UNKNOWN STEP	2026-01-02T09:48:16.1838830Z > Task :cinteropCommonCryptoWatchosArm64
watchOS Build Check	UNKNOWN STEP	2026-01-02T09:49:01.1136350Z Downloading native dependencies (LLVM, sysroot etc). This is a one-time action performed only on the first run of the compiler.
watchOS Build Check	UNKNOWN STEP	2026-01-02T09:49:04.6819800Z Done.
watchOS Build Check	UNKNOWN STEP	2026-01-02T09:49:04.6821470Z Extracting dependency: /Users/runner/.konan/dependencies/cache/llvm-16.0.0-aarch64-macos-essentials-63.tar.gz into /Users/runner/.konan/dependencies
watchOS Build Check	UNKNOWN STEP	2026-01-02T09:49:07.5804180Z Done.
watchOS Build Check	UNKNOWN STEP	2026-01-02T09:49:07.5807890Z Extracting dependency: /Users/runner/.konan/dependencies/cache/libffi-3.3-1-macos-arm64.tar.gz into /Users/runner/.konan/dependencies
watchOS Build Check	UNKNOWN STEP	2026-01-02T09:49:55.1960660Z w: file:///Users/runner/work/kotlin-crypto-pure/kotlin-crypto-pure/src/commonMain/kotlin/io/github/iml1s/crypto/AesGcm.kt:78:1 'expect'/'actual' classes (including interfaces, objects, annotations, enums, and 'actual' typealiases) are in Beta. You can use -Xexpect-actual-classes flag to suppress this warning. Also see: https://youtrack.jetbrains.com/issue/KT-61573
watchOS Build Check	UNKNOWN STEP	2026-01-02T09:49:55.1962070Z 
watchOS Build Check	UNKNOWN STEP	2026-01-02T09:49:55.2063920Z w: file:///Users/runner/work/kotlin-crypto-pure/kotlin-crypto-pure/src/commonMain/kotlin/io/github/iml1s/crypto/Digest.kt:61:13 Check for instance is always 'true'.
watchOS Build Check	UNKNOWN STEP	2026-01-02T09:49:55.2306010Z > Task :compileKotlinWatchosArm64
watchOS Build Check	UNKNOWN STEP	2026-01-02T09:49:55.2308550Z w: file:///Users/runner/work/kotlin-crypto-pure/kotlin-crypto-pure/src/commonMain/kotlin/io/github/iml1s/crypto/Digest.kt:80:13 Check for instance is always 'true'.
watchOS Build Check	UNKNOWN STEP	2026-01-02T09:49:55.2312670Z w: file:///Users/runner/work/kotlin-crypto-pure/kotlin-crypto-pure/src/commonMain/kotlin/io/github/iml1s/crypto/Secp256k1Provider.kt:12:1 'expect'/'actual' classes (including interfaces, objects, annotations, enums, and 'actual' typealiases) are in Beta. You can use -Xexpect-actual-classes flag to suppress this warning. Also see: https://youtrack.jetbrains.com/issue/KT-61573
watchOS Build Check	UNKNOWN STEP	2026-01-02T09:49:55.2318140Z w: file:///Users/runner/work/kotlin-crypto-pure/kotlin-crypto-pure/src/nativeMain/kotlin/io/github/iml1s/crypto/AesGcm.native.kt:24:1 'expect'/'actual' classes (including interfaces, objects, annotations, enums, and 'actual' typealiases) are in Beta. You can use -Xexpect-actual-classes flag to suppress this warning. Also see: https://youtrack.jetbrains.com/issue/KT-61573
watchOS Build Check	UNKNOWN STEP	2026-01-02T09:49:55.2321540Z w: file:///Users/runner/work/kotlin-crypto-pure/kotlin-crypto-pure/src/nativeMain/kotlin/io/github/iml1s/crypto/Bip32.ios.kt:46:37 Unchecked cast of 'kotlinx.cinterop.CPointer<kotlinx.cinterop.ByteVarOf<kotlin.Byte>>' to 'kotlinx.cinterop.CPointer<kotlinx.cinterop.UByteVarOf<kotlin.UByte>>?'.
watchOS Build Check	UNKNOWN STEP	2026-01-02T09:49:55.2323300Z w: file:///Users/runner/work/kotlin-crypto-pure/kotlin-crypto-pure/src/nativeMain/kotlin/io/github/iml1s/crypto/Bip32.ios.kt:48:43 Unchecked cast of 'kotlinx.cinterop.CPointer<kotlinx.cinterop.ByteVarOf<kotlin.Byte>>' to 'kotlinx.cinterop.CPointer<kotlinx.cinterop.UByteVarOf<kotlin.UByte>>?'.
watchOS Build Check	UNKNOWN STEP	2026-01-02T09:49:55.2325110Z w: file:///Users/runner/work/kotlin-crypto-pure/kotlin-crypto-pure/src/nativeMain/kotlin/io/github/iml1s/crypto/Pbkdf2.native.kt:48:68 Unchecked cast of 'kotlinx.cinterop.CPointer<kotlinx.cinterop.ByteVarOf<kotlin.Byte>>' to 'kotlinx.cinterop.CPointer<kotlinx.cinterop.UByteVarOf<kotlin.UByte>>?'.
watchOS Build Check	UNKNOWN STEP	2026-01-02T09:49:55.2326740Z w: file:///Users/runner/work/kotlin-crypto-pure/kotlin-crypto-pure/src/nativeMain/kotlin/io/github/iml1s/crypto/Pbkdf2.native.kt:52:73 Unchecked cast of 'kotlinx.cinterop.CPointer<kotlinx.cinterop.ByteVarOf<kotlin.Byte>>' to 'kotlinx.cinterop.CPointer<kotlinx.cinterop.UByteVarOf<kotlin.UByte>>?'.
watchOS Build Check	UNKNOWN STEP	2026-01-02T09:49:55.2328880Z w: file:///Users/runner/work/kotlin-crypto-pure/kotlin-crypto-pure/src/nativeMain/kotlin/io/github/iml1s/crypto/Pbkdf2.native.kt:86:68 Unchecked cast of 'kotlinx.cinterop.CPointer<kotlinx.cinterop.ByteVarOf<kotlin.Byte>>' to 'kotlinx.cinterop.CPointer<kotlinx.cinterop.UByteVarOf<kotlin.UByte>>?'.
watchOS Build Check	UNKNOWN STEP	2026-01-02T09:49:55.2339250Z w: file:///Users/runner/work/kotlin-crypto-pure/kotlin-crypto-pure/src/nativeMain/kotlin/io/github/iml1s/crypto/Pbkdf2.native.kt:90:73 Unchecked cast of 'kotlinx.cinterop.CPointer<kotlinx.cinterop.ByteVarOf<kotlin.Byte>>' to 'kotlinx.cinterop.CPointer<kotlinx.cinterop.UByteVarOf<kotlin.UByte>>?'.
watchOS Build Check	UNKNOWN STEP	2026-01-02T09:49:55.2344850Z w: file:///Users/runner/work/kotlin-crypto-pure/kotlin-crypto-pure/src/nativeMain/kotlin/io/github/iml1s/crypto/Pbkdf2.native.kt:110:16 This declaration needs opt-in. Its usage should be marked with '@kotlinx.cinterop.BetaInteropApi' or '@OptIn(kotlinx.cinterop.BetaInteropApi::class)'
watchOS Build Check	UNKNOWN STEP	2026-01-02T09:49:55.2351050Z w: file:///Users/runner/work/kotlin-crypto-pure/kotlin-crypto-pure/src/nativeMain/kotlin/io/github/iml1s/crypto/Secp256k1Provider.watchos.kt:8:1 'expect'/'actual' classes (including interfaces, objects, annotations, enums, and 'actual' typealiases) are in Beta. You can use -Xexpect-actual-classes flag to suppress this warning. Also see: https://youtrack.jetbrains.com/issue/KT-61573
watchOS Build Check	UNKNOWN STEP	2026-01-02T09:49:55.4035660Z 
watchOS Build Check	UNKNOWN STEP	2026-01-02T09:49:55.4058370Z [Incubating] Problems report is available at: file:///Users/runner/work/kotlin-crypto-pure/kotlin-crypto-pure/build/reports/problems/problems-report.html
watchOS Build Check	UNKNOWN STEP	2026-01-02T09:49:55.4061610Z 
watchOS Build Check	UNKNOWN STEP	2026-01-02T09:49:55.4062270Z Deprecated Gradle features were used in this build, making it incompatible with Gradle 9.0.
watchOS Build Check	UNKNOWN STEP	2026-01-02T09:49:55.4062960Z 
watchOS Build Check	UNKNOWN STEP	2026-01-02T09:49:55.4064020Z You can use '--warning-mode all' to show the individual deprecation warnings and determine if they come from your own scripts or plugins.
watchOS Build Check	UNKNOWN STEP	2026-01-02T09:49:55.4065310Z 
watchOS Build Check	UNKNOWN STEP	2026-01-02T09:49:55.4066270Z For more on this, please refer to https://docs.gradle.org/8.13/userguide/command_line_interface.html#sec:command_line_warnings in the Gradle documentation.
watchOS Build Check	UNKNOWN STEP	2026-01-02T09:49:55.4067660Z 
watchOS Build Check	UNKNOWN STEP	2026-01-02T09:49:55.4068040Z BUILD SUCCESSFUL in 4m 59s
watchOS Build Check	UNKNOWN STEP	2026-01-02T09:49:55.4068620Z 2 actionable tasks: 2 executed
watchOS Build Check	UNKNOWN STEP	2026-01-02T09:49:56.9857490Z Post job cleanup.
watchOS Build Check	UNKNOWN STEP	2026-01-02T09:49:57.6548530Z In final post-action step, saving state and writing summary
watchOS Build Check	UNKNOWN STEP	2026-01-02T09:49:57.6563910Z Stopping all Gradle daemons before saving Gradle User Home state
watchOS Build Check	UNKNOWN STEP	2026-01-02T09:49:57.6572060Z Stopping Gradle daemons for /Users/runner/.gradle/wrapper/dists/gradle-8.13-all/54h0s9kvb6g2sinako7ub77ku/gradle-8.13
watchOS Build Check	UNKNOWN STEP	2026-01-02T09:49:57.6610400Z [command]/Users/runner/.gradle/wrapper/dists/gradle-8.13-all/54h0s9kvb6g2sinako7ub77ku/gradle-8.13/bin/gradle --stop
watchOS Build Check	UNKNOWN STEP	2026-01-02T09:49:58.9457560Z Stopping Daemon(s)
watchOS Build Check	UNKNOWN STEP	2026-01-02T09:49:58.9468340Z 1 Daemon stopped
watchOS Build Check	UNKNOWN STEP	2026-01-02T09:49:58.9704450Z ##[group]Caching Gradle state
watchOS Build Check	UNKNOWN STEP	2026-01-02T09:49:58.9903390Z Caching generated-gradle-jars with path '/Users/runner/.gradle/caches/8.13/generated-gradle-jars/gradle-api-8.13.jar' and cache key: generated-gradle-jars-697f81ec8d80712ce7da03f513960371
watchOS Build Check	UNKNOWN STEP	2026-01-02T09:49:59.0011330Z Caching wrapper-zips with path '/Users/runner/.gradle/wrapper/dists/gradle-8.13-all/54h0s9kvb6g2sinako7ub77ku' and cache key: wrapper-zips-27b0df0fa405636de00fcbfa0ab79410
watchOS Build Check	UNKNOWN STEP	2026-01-02T09:49:59.0355630Z [command]/opt/homebrew/bin/gtar --posix -cf cache.tzst --exclude cache.tzst -P -C /Users/runner/work/kotlin-crypto-pure/kotlin-crypto-pure --files-from manifest.txt --delay-directory-restore --use-compress-program zstdmt
watchOS Build Check	UNKNOWN STEP	2026-01-02T09:49:59.0376780Z [command]/opt/homebrew/bin/gtar --posix -cf cache.tzst --exclude cache.tzst -P -C /Users/runner/work/kotlin-crypto-pure/kotlin-crypto-pure --files-from manifest.txt --delay-directory-restore --use-compress-program zstdmt
watchOS Build Check	UNKNOWN STEP	2026-01-02T09:49:59.8833020Z Caching dependencies with path '/Users/runner/.gradle/caches/modules-*/files-*/*/*/*/*' and cache key: dependencies-d2b1d975b45af2ba7a060cc84dc9a422
watchOS Build Check	UNKNOWN STEP	2026-01-02T09:50:00.1158160Z Caching instrumented-jars with path '/Users/runner/.gradle/caches/jars-*/*' and cache key: instrumented-jars-15ce2be0574bdabe8c37e37e72c3086c
watchOS Build Check	UNKNOWN STEP	2026-01-02T09:50:00.2937520Z [command]/opt/homebrew/bin/gtar --posix -cf cache.tzst --exclude cache.tzst -P -C /Users/runner/work/kotlin-crypto-pure/kotlin-crypto-pure --files-from manifest.txt --delay-directory-restore --use-compress-program zstdmt
watchOS Build Check	UNKNOWN STEP	2026-01-02T09:50:00.2940160Z Caching kotlin-dsl with path '/Users/runner/.gradle/caches/*/kotlin-dsl/*/*' and cache key: kotlin-dsl-c381390efd93e5c12e42e8b746880ae7
watchOS Build Check	UNKNOWN STEP	2026-01-02T09:50:00.2965550Z [command]/opt/homebrew/bin/gtar --posix -cf cache.tzst --exclude cache.tzst -P -C /Users/runner/work/kotlin-crypto-pure/kotlin-crypto-pure --files-from manifest.txt --delay-directory-restore --use-compress-program zstdmt
watchOS Build Check	UNKNOWN STEP	2026-01-02T09:50:00.3429890Z ##[warning]Failed to save cache entry with path '/Users/runner/.gradle/caches/8.13/generated-gradle-jars/gradle-api-8.13.jar,zstd-without-long,1.0' and key: generated-gradle-jars-697f81ec8d80712ce7da03f513960371: Error: <h2>Our services aren't available right now</h2><p>We're working to restore all services as soon as possible. Please check back soon.</p>0yZRXaQAAAAB0Is0pYuv9S4nQsEWZLG6uU04xRURHRTE3MTAARWRnZQ==
watchOS Build Check	UNKNOWN STEP	2026-01-02T09:50:00.3887020Z ##[warning]Failed to save cache entry with path '/Users/runner/.gradle/caches/jars-*/*,zstd-without-long,1.0' and key: instrumented-jars-15ce2be0574bdabe8c37e37e72c3086c: Error: <h2>Our services aren't available right now</h2><p>We're working to restore all services as soon as possible. Please check back soon.</p>0yZRXaQAAAAA9jSVNWCh4RYMJcogxkQ0GU04xRURHRTMwMDkARWRnZQ==
watchOS Build Check	UNKNOWN STEP	2026-01-02T09:50:00.7147170Z ##[warning]Failed to save cache entry with path '/Users/runner/.gradle/caches/*/kotlin-dsl/*/*,zstd-without-long,1.0' and key: kotlin-dsl-c381390efd93e5c12e42e8b746880ae7: Error: <h2>Our services aren't available right now</h2><p>We're working to restore all services as soon as possible. Please check back soon.</p>0yZRXaQAAAACHSyKdBYg+SqSxZE/iWHssU04xRURHRTMwMDkARWRnZQ==
watchOS Build Check	UNKNOWN STEP	2026-01-02T09:50:00.8640990Z [command]/opt/homebrew/bin/gtar --posix -cf cache.tzst --exclude cache.tzst -P -C /Users/runner/work/kotlin-crypto-pure/kotlin-crypto-pure --files-from manifest.txt --delay-directory-restore --use-compress-program zstdmt
watchOS Build Check	UNKNOWN STEP	2026-01-02T09:50:02.8706930Z ##[warning]Failed to save cache entry with path '/Users/runner/.gradle/caches/modules-*/files-*/*/*/*/*,zstd-without-long,1.0' and key: dependencies-d2b1d975b45af2ba7a060cc84dc9a422: Error: <h2>Our services aren't available right now</h2><p>We're working to restore all services as soon as possible. Please check back soon.</p>0y5RXaQAAAACRlnBn1QnlQbyawyNCL50eU04xRURHRTMwMDkARWRnZQ==
watchOS Build Check	UNKNOWN STEP	2026-01-02T09:50:14.4784360Z ##[warning]Failed to save cache entry with path '/Users/runner/.gradle/wrapper/dists/gradle-8.13-all/54h0s9kvb6g2sinako7ub77ku,zstd-without-long,1.0' and key: wrapper-zips-27b0df0fa405636de00fcbfa0ab79410: Error: <h2>Our services aren't available right now</h2><p>We're working to restore all services as soon as possible. Please check back soon.</p>015RXaQAAAABIsnxdoyAsTLwx10fLgdpGU04xRURHRTE3MTUARWRnZQ==
watchOS Build Check	UNKNOWN STEP	2026-01-02T09:50:16.9460150Z Caching Gradle User Home with cache key: v8-gradle|macOS|ci-build-watchos[37a6259cc0c1dae299a7866489dff0bd]-fa7978ba9472e1dd9ea57b209ced34cae62dbe1b
watchOS Build Check	UNKNOWN STEP	2026-01-02T09:50:16.9601040Z [command]/opt/homebrew/bin/gtar --posix -cf cache.tzst --exclude cache.tzst -P -C /Users/runner/work/kotlin-crypto-pure/kotlin-crypto-pure --files-from manifest.txt --delay-directory-restore --use-compress-program zstdmt
watchOS Build Check	UNKNOWN STEP	2026-01-02T09:50:37.5674770Z ##[warning]Failed to save cache entry with path '/Users/runner/.gradle/caches,/Users/runner/.gradle/notifications,/Users/runner/.gradle/.gradle-build-action,zstd-without-long,1.0' and key: v8-gradle|macOS|ci-build-watchos[37a6259cc0c1dae299a7866489dff0bd]-fa7978ba9472e1dd9ea57b209ced34cae62dbe1b: Error: <h2>Our services aren't available right now</h2><p>We're working to restore all services as soon as possible. Please check back soon.</p>07pRXaQAAAABp3M+PJ1DbQo2SPdQmq3YAU04xRURHRTIxMTkARWRnZQ==
watchOS Build Check	UNKNOWN STEP	2026-01-02T09:50:37.5696290Z ##[endgroup]
watchOS Build Check	UNKNOWN STEP	2026-01-02T09:50:37.5698360Z Writing job summary
watchOS Build Check	UNKNOWN STEP	2026-01-02T09:50:37.6151290Z Post job cleanup.
watchOS Build Check	UNKNOWN STEP	2026-01-02T09:50:38.0063230Z Post job cleanup.
watchOS Build Check	UNKNOWN STEP	2026-01-02T09:50:38.3708190Z [command]/opt/homebrew/bin/git version
watchOS Build Check	UNKNOWN STEP	2026-01-02T09:50:38.4896630Z git version 2.50.1
watchOS Build Check	UNKNOWN STEP	2026-01-02T09:50:38.5067940Z Copying '/Users/runner/.gitconfig' to '/Users/runner/work/_temp/a7d08bf8-af8b-4c74-af4a-e1cf76cd1624/.gitconfig'
watchOS Build Check	UNKNOWN STEP	2026-01-02T09:50:38.5172270Z Temporarily overriding HOME='/Users/runner/work/_temp/a7d08bf8-af8b-4c74-af4a-e1cf76cd1624' before making global git config changes
watchOS Build Check	UNKNOWN STEP	2026-01-02T09:50:38.5326270Z Adding repository directory to the temporary git global config as a safe directory
watchOS Build Check	UNKNOWN STEP	2026-01-02T09:50:38.5376910Z [command]/opt/homebrew/bin/git config --global --add safe.directory /Users/runner/work/kotlin-crypto-pure/kotlin-crypto-pure
watchOS Build Check	UNKNOWN STEP	2026-01-02T09:50:38.6792020Z [command]/opt/homebrew/bin/git config --local --name-only --get-regexp core\.sshCommand
watchOS Build Check	UNKNOWN STEP	2026-01-02T09:50:38.6804400Z [command]/opt/homebrew/bin/git submodule foreach --recursive sh -c "git config --local --name-only --get-regexp 'core\.sshCommand' && git config --local --unset-all 'core.sshCommand' || :"
watchOS Build Check	UNKNOWN STEP	2026-01-02T09:50:38.9613260Z [command]/opt/homebrew/bin/git config --local --name-only --get-regexp http\.https\:\/\/github\.com\/\.extraheader
watchOS Build Check	UNKNOWN STEP	2026-01-02T09:50:38.9716590Z http.https://github.com/.extraheader
watchOS Build Check	UNKNOWN STEP	2026-01-02T09:50:39.0105340Z [command]/opt/homebrew/bin/git config --local --unset-all http.https://github.com/.extraheader
watchOS Build Check	UNKNOWN STEP	2026-01-02T09:50:39.0444610Z [command]/opt/homebrew/bin/git submodule foreach --recursive sh -c "git config --local --name-only --get-regexp 'http\.https\:\/\/github\.com\/\.extraheader' && git config --local --unset-all 'http.https://github.com/.extraheader' || :"
watchOS Build Check	UNKNOWN STEP	2026-01-02T09:50:39.2410830Z [command]/opt/homebrew/bin/git config --local --name-only --get-regexp ^includeIf\.gitdir:
watchOS Build Check	UNKNOWN STEP	2026-01-02T09:50:39.2769830Z [command]/opt/homebrew/bin/git submodule foreach --recursive git config --local --show-origin --name-only --get-regexp remote.origin.url
watchOS Build Check	UNKNOWN STEP	2026-01-02T09:50:39.4863850Z Cleaning up orphan processes
JVM Unit Tests	UNKNOWN STEP	ï»¿2026-01-02T09:44:48.5859904Z Current runner version: '2.330.0'
JVM Unit Tests	UNKNOWN STEP	2026-01-02T09:44:48.5882940Z ##[group]Runner Image Provisioner
JVM Unit Tests	UNKNOWN STEP	2026-01-02T09:44:48.5883798Z Hosted Compute Agent
JVM Unit Tests	UNKNOWN STEP	2026-01-02T09:44:48.5884325Z Version: 20251211.462
JVM Unit Tests	UNKNOWN STEP	2026-01-02T09:44:48.5884940Z Commit: 6cbad8c2bb55d58165063d031ccabf57e2d2db61
JVM Unit Tests	UNKNOWN STEP	2026-01-02T09:44:48.5885649Z Build Date: 2025-12-11T16:28:49Z
JVM Unit Tests	UNKNOWN STEP	2026-01-02T09:44:48.5886361Z Worker ID: {6b9a2a86-e449-4c43-8e3d-76e237c95f2c}
JVM Unit Tests	UNKNOWN STEP	2026-01-02T09:44:48.5887226Z ##[endgroup]
JVM Unit Tests	UNKNOWN STEP	2026-01-02T09:44:48.5887775Z ##[group]Operating System
JVM Unit Tests	UNKNOWN STEP	2026-01-02T09:44:48.5888367Z Ubuntu
JVM Unit Tests	UNKNOWN STEP	2026-01-02T09:44:48.5888816Z 24.04.3
JVM Unit Tests	UNKNOWN STEP	2026-01-02T09:44:48.5889316Z LTS
JVM Unit Tests	UNKNOWN STEP	2026-01-02T09:44:48.5889765Z ##[endgroup]
JVM Unit Tests	UNKNOWN STEP	2026-01-02T09:44:48.5890295Z ##[group]Runner Image
JVM Unit Tests	UNKNOWN STEP	2026-01-02T09:44:48.5890795Z Image: ubuntu-24.04
JVM Unit Tests	UNKNOWN STEP	2026-01-02T09:44:48.5891388Z Version: 20251215.174.1
JVM Unit Tests	UNKNOWN STEP	2026-01-02T09:44:48.5892438Z Included Software: https://github.com/actions/runner-images/blob/ubuntu24/20251215.174/images/ubuntu/Ubuntu2404-Readme.md
JVM Unit Tests	UNKNOWN STEP	2026-01-02T09:44:48.5894002Z Image Release: https://github.com/actions/runner-images/releases/tag/ubuntu24%2F20251215.174
JVM Unit Tests	UNKNOWN STEP	2026-01-02T09:44:48.5895010Z ##[endgroup]
JVM Unit Tests	UNKNOWN STEP	2026-01-02T09:44:48.5896102Z ##[group]GITHUB_TOKEN Permissions
JVM Unit Tests	UNKNOWN STEP	2026-01-02T09:44:48.5898305Z Contents: read
JVM Unit Tests	UNKNOWN STEP	2026-01-02T09:44:48.5898858Z Metadata: read
JVM Unit Tests	UNKNOWN STEP	2026-01-02T09:44:48.5899427Z Packages: read
JVM Unit Tests	UNKNOWN STEP	2026-01-02T09:44:48.5899932Z ##[endgroup]
JVM Unit Tests	UNKNOWN STEP	2026-01-02T09:44:48.5902283Z Secret source: Actions
JVM Unit Tests	UNKNOWN STEP	2026-01-02T09:44:48.5903367Z Prepare workflow directory
JVM Unit Tests	UNKNOWN STEP	2026-01-02T09:44:48.6228389Z Prepare all required actions
JVM Unit Tests	UNKNOWN STEP	2026-01-02T09:44:48.6268717Z Getting action download info
JVM Unit Tests	UNKNOWN STEP	2026-01-02T09:44:49.0130626Z Download action repository 'actions/checkout@v4' (SHA:34e114876b0b11c390a56381ad16ebd13914f8d5)
JVM Unit Tests	UNKNOWN STEP	2026-01-02T09:44:49.1348092Z Download action repository 'actions/setup-java@v4' (SHA:c1e323688fd81a25caa38c78aa6df2d33d3e20d9)
JVM Unit Tests	UNKNOWN STEP	2026-01-02T09:44:49.6059964Z Download action repository 'gradle/gradle-build-action@v2' (SHA:a8f75513eafdebd8141bd1cd4e30fcd194af8dfa)
JVM Unit Tests	UNKNOWN STEP	2026-01-02T09:44:50.6396394Z Complete job name: JVM Unit Tests
JVM Unit Tests	UNKNOWN STEP	2026-01-02T09:44:50.7181491Z ##[group]Run actions/checkout@v4
JVM Unit Tests	UNKNOWN STEP	2026-01-02T09:44:50.7182737Z with:
JVM Unit Tests	UNKNOWN STEP	2026-01-02T09:44:50.7183490Z   repository: ImL1s/kotlin-crypto-pure
JVM Unit Tests	UNKNOWN STEP	2026-01-02T09:44:50.7184761Z   token: ***
JVM Unit Tests	UNKNOWN STEP	2026-01-02T09:44:50.7185478Z   ssh-strict: true
JVM Unit Tests	UNKNOWN STEP	2026-01-02T09:44:50.7186232Z   ssh-user: git
JVM Unit Tests	UNKNOWN STEP	2026-01-02T09:44:50.7187170Z   persist-credentials: true
JVM Unit Tests	UNKNOWN STEP	2026-01-02T09:44:50.7188033Z   clean: true
JVM Unit Tests	UNKNOWN STEP	2026-01-02T09:44:50.7188822Z   sparse-checkout-cone-mode: true
JVM Unit Tests	UNKNOWN STEP	2026-01-02T09:44:50.7189758Z   fetch-depth: 1
JVM Unit Tests	UNKNOWN STEP	2026-01-02T09:44:50.7190531Z   fetch-tags: false
JVM Unit Tests	UNKNOWN STEP	2026-01-02T09:44:50.7191318Z   show-progress: true
JVM Unit Tests	UNKNOWN STEP	2026-01-02T09:44:50.7192120Z   lfs: false
JVM Unit Tests	UNKNOWN STEP	2026-01-02T09:44:50.7192841Z   submodules: false
JVM Unit Tests	UNKNOWN STEP	2026-01-02T09:44:50.7193638Z   set-safe-directory: true
JVM Unit Tests	UNKNOWN STEP	2026-01-02T09:44:50.7194755Z ##[endgroup]
JVM Unit Tests	UNKNOWN STEP	2026-01-02T09:44:50.8318229Z Syncing repository: ImL1s/kotlin-crypto-pure
JVM Unit Tests	UNKNOWN STEP	2026-01-02T09:44:50.8320722Z ##[group]Getting Git version info
JVM Unit Tests	UNKNOWN STEP	2026-01-02T09:44:50.8322318Z Working directory is '/home/runner/work/kotlin-crypto-pure/kotlin-crypto-pure'
JVM Unit Tests	UNKNOWN STEP	2026-01-02T09:44:50.8324401Z [command]/usr/bin/git version
JVM Unit Tests	UNKNOWN STEP	2026-01-02T09:44:51.1163821Z git version 2.52.0
JVM Unit Tests	UNKNOWN STEP	2026-01-02T09:44:51.1192676Z ##[endgroup]
JVM Unit Tests	UNKNOWN STEP	2026-01-02T09:44:51.1214652Z Temporarily overriding HOME='/home/runner/work/_temp/b4412aba-ac1a-4f0c-8b1f-148205506a1f' before making global git config changes
JVM Unit Tests	UNKNOWN STEP	2026-01-02T09:44:51.1217737Z Adding repository directory to the temporary git global config as a safe directory
JVM Unit Tests	UNKNOWN STEP	2026-01-02T09:44:51.1220630Z [command]/usr/bin/git config --global --add safe.directory /home/runner/work/kotlin-crypto-pure/kotlin-crypto-pure
JVM Unit Tests	UNKNOWN STEP	2026-01-02T09:44:51.1258828Z Deleting the contents of '/home/runner/work/kotlin-crypto-pure/kotlin-crypto-pure'
JVM Unit Tests	UNKNOWN STEP	2026-01-02T09:44:51.1262027Z ##[group]Initializing the repository
JVM Unit Tests	UNKNOWN STEP	2026-01-02T09:44:51.1266111Z [command]/usr/bin/git init /home/runner/work/kotlin-crypto-pure/kotlin-crypto-pure
JVM Unit Tests	UNKNOWN STEP	2026-01-02T09:44:51.1374413Z hint: Using 'master' as the name for the initial branch. This default branch name
JVM Unit Tests	UNKNOWN STEP	2026-01-02T09:44:51.1377836Z hint: will change to "main" in Git 3.0. To configure the initial branch name
JVM Unit Tests	UNKNOWN STEP	2026-01-02T09:44:51.1380822Z hint: to use in all of your new repositories, which will suppress this warning,
JVM Unit Tests	UNKNOWN STEP	2026-01-02T09:44:51.1382267Z hint: call:
JVM Unit Tests	UNKNOWN STEP	2026-01-02T09:44:51.1382996Z hint:
JVM Unit Tests	UNKNOWN STEP	2026-01-02T09:44:51.1384085Z hint: 	git config --global init.defaultBranch <name>
JVM Unit Tests	UNKNOWN STEP	2026-01-02T09:44:51.1385576Z hint:
JVM Unit Tests	UNKNOWN STEP	2026-01-02T09:44:51.1386668Z hint: Names commonly chosen instead of 'master' are 'main', 'trunk' and
JVM Unit Tests	UNKNOWN STEP	2026-01-02T09:44:51.1388791Z hint: 'development'. The just-created branch can be renamed via this command:
JVM Unit Tests	UNKNOWN STEP	2026-01-02T09:44:51.1390624Z hint:
JVM Unit Tests	UNKNOWN STEP	2026-01-02T09:44:51.1391354Z hint: 	git branch -m <name>
JVM Unit Tests	UNKNOWN STEP	2026-01-02T09:44:51.1392196Z hint:
JVM Unit Tests	UNKNOWN STEP	2026-01-02T09:44:51.1393344Z hint: Disable this message with "git config set advice.defaultBranchName false"
JVM Unit Tests	UNKNOWN STEP	2026-01-02T09:44:51.1395548Z Initialized empty Git repository in /home/runner/work/kotlin-crypto-pure/kotlin-crypto-pure/.git/
JVM Unit Tests	UNKNOWN STEP	2026-01-02T09:44:51.1399269Z [command]/usr/bin/git remote add origin https://github.com/ImL1s/kotlin-crypto-pure
JVM Unit Tests	UNKNOWN STEP	2026-01-02T09:44:51.1424492Z ##[endgroup]
JVM Unit Tests	UNKNOWN STEP	2026-01-02T09:44:51.1426043Z ##[group]Disabling automatic garbage collection
JVM Unit Tests	UNKNOWN STEP	2026-01-02T09:44:51.1427904Z [command]/usr/bin/git config --local gc.auto 0
JVM Unit Tests	UNKNOWN STEP	2026-01-02T09:44:51.1455571Z ##[endgroup]
JVM Unit Tests	UNKNOWN STEP	2026-01-02T09:44:51.1457179Z ##[group]Setting up auth
JVM Unit Tests	UNKNOWN STEP	2026-01-02T09:44:51.1461690Z [command]/usr/bin/git config --local --name-only --get-regexp core\.sshCommand
JVM Unit Tests	UNKNOWN STEP	2026-01-02T09:44:51.1492095Z [command]/usr/bin/git submodule foreach --recursive sh -c "git config --local --name-only --get-regexp 'core\.sshCommand' && git config --local --unset-all 'core.sshCommand' || :"
JVM Unit Tests	UNKNOWN STEP	2026-01-02T09:44:51.1807728Z [command]/usr/bin/git config --local --name-only --get-regexp http\.https\:\/\/github\.com\/\.extraheader
JVM Unit Tests	UNKNOWN STEP	2026-01-02T09:44:51.1837561Z [command]/usr/bin/git submodule foreach --recursive sh -c "git config --local --name-only --get-regexp 'http\.https\:\/\/github\.com\/\.extraheader' && git config --local --unset-all 'http.https://github.com/.extraheader' || :"
JVM Unit Tests	UNKNOWN STEP	2026-01-02T09:44:51.2053899Z [command]/usr/bin/git config --local --name-only --get-regexp ^includeIf\.gitdir:
JVM Unit Tests	UNKNOWN STEP	2026-01-02T09:44:51.2085227Z [command]/usr/bin/git submodule foreach --recursive git config --local --show-origin --name-only --get-regexp remote.origin.url
JVM Unit Tests	UNKNOWN STEP	2026-01-02T09:44:51.2306943Z [command]/usr/bin/git config --local http.https://github.com/.extraheader AUTHORIZATION: basic ***
JVM Unit Tests	UNKNOWN STEP	2026-01-02T09:44:51.2339936Z ##[endgroup]
JVM Unit Tests	UNKNOWN STEP	2026-01-02T09:44:51.2342195Z ##[group]Fetching the repository
JVM Unit Tests	UNKNOWN STEP	2026-01-02T09:44:51.2351072Z [command]/usr/bin/git -c protocol.version=2 fetch --no-tags --prune --no-recurse-submodules --depth=1 origin +fa7978ba9472e1dd9ea57b209ced34cae62dbe1b:refs/remotes/origin/main
JVM Unit Tests	UNKNOWN STEP	2026-01-02T09:44:51.5729397Z From https://github.com/ImL1s/kotlin-crypto-pure
JVM Unit Tests	UNKNOWN STEP	2026-01-02T09:44:51.5730072Z  * [new ref]         fa7978ba9472e1dd9ea57b209ced34cae62dbe1b -> origin/main
JVM Unit Tests	UNKNOWN STEP	2026-01-02T09:44:51.5762922Z ##[endgroup]
JVM Unit Tests	UNKNOWN STEP	2026-01-02T09:44:51.5763604Z ##[group]Determining the checkout info
JVM Unit Tests	UNKNOWN STEP	2026-01-02T09:44:51.5765626Z ##[endgroup]
JVM Unit Tests	UNKNOWN STEP	2026-01-02T09:44:51.5770798Z [command]/usr/bin/git sparse-checkout disable
JVM Unit Tests	UNKNOWN STEP	2026-01-02T09:44:51.5811061Z [command]/usr/bin/git config --local --unset-all extensions.worktreeConfig
JVM Unit Tests	UNKNOWN STEP	2026-01-02T09:44:51.5836422Z ##[group]Checking out the ref
JVM Unit Tests	UNKNOWN STEP	2026-01-02T09:44:51.5841267Z [command]/usr/bin/git checkout --progress --force -B main refs/remotes/origin/main
JVM Unit Tests	UNKNOWN STEP	2026-01-02T09:44:51.6018879Z Switched to a new branch 'main'
JVM Unit Tests	UNKNOWN STEP	2026-01-02T09:44:51.6020469Z branch 'main' set up to track 'origin/main'.
JVM Unit Tests	UNKNOWN STEP	2026-01-02T09:44:51.6030350Z ##[endgroup]
JVM Unit Tests	UNKNOWN STEP	2026-01-02T09:44:51.6072529Z [command]/usr/bin/git log -1 --format=%H
JVM Unit Tests	UNKNOWN STEP	2026-01-02T09:44:51.6096953Z fa7978ba9472e1dd9ea57b209ced34cae62dbe1b
JVM Unit Tests	UNKNOWN STEP	2026-01-02T09:44:51.6431120Z ##[group]Run actions/setup-java@v4
JVM Unit Tests	UNKNOWN STEP	2026-01-02T09:44:51.6431449Z with:
JVM Unit Tests	UNKNOWN STEP	2026-01-02T09:44:51.6431673Z   java-version: 17
JVM Unit Tests	UNKNOWN STEP	2026-01-02T09:44:51.6431903Z   distribution: temurin
JVM Unit Tests	UNKNOWN STEP	2026-01-02T09:44:51.6432154Z   java-package: jdk
JVM Unit Tests	UNKNOWN STEP	2026-01-02T09:44:51.6432382Z   check-latest: false
JVM Unit Tests	UNKNOWN STEP	2026-01-02T09:44:51.6432621Z   server-id: github
JVM Unit Tests	UNKNOWN STEP	2026-01-02T09:44:51.6433054Z   server-username: GITHUB_ACTOR
JVM Unit Tests	UNKNOWN STEP	2026-01-02T09:44:51.6433337Z   server-password: GITHUB_TOKEN
JVM Unit Tests	UNKNOWN STEP	2026-01-02T09:44:51.6433606Z   overwrite-settings: true
JVM Unit Tests	UNKNOWN STEP	2026-01-02T09:44:51.6433861Z   job-status: success
JVM Unit Tests	UNKNOWN STEP	2026-01-02T09:44:51.6434232Z   token: ***
JVM Unit Tests	UNKNOWN STEP	2026-01-02T09:44:51.6434447Z ##[endgroup]
JVM Unit Tests	UNKNOWN STEP	2026-01-02T09:44:51.8436001Z ##[group]Installed distributions
JVM Unit Tests	UNKNOWN STEP	2026-01-02T09:44:51.9162319Z Resolved Java 17.0.17+10 from tool-cache
JVM Unit Tests	UNKNOWN STEP	2026-01-02T09:44:51.9163254Z Setting Java 17.0.17+10 as the default
JVM Unit Tests	UNKNOWN STEP	2026-01-02T09:44:51.9176213Z Creating toolchains.xml for JDK version 17 from temurin
JVM Unit Tests	UNKNOWN STEP	2026-01-02T09:44:51.9251665Z Writing to /home/runner/.m2/toolchains.xml
JVM Unit Tests	UNKNOWN STEP	2026-01-02T09:44:51.9252176Z 
JVM Unit Tests	UNKNOWN STEP	2026-01-02T09:44:51.9252362Z Java configuration:
JVM Unit Tests	UNKNOWN STEP	2026-01-02T09:44:51.9253793Z   Distribution: temurin
JVM Unit Tests	UNKNOWN STEP	2026-01-02T09:44:51.9254276Z   Version: 17.0.17+10
JVM Unit Tests	UNKNOWN STEP	2026-01-02T09:44:51.9255058Z   Path: /opt/hostedtoolcache/Java_Temurin-Hotspot_jdk/17.0.17-10/x64
JVM Unit Tests	UNKNOWN STEP	2026-01-02T09:44:51.9255878Z 
JVM Unit Tests	UNKNOWN STEP	2026-01-02T09:44:51.9256404Z ##[endgroup]
JVM Unit Tests	UNKNOWN STEP	2026-01-02T09:44:51.9269586Z Creating settings.xml with server-id: github
JVM Unit Tests	UNKNOWN STEP	2026-01-02T09:44:51.9278572Z Writing to /home/runner/.m2/settings.xml
JVM Unit Tests	UNKNOWN STEP	2026-01-02T09:44:51.9512769Z ##[group]Run gradle/gradle-build-action@v2
JVM Unit Tests	UNKNOWN STEP	2026-01-02T09:44:51.9513093Z with:
JVM Unit Tests	UNKNOWN STEP	2026-01-02T09:44:51.9513313Z   cache-disabled: false
JVM Unit Tests	UNKNOWN STEP	2026-01-02T09:44:51.9513561Z   cache-read-only: false
JVM Unit Tests	UNKNOWN STEP	2026-01-02T09:44:51.9513815Z   cache-write-only: false
JVM Unit Tests	UNKNOWN STEP	2026-01-02T09:44:51.9514080Z   cache-overwrite-existing: false
JVM Unit Tests	UNKNOWN STEP	2026-01-02T09:44:51.9514407Z   gradle-home-cache-includes: caches
JVM Unit Tests	UNKNOWN STEP	notifications
JVM Unit Tests	UNKNOWN STEP	
JVM Unit Tests	UNKNOWN STEP	2026-01-02T09:44:51.9514763Z   gradle-home-cache-cleanup: false
JVM Unit Tests	UNKNOWN STEP	2026-01-02T09:44:51.9515045Z   generate-job-summary: true
JVM Unit Tests	UNKNOWN STEP	2026-01-02T09:44:51.9515311Z   dependency-graph: disabled
JVM Unit Tests	UNKNOWN STEP	2026-01-02T09:44:51.9515588Z   gradle-home-cache-strict-match: false
JVM Unit Tests	UNKNOWN STEP	2026-01-02T09:44:51.9515886Z   workflow-job-context: null
JVM Unit Tests	UNKNOWN STEP	2026-01-02T09:44:51.9516302Z   github-token: ***
JVM Unit Tests	UNKNOWN STEP	2026-01-02T09:44:51.9516521Z env:
JVM Unit Tests	UNKNOWN STEP	2026-01-02T09:44:51.9517167Z   JAVA_HOME: /opt/hostedtoolcache/Java_Temurin-Hotspot_jdk/17.0.17-10/x64
JVM Unit Tests	UNKNOWN STEP	2026-01-02T09:44:51.9517697Z   JAVA_HOME_17_X64: /opt/hostedtoolcache/Java_Temurin-Hotspot_jdk/17.0.17-10/x64
JVM Unit Tests	UNKNOWN STEP	2026-01-02T09:44:51.9518114Z ##[endgroup]
JVM Unit Tests	UNKNOWN STEP	2026-01-02T09:44:53.5617836Z ##[group]Restore Gradle state from cache
JVM Unit Tests	UNKNOWN STEP	2026-01-02T09:44:53.6900096Z ##[warning]Failed to restore v8-gradle|Linux|ci-test-jvm[37a6259cc0c1dae299a7866489dff0bd]-fa7978ba9472e1dd9ea57b209ced34cae62dbe1b: Error: Cache service responded with 400
JVM Unit Tests	UNKNOWN STEP	2026-01-02T09:44:53.6938352Z Gradle User Home cache not found. Will initialize empty.
JVM Unit Tests	UNKNOWN STEP	2026-01-02T09:44:53.6939336Z ##[endgroup]
JVM Unit Tests	UNKNOWN STEP	2026-01-02T09:44:53.7054179Z ##[group]Run ./gradlew jvmTest --continue
JVM Unit Tests	UNKNOWN STEP	2026-01-02T09:44:53.7054539Z [36;1m./gradlew jvmTest --continue[0m
JVM Unit Tests	UNKNOWN STEP	2026-01-02T09:44:53.7088907Z shell: /usr/bin/bash -e {0}
JVM Unit Tests	UNKNOWN STEP	2026-01-02T09:44:53.7089145Z env:
JVM Unit Tests	UNKNOWN STEP	2026-01-02T09:44:53.7089424Z   JAVA_HOME: /opt/hostedtoolcache/Java_Temurin-Hotspot_jdk/17.0.17-10/x64
JVM Unit Tests	UNKNOWN STEP	2026-01-02T09:44:53.7089891Z   JAVA_HOME_17_X64: /opt/hostedtoolcache/Java_Temurin-Hotspot_jdk/17.0.17-10/x64
JVM Unit Tests	UNKNOWN STEP	2026-01-02T09:44:53.7090286Z   GRADLE_BUILD_ACTION_SETUP_COMPLETED: true
JVM Unit Tests	UNKNOWN STEP	2026-01-02T09:44:53.7090554Z   GRADLE_BUILD_ACTION_CACHE_RESTORED: true
JVM Unit Tests	UNKNOWN STEP	2026-01-02T09:44:53.7090782Z ##[endgroup]
JVM Unit Tests	UNKNOWN STEP	2026-01-02T09:44:54.3593733Z Downloading https://services.gradle.org/distributions/gradle-8.13-all.zip
JVM Unit Tests	UNKNOWN STEP	2026-01-02T09:44:57.3028561Z ......................10%......................20%......................30%......................40%......................50%......................60%......................70%.......................80%......................90%......................100%
JVM Unit Tests	UNKNOWN STEP	2026-01-02T09:45:00.8207808Z 
JVM Unit Tests	UNKNOWN STEP	2026-01-02T09:45:00.8209249Z Welcome to Gradle 8.13!
JVM Unit Tests	UNKNOWN STEP	2026-01-02T09:45:00.8209752Z 
JVM Unit Tests	UNKNOWN STEP	2026-01-02T09:45:00.8211357Z Here are the highlights of this release:
JVM Unit Tests	UNKNOWN STEP	2026-01-02T09:45:00.8212895Z  - Daemon JVM auto-provisioning
JVM Unit Tests	UNKNOWN STEP	2026-01-02T09:45:00.8215576Z  - Enhancements for Scala plugin and JUnit testing
JVM Unit Tests	UNKNOWN STEP	2026-01-02T09:45:00.8217285Z  - Improvements for build authors and plugin developers
JVM Unit Tests	UNKNOWN STEP	2026-01-02T09:45:00.8218232Z 
JVM Unit Tests	UNKNOWN STEP	2026-01-02T09:45:00.8225308Z For more details see https://docs.gradle.org/8.13/release-notes.html
JVM Unit Tests	UNKNOWN STEP	2026-01-02T09:45:00.8226095Z 
JVM Unit Tests	UNKNOWN STEP	2026-01-02T09:45:00.9155103Z Starting a Gradle Daemon (subsequent builds will be faster)
JVM Unit Tests	UNKNOWN STEP	2026-01-02T09:46:43.0179084Z 
JVM Unit Tests	UNKNOWN STEP	2026-01-02T09:46:43.0185284Z > Configure project :
JVM Unit Tests	UNKNOWN STEP	2026-01-02T09:46:43.0231758Z w: file:///home/runner/work/kotlin-crypto-pure/kotlin-crypto-pure/build.gradle.kts:26:21: 'defFile: File' is deprecated. Deprecated because it is a non-lazy property.
JVM Unit Tests	UNKNOWN STEP	2026-01-02T09:46:43.0234063Z w: file:///home/runner/work/kotlin-crypto-pure/kotlin-crypto-pure/build.gradle.kts:37:21: 'defFile: File' is deprecated. Deprecated because it is a non-lazy property.
JVM Unit Tests	UNKNOWN STEP	2026-01-02T09:46:43.0236115Z w: file:///home/runner/work/kotlin-crypto-pure/kotlin-crypto-pure/build.gradle.kts:48:21: 'defFile: File' is deprecated. Deprecated because it is a non-lazy property.
JVM Unit Tests	UNKNOWN STEP	2026-01-02T09:46:43.0238385Z w: file:///home/runner/work/kotlin-crypto-pure/kotlin-crypto-pure/build.gradle.kts:60:21: 'defFile: File' is deprecated. Deprecated because it is a non-lazy property.
JVM Unit Tests	UNKNOWN STEP	2026-01-02T09:46:43.0240336Z w: file:///home/runner/work/kotlin-crypto-pure/kotlin-crypto-pure/build.gradle.kts:71:21: 'defFile: File' is deprecated. Deprecated because it is a non-lazy property.
JVM Unit Tests	UNKNOWN STEP	2026-01-02T09:46:43.0246373Z w: file:///home/runner/work/kotlin-crypto-pure/kotlin-crypto-pure/build.gradle.kts:82:21: 'defFile: File' is deprecated. Deprecated because it is a non-lazy property.
JVM Unit Tests	UNKNOWN STEP	2026-01-02T09:46:44.2160063Z w: The following Kotlin/Native targets cannot be built on this machine and are disabled:
JVM Unit Tests	UNKNOWN STEP	2026-01-02T09:46:44.2175730Z iosArm64, iosSimulatorArm64, iosX64, watchosArm64, watchosSimulatorArm64, watchosX64
JVM Unit Tests	UNKNOWN STEP	2026-01-02T09:46:44.2178607Z To hide this message, add 'kotlin.native.ignoreDisabledTargets=true' to the Gradle properties.
JVM Unit Tests	UNKNOWN STEP	2026-01-02T09:46:44.2180072Z 
JVM Unit Tests	UNKNOWN STEP	2026-01-02T09:46:44.2185518Z w: The Default Kotlin Hierarchy Template was not applied to 'root project 'kotlin-crypto-pure'':
JVM Unit Tests	UNKNOWN STEP	2026-01-02T09:46:44.2192554Z Explicit .dependsOn() edges were configured for the following source sets:
JVM Unit Tests	UNKNOWN STEP	2026-01-02T09:46:44.2228695Z [iosArm64Main, iosArm64Test, iosMain, iosSimulatorArm64Main, iosSimulatorArm64Test, iosX64Main, iosX64Test, jvmMain, jvmTest, nativeMain, nativeTest, watchosArm64Main, watchosArm64Test, watchosMain, watchosSimulatorArm64Main, watchosSimulatorArm64Test, watchosX64Main, watchosX64Test]
JVM Unit Tests	UNKNOWN STEP	2026-01-02T09:46:44.2239402Z 
JVM Unit Tests	UNKNOWN STEP	2026-01-02T09:46:44.2267791Z Consider removing dependsOn-calls or disabling the default template by adding
JVM Unit Tests	UNKNOWN STEP	2026-01-02T09:46:44.2268512Z     'kotlin.mpp.applyDefaultHierarchyTemplate=false'
JVM Unit Tests	UNKNOWN STEP	2026-01-02T09:46:44.2269466Z to your gradle.properties
JVM Unit Tests	UNKNOWN STEP	2026-01-02T09:46:44.2269723Z 
JVM Unit Tests	UNKNOWN STEP	2026-01-02T09:46:44.2270077Z Learn more about hierarchy templates: https://kotl.in/hierarchy-template
JVM Unit Tests	UNKNOWN STEP	2026-01-02T09:46:44.2270548Z 
JVM Unit Tests	UNKNOWN STEP	2026-01-02T09:46:44.8163947Z 
JVM Unit Tests	UNKNOWN STEP	2026-01-02T09:46:44.8164735Z > Task :checkKotlinGradlePluginConfigurationErrors SKIPPED
JVM Unit Tests	UNKNOWN STEP	2026-01-02T09:47:02.5155045Z > Task :jvmProcessResources NO-SOURCE
JVM Unit Tests	UNKNOWN STEP	2026-01-02T09:47:02.5156054Z > Task :jvmTestProcessResources NO-SOURCE
JVM Unit Tests	UNKNOWN STEP	2026-01-02T09:47:13.9177330Z 
JVM Unit Tests	UNKNOWN STEP	2026-01-02T09:47:13.9182450Z > Task :compileKotlinJvm
JVM Unit Tests	UNKNOWN STEP	2026-01-02T09:47:13.9189868Z w: file:///home/runner/work/kotlin-crypto-pure/kotlin-crypto-pure/src/commonMain/kotlin/io/github/iml1s/crypto/AesGcm.kt:78:1 'expect'/'actual' classes (including interfaces, objects, annotations, enums, and 'actual' typealiases) are in Beta. You can use -Xexpect-actual-classes flag to suppress this warning. Also see: https://youtrack.jetbrains.com/issue/KT-61573
JVM Unit Tests	UNKNOWN STEP	2026-01-02T09:47:13.9200557Z w: file:///home/runner/work/kotlin-crypto-pure/kotlin-crypto-pure/src/commonMain/kotlin/io/github/iml1s/crypto/Digest.kt:61:13 Check for instance is always 'true'.
JVM Unit Tests	UNKNOWN STEP	2026-01-02T09:47:13.9206164Z w: file:///home/runner/work/kotlin-crypto-pure/kotlin-crypto-pure/src/commonMain/kotlin/io/github/iml1s/crypto/Digest.kt:80:13 Check for instance is always 'true'.
JVM Unit Tests	UNKNOWN STEP	2026-01-02T09:47:13.9211768Z w: file:///home/runner/work/kotlin-crypto-pure/kotlin-crypto-pure/src/commonMain/kotlin/io/github/iml1s/crypto/Secp256k1Provider.kt:12:1 'expect'/'actual' classes (including interfaces, objects, annotations, enums, and 'actual' typealiases) are in Beta. You can use -Xexpect-actual-classes flag to suppress this warning. Also see: https://youtrack.jetbrains.com/issue/KT-61573
JVM Unit Tests	UNKNOWN STEP	2026-01-02T09:47:13.9227424Z w: file:///home/runner/work/kotlin-crypto-pure/kotlin-crypto-pure/src/jvmMain/kotlin/io/github/iml1s/crypto/Actuals.jvm.kt:86:1 'expect'/'actual' classes (including interfaces, objects, annotations, enums, and 'actual' typealiases) are in Beta. You can use -Xexpect-actual-classes flag to suppress this warning. Also see: https://youtrack.jetbrains.com/issue/KT-61573
JVM Unit Tests	UNKNOWN STEP	2026-01-02T09:47:13.9231985Z w: file:///home/runner/work/kotlin-crypto-pure/kotlin-crypto-pure/src/jvmMain/kotlin/io/github/iml1s/crypto/AesGcm.jvm.kt:10:1 'expect'/'actual' classes (including interfaces, objects, annotations, enums, and 'actual' typealiases) are in Beta. You can use -Xexpect-actual-classes flag to suppress this warning. Also see: https://youtrack.jetbrains.com/issue/KT-61573
JVM Unit Tests	UNKNOWN STEP	2026-01-02T09:47:14.0181670Z 
JVM Unit Tests	UNKNOWN STEP	2026-01-02T09:47:14.0182083Z > Task :jvmMainClasses
JVM Unit Tests	UNKNOWN STEP	2026-01-02T09:47:14.0182497Z > Task :jvmJar
JVM Unit Tests	UNKNOWN STEP	2026-01-02T09:47:20.0154737Z > Task :compileTestKotlinJvm
JVM Unit Tests	UNKNOWN STEP	2026-01-02T09:47:20.0155181Z > Task :jvmTestClasses
JVM Unit Tests	UNKNOWN STEP	2026-01-02T09:47:50.0154636Z > Task :jvmTest
JVM Unit Tests	UNKNOWN STEP	2026-01-02T09:50:06.1154894Z 
JVM Unit Tests	UNKNOWN STEP	2026-01-02T09:50:06.1158383Z [Incubating] Problems report is available at: file:///home/runner/work/kotlin-crypto-pure/kotlin-crypto-pure/build/reports/problems/problems-report.html
JVM Unit Tests	UNKNOWN STEP	2026-01-02T09:50:06.1159304Z 
JVM Unit Tests	UNKNOWN STEP	2026-01-02T09:50:06.1159715Z Deprecated Gradle features were used in this build, making it incompatible with Gradle 9.0.
JVM Unit Tests	UNKNOWN STEP	2026-01-02T09:50:06.1160207Z 
JVM Unit Tests	UNKNOWN STEP	2026-01-02T09:50:06.1160764Z You can use '--warning-mode all' to show the individual deprecation warnings and determine if they come from your own scripts or plugins.
JVM Unit Tests	UNKNOWN STEP	2026-01-02T09:50:06.1161434Z 
JVM Unit Tests	UNKNOWN STEP	2026-01-02T09:50:06.1162146Z For more on this, please refer to https://docs.gradle.org/8.13/userguide/command_line_interface.html#sec:command_line_warnings in the Gradle documentation.
JVM Unit Tests	UNKNOWN STEP	2026-01-02T09:50:06.1162949Z 
JVM Unit Tests	UNKNOWN STEP	2026-01-02T09:50:06.1163078Z BUILD SUCCESSFUL in 5m 12s
JVM Unit Tests	UNKNOWN STEP	2026-01-02T09:50:06.1163396Z 4 actionable tasks: 4 executed
JVM Unit Tests	UNKNOWN STEP	2026-01-02T09:50:06.4847583Z Post job cleanup.
JVM Unit Tests	UNKNOWN STEP	2026-01-02T09:50:06.6430622Z In final post-action step, saving state and writing summary
JVM Unit Tests	UNKNOWN STEP	2026-01-02T09:50:06.6439775Z Stopping all Gradle daemons before saving Gradle User Home state
JVM Unit Tests	UNKNOWN STEP	2026-01-02T09:50:06.6443378Z Stopping Gradle daemons for /home/runner/.gradle/wrapper/dists/gradle-8.13-all/54h0s9kvb6g2sinako7ub77ku/gradle-8.13
JVM Unit Tests	UNKNOWN STEP	2026-01-02T09:50:06.6460717Z [command]/home/runner/.gradle/wrapper/dists/gradle-8.13-all/54h0s9kvb6g2sinako7ub77ku/gradle-8.13/bin/gradle --stop
JVM Unit Tests	UNKNOWN STEP	2026-01-02T09:50:07.3039399Z Stopping Daemon(s)
JVM Unit Tests	UNKNOWN STEP	2026-01-02T09:50:07.3043137Z 1 Daemon stopped
JVM Unit Tests	UNKNOWN STEP	2026-01-02T09:50:07.3152094Z ##[group]Caching Gradle state
JVM Unit Tests	UNKNOWN STEP	2026-01-02T09:50:07.3670397Z Caching generated-gradle-jars with path '/home/runner/.gradle/caches/8.13/generated-gradle-jars/gradle-api-8.13.jar' and cache key: generated-gradle-jars-697f81ec8d80712ce7da03f513960371
JVM Unit Tests	UNKNOWN STEP	2026-01-02T09:50:07.3709945Z Caching wrapper-zips with path '/home/runner/.gradle/wrapper/dists/gradle-8.13-all/54h0s9kvb6g2sinako7ub77ku' and cache key: wrapper-zips-27b0df0fa405636de00fcbfa0ab79410
JVM Unit Tests	UNKNOWN STEP	2026-01-02T09:50:07.3891054Z [command]/usr/bin/tar --posix -cf cache.tzst --exclude cache.tzst -P -C /home/runner/work/kotlin-crypto-pure/kotlin-crypto-pure --files-from manifest.txt --use-compress-program zstdmt
JVM Unit Tests	UNKNOWN STEP	2026-01-02T09:50:07.3927671Z [command]/usr/bin/tar --posix -cf cache.tzst --exclude cache.tzst -P -C /home/runner/work/kotlin-crypto-pure/kotlin-crypto-pure --files-from manifest.txt --use-compress-program zstdmt
JVM Unit Tests	UNKNOWN STEP	2026-01-02T09:50:08.0008571Z Caching dependencies with path '/home/runner/.gradle/caches/modules-*/files-*/*/*/*/*' and cache key: dependencies-1918c52d1b3853be762ca40b17eeccf6
JVM Unit Tests	UNKNOWN STEP	2026-01-02T09:50:08.0170517Z Caching instrumented-jars with path '/home/runner/.gradle/caches/jars-*/*' and cache key: instrumented-jars-c77d8e7cf8a0e4c1c3d16398ccce2998
JVM Unit Tests	UNKNOWN STEP	2026-01-02T09:50:08.0379290Z Caching kotlin-dsl with path '/home/runner/.gradle/caches/*/kotlin-dsl/*/*' and cache key: kotlin-dsl-c381390efd93e5c12e42e8b746880ae7
JVM Unit Tests	UNKNOWN STEP	2026-01-02T09:50:08.0621075Z [command]/usr/bin/tar --posix -cf cache.tzst --exclude cache.tzst -P -C /home/runner/work/kotlin-crypto-pure/kotlin-crypto-pure --files-from manifest.txt --use-compress-program zstdmt
JVM Unit Tests	UNKNOWN STEP	2026-01-02T09:50:08.0825243Z [command]/usr/bin/tar --posix -cf cache.tzst --exclude cache.tzst -P -C /home/runner/work/kotlin-crypto-pure/kotlin-crypto-pure --files-from manifest.txt --use-compress-program zstdmt
JVM Unit Tests	UNKNOWN STEP	2026-01-02T09:50:08.3483465Z ##[warning]Failed to save cache entry with path '/home/runner/.gradle/caches/*/kotlin-dsl/*/*,zstd-without-long,1.0' and key: kotlin-dsl-c381390efd93e5c12e42e8b746880ae7: Error: <h2>Our services aren't available right now</h2><p>We're working to restore all services as soon as possible. Please check back soon.</p>00JRXaQAAAAB0ndqSg7gtSozOwDOL0VnvQ0hJMzBFREdFMDMwOQBFZGdl
JVM Unit Tests	UNKNOWN STEP	2026-01-02T09:50:08.3996087Z ##[warning]Failed to save cache entry with path '/home/runner/.gradle/caches/8.13/generated-gradle-jars/gradle-api-8.13.jar,zstd-without-long,1.0' and key: generated-gradle-jars-697f81ec8d80712ce7da03f513960371: Error: <h2>Our services aren't available right now</h2><p>We're working to restore all services as soon as possible. Please check back soon.</p>00JRXaQAAAACQjOijR0hvTIkFOf4tnAMTQ0hHRURHRTE4MDkARWRnZQ==
JVM Unit Tests	UNKNOWN STEP	2026-01-02T09:50:08.4419513Z ##[warning]Failed to save cache entry with path '/home/runner/.gradle/caches/jars-*/*,zstd-without-long,1.0' and key: instrumented-jars-c77d8e7cf8a0e4c1c3d16398ccce2998: Error: <h2>Our services aren't available right now</h2><p>We're working to restore all services as soon as possible. Please check back soon.</p>00JRXaQAAAADVXRC0wbT9TpDHrRxNtIeoQ0hHRURHRTE3MTUARWRnZQ==
JVM Unit Tests	UNKNOWN STEP	2026-01-02T09:50:08.6267995Z [command]/usr/bin/tar --posix -cf cache.tzst --exclude cache.tzst -P -C /home/runner/work/kotlin-crypto-pure/kotlin-crypto-pure --files-from manifest.txt --use-compress-program zstdmt
JVM Unit Tests	UNKNOWN STEP	2026-01-02T09:50:09.3161902Z ##[warning]Failed to save cache entry with path '/home/runner/.gradle/caches/modules-*/files-*/*/*/*/*,zstd-without-long,1.0' and key: dependencies-1918c52d1b3853be762ca40b17eeccf6: Error: <h2>Our services aren't available right now</h2><p>We're working to restore all services as soon as possible. Please check back soon.</p>00ZRXaQAAAADZkDI4ZuJhR5rnxaQ7SUCNQ0hHRURHRTE3MTUARWRnZQ==
JVM Unit Tests	UNKNOWN STEP	2026-01-02T09:50:10.1295161Z ##[warning]Failed to save cache entry with path '/home/runner/.gradle/wrapper/dists/gradle-8.13-all/54h0s9kvb6g2sinako7ub77ku,zstd-without-long,1.0' and key: wrapper-zips-27b0df0fa405636de00fcbfa0ab79410: Error: <h2>Our services aren't available right now</h2><p>We're working to restore all services as soon as possible. Please check back soon.</p>00pRXaQAAAAAremNrat2eRZVNOTEMeAVlQ0hHRURHRTE3MTUARWRnZQ==
JVM Unit Tests	UNKNOWN STEP	2026-01-02T09:50:11.1819840Z Caching Gradle User Home with cache key: v8-gradle|Linux|ci-test-jvm[37a6259cc0c1dae299a7866489dff0bd]-fa7978ba9472e1dd9ea57b209ced34cae62dbe1b
JVM Unit Tests	UNKNOWN STEP	2026-01-02T09:50:11.1902770Z [command]/usr/bin/tar --posix -cf cache.tzst --exclude cache.tzst -P -C /home/runner/work/kotlin-crypto-pure/kotlin-crypto-pure --files-from manifest.txt --use-compress-program zstdmt
JVM Unit Tests	UNKNOWN STEP	2026-01-02T09:50:11.9589057Z ##[warning]Failed to save cache entry with path '/home/runner/.gradle/caches,/home/runner/.gradle/notifications,/home/runner/.gradle/.gradle-build-action,zstd-without-long,1.0' and key: v8-gradle|Linux|ci-test-jvm[37a6259cc0c1dae299a7866489dff0bd]-fa7978ba9472e1dd9ea57b209ced34cae62dbe1b: Error: <h2>Our services aren't available right now</h2><p>We're working to restore all services as soon as possible. Please check back soon.</p>005RXaQAAAADvmZzMlXn4TYWimJbg3lcwQ0hHRURHRTE3MTUARWRnZQ==
JVM Unit Tests	UNKNOWN STEP	2026-01-02T09:50:11.9593303Z ##[endgroup]
JVM Unit Tests	UNKNOWN STEP	2026-01-02T09:50:11.9593512Z Writing job summary
JVM Unit Tests	UNKNOWN STEP	2026-01-02T09:50:11.9777466Z Post job cleanup.
JVM Unit Tests	UNKNOWN STEP	2026-01-02T09:50:12.1504268Z Post job cleanup.
JVM Unit Tests	UNKNOWN STEP	2026-01-02T09:50:12.2439709Z [command]/usr/bin/git version
JVM Unit Tests	UNKNOWN STEP	2026-01-02T09:50:12.2479796Z git version 2.52.0
JVM Unit Tests	UNKNOWN STEP	2026-01-02T09:50:12.2524818Z Temporarily overriding HOME='/home/runner/work/_temp/e6cf7985-0be9-43eb-aa49-ba580f0d5fc6' before making global git config changes
JVM Unit Tests	UNKNOWN STEP	2026-01-02T09:50:12.2526074Z Adding repository directory to the temporary git global config as a safe directory
JVM Unit Tests	UNKNOWN STEP	2026-01-02T09:50:12.2538677Z [command]/usr/bin/git config --global --add safe.directory /home/runner/work/kotlin-crypto-pure/kotlin-crypto-pure
JVM Unit Tests	UNKNOWN STEP	2026-01-02T09:50:12.2573689Z [command]/usr/bin/git config --local --name-only --get-regexp core\.sshCommand
JVM Unit Tests	UNKNOWN STEP	2026-01-02T09:50:12.2607654Z [command]/usr/bin/git submodule foreach --recursive sh -c "git config --local --name-only --get-regexp 'core\.sshCommand' && git config --local --unset-all 'core.sshCommand' || :"
JVM Unit Tests	UNKNOWN STEP	2026-01-02T09:50:12.2855266Z [command]/usr/bin/git config --local --name-only --get-regexp http\.https\:\/\/github\.com\/\.extraheader
JVM Unit Tests	UNKNOWN STEP	2026-01-02T09:50:12.2878819Z http.https://github.com/.extraheader
JVM Unit Tests	UNKNOWN STEP	2026-01-02T09:50:12.2891804Z [command]/usr/bin/git config --local --unset-all http.https://github.com/.extraheader
JVM Unit Tests	UNKNOWN STEP	2026-01-02T09:50:12.2923074Z [command]/usr/bin/git submodule foreach --recursive sh -c "git config --local --name-only --get-regexp 'http\.https\:\/\/github\.com\/\.extraheader' && git config --local --unset-all 'http.https://github.com/.extraheader' || :"
JVM Unit Tests	UNKNOWN STEP	2026-01-02T09:50:12.3143941Z [command]/usr/bin/git config --local --name-only --get-regexp ^includeIf\.gitdir:
JVM Unit Tests	UNKNOWN STEP	2026-01-02T09:50:12.3173607Z [command]/usr/bin/git submodule foreach --recursive git config --local --show-origin --name-only --get-regexp remote.origin.url
JVM Unit Tests	UNKNOWN STEP	2026-01-02T09:50:12.3495564Z Cleaning up orphan processes
