2026-01-04T19:40:56.6954770Z Current runner version: '2.330.0'
2026-01-04T19:40:56.6969780Z ##[group]Runner Image Provisioner
2026-01-04T19:40:56.6970230Z Hosted Compute Agent
2026-01-04T19:40:56.6970780Z Version: 20251211.462
2026-01-04T19:40:56.6971190Z Commit: 6cbad8c2bb55d58165063d031ccabf57e2d2db61
2026-01-04T19:40:56.6971730Z Build Date: 2025-12-11T16:28:49Z
2026-01-04T19:40:56.6972120Z Worker ID: {7a267feb-b133-4084-bfd0-1bdaa48f3284}
2026-01-04T19:40:56.6972540Z ##[endgroup]
2026-01-04T19:40:56.6972870Z ##[group]Operating System
2026-01-04T19:40:56.6973210Z macOS
2026-01-04T19:40:56.6973500Z 15.7.2
2026-01-04T19:40:56.6973770Z 24G325
2026-01-04T19:40:56.6974040Z ##[endgroup]
2026-01-04T19:40:56.6974330Z ##[group]Runner Image
2026-01-04T19:40:56.6974650Z Image: macos-15-arm64
2026-01-04T19:40:56.6974960Z Version: 20251215.0075.1
2026-01-04T19:40:56.6975640Z Included Software: https://github.com/actions/runner-images/blob/macos-15-arm64/20251215.0075/images/macos/macos-15-arm64-Readme.md
2026-01-04T19:40:56.6976630Z Image Release: https://github.com/actions/runner-images/releases/tag/macos-15-arm64%2F20251215.0075
2026-01-04T19:40:56.6977210Z ##[endgroup]
2026-01-04T19:40:56.6977840Z ##[group]GITHUB_TOKEN Permissions
2026-01-04T19:40:56.6978800Z Contents: read
2026-01-04T19:40:56.6979090Z Metadata: read
2026-01-04T19:40:56.6979370Z Packages: read
2026-01-04T19:40:56.6979660Z ##[endgroup]
2026-01-04T19:40:56.6981010Z Secret source: Actions
2026-01-04T19:40:56.6981400Z Prepare workflow directory
2026-01-04T19:40:56.7210360Z Prepare all required actions
2026-01-04T19:40:56.7241230Z Getting action download info
2026-01-04T19:40:57.0384140Z Download action repository 'actions/checkout@v4' (SHA:34e114876b0b11c390a56381ad16ebd13914f8d5)
2026-01-04T19:40:57.4757650Z Download action repository 'actions/setup-java@v4' (SHA:c1e323688fd81a25caa38c78aa6df2d33d3e20d9)
2026-01-04T19:40:58.8265010Z Download action repository 'gradle/gradle-build-action@v2' (SHA:a8f75513eafdebd8141bd1cd4e30fcd194af8dfa)
2026-01-04T19:41:00.2287890Z Complete job name: watchOS Build Check
2026-01-04T19:41:00.2871330Z ##[group]Run actions/checkout@v4
2026-01-04T19:41:00.2872220Z with:
2026-01-04T19:41:00.2872760Z   repository: ImL1s/kotlin-crypto-pure
2026-01-04T19:41:00.2873770Z   token: ***
2026-01-04T19:41:00.2874260Z   ssh-strict: true
2026-01-04T19:41:00.2874760Z   ssh-user: git
2026-01-04T19:41:00.2875290Z   persist-credentials: true
2026-01-04T19:41:00.2875870Z   clean: true
2026-01-04T19:41:00.2876420Z   sparse-checkout-cone-mode: true
2026-01-04T19:41:00.2877070Z   fetch-depth: 1
2026-01-04T19:41:00.2877590Z   fetch-tags: false
2026-01-04T19:41:00.2878130Z   show-progress: true
2026-01-04T19:41:00.2878670Z   lfs: false
2026-01-04T19:41:00.2879160Z   submodules: false
2026-01-04T19:41:00.2879710Z   set-safe-directory: true
2026-01-04T19:41:00.2880450Z ##[endgroup]
2026-01-04T19:41:00.5859840Z Syncing repository: ImL1s/kotlin-crypto-pure
2026-01-04T19:41:00.5864960Z ##[group]Getting Git version info
2026-01-04T19:41:00.5866210Z Working directory is '/Users/runner/work/kotlin-crypto-pure/kotlin-crypto-pure'
2026-01-04T19:41:00.5869480Z [command]/opt/homebrew/bin/git version
2026-01-04T19:41:00.6438730Z git version 2.50.1
2026-01-04T19:41:00.6467450Z ##[endgroup]
2026-01-04T19:41:00.6479290Z Copying '/Users/runner/.gitconfig' to '/Users/runner/work/_temp/cffa627e-e7a7-42fa-b90d-e2511b9fe947/.gitconfig'
2026-01-04T19:41:00.6486480Z Temporarily overriding HOME='/Users/runner/work/_temp/cffa627e-e7a7-42fa-b90d-e2511b9fe947' before making global git config changes
2026-01-04T19:41:00.6488230Z Adding repository directory to the temporary git global config as a safe directory
2026-01-04T19:41:00.6490230Z [command]/opt/homebrew/bin/git config --global --add safe.directory /Users/runner/work/kotlin-crypto-pure/kotlin-crypto-pure
2026-01-04T19:41:00.6588210Z Deleting the contents of '/Users/runner/work/kotlin-crypto-pure/kotlin-crypto-pure'
2026-01-04T19:41:00.6617550Z ##[group]Initializing the repository
2026-01-04T19:41:00.6619260Z [command]/opt/homebrew/bin/git init /Users/runner/work/kotlin-crypto-pure/kotlin-crypto-pure
2026-01-04T19:41:00.6806830Z hint: Using 'master' as the name for the initial branch. This default branch name
2026-01-04T19:41:00.6808940Z hint: is subject to change. To configure the initial branch name to use in all
2026-01-04T19:41:00.6810230Z hint: of your new repositories, which will suppress this warning, call:
2026-01-04T19:41:00.6811190Z hint:
2026-01-04T19:41:00.6811840Z hint: 	git config --global init.defaultBranch <name>
2026-01-04T19:41:00.6812580Z hint:
2026-01-04T19:41:00.6813330Z hint: Names commonly chosen instead of 'master' are 'main', 'trunk' and
2026-01-04T19:41:00.6814580Z hint: 'development'. The just-created branch can be renamed via this command:
2026-01-04T19:41:00.6815550Z hint:
2026-01-04T19:41:00.6816050Z hint: 	git branch -m <name>
2026-01-04T19:41:00.6816730Z hint:
2026-01-04T19:41:00.6817500Z hint: Disable this message with "git config set advice.defaultBranchName false"
2026-01-04T19:41:00.6819060Z Initialized empty Git repository in /Users/runner/work/kotlin-crypto-pure/kotlin-crypto-pure/.git/
2026-01-04T19:41:00.6821910Z [command]/opt/homebrew/bin/git remote add origin https://github.com/ImL1s/kotlin-crypto-pure
2026-01-04T19:41:00.6887010Z ##[endgroup]
2026-01-04T19:41:00.6888140Z ##[group]Disabling automatic garbage collection
2026-01-04T19:41:00.6889050Z [command]/opt/homebrew/bin/git config --local gc.auto 0
2026-01-04T19:41:00.6946050Z ##[endgroup]
2026-01-04T19:41:00.6947110Z ##[group]Setting up auth
2026-01-04T19:41:00.6950830Z [command]/opt/homebrew/bin/git config --local --name-only --get-regexp core\.sshCommand
2026-01-04T19:41:00.7013500Z [command]/opt/homebrew/bin/git submodule foreach --recursive sh -c "git config --local --name-only --get-regexp 'core\.sshCommand' && git config --local --unset-all 'core.sshCommand' || :"
2026-01-04T19:41:00.8075730Z [command]/opt/homebrew/bin/git config --local --name-only --get-regexp http\.https\:\/\/github\.com\/\.extraheader
2026-01-04T19:41:00.8132930Z [command]/opt/homebrew/bin/git submodule foreach --recursive sh -c "git config --local --name-only --get-regexp 'http\.https\:\/\/github\.com\/\.extraheader' && git config --local --unset-all 'http.https://github.com/.extraheader' || :"
2026-01-04T19:41:01.0059830Z [command]/opt/homebrew/bin/git config --local --name-only --get-regexp ^includeIf\.gitdir:
2026-01-04T19:41:01.0341160Z [command]/opt/homebrew/bin/git submodule foreach --recursive git config --local --show-origin --name-only --get-regexp remote.origin.url
2026-01-04T19:41:01.1454090Z [command]/opt/homebrew/bin/git config --local http.https://github.com/.extraheader AUTHORIZATION: basic ***
2026-01-04T19:41:01.1512270Z ##[endgroup]
2026-01-04T19:41:01.1513580Z ##[group]Fetching the repository
2026-01-04T19:41:01.1518630Z [command]/opt/homebrew/bin/git -c protocol.version=2 fetch --no-tags --prune --no-recurse-submodules --depth=1 origin +9fdbc89f6bdef5abb8df2ef9c38a439d93fcba14:refs/remotes/origin/main
2026-01-04T19:41:02.1012840Z From https://github.com/ImL1s/kotlin-crypto-pure
2026-01-04T19:41:02.1013630Z  * [new ref]         9fdbc89f6bdef5abb8df2ef9c38a439d93fcba14 -> origin/main
2026-01-04T19:41:02.1079260Z ##[endgroup]
2026-01-04T19:41:02.1079620Z ##[group]Determining the checkout info
2026-01-04T19:41:02.1080190Z ##[endgroup]
2026-01-04T19:41:02.1085590Z [command]/opt/homebrew/bin/git sparse-checkout disable
2026-01-04T19:41:02.1165440Z [command]/opt/homebrew/bin/git config --local --unset-all extensions.worktreeConfig
2026-01-04T19:41:02.1222520Z ##[group]Checking out the ref
2026-01-04T19:41:02.1226290Z [command]/opt/homebrew/bin/git checkout --progress --force -B main refs/remotes/origin/main
2026-01-04T19:41:02.3876370Z Switched to a new branch 'main'
2026-01-04T19:41:02.3879340Z branch 'main' set up to track 'origin/main'.
2026-01-04T19:41:02.3886380Z ##[endgroup]
2026-01-04T19:41:02.3978810Z [command]/opt/homebrew/bin/git log -1 --format=%H
2026-01-04T19:41:02.4038980Z 9fdbc89f6bdef5abb8df2ef9c38a439d93fcba14
2026-01-04T19:41:02.4264680Z ##[group]Run actions/setup-java@v4
2026-01-04T19:41:02.4265160Z with:
2026-01-04T19:41:02.4265300Z   java-version: 17
2026-01-04T19:41:02.4265440Z   distribution: temurin
2026-01-04T19:41:02.4265580Z   java-package: jdk
2026-01-04T19:41:02.4265780Z   check-latest: false
2026-01-04T19:41:02.4265920Z   server-id: github
2026-01-04T19:41:02.4266060Z   server-username: GITHUB_ACTOR
2026-01-04T19:41:02.4266230Z   server-password: GITHUB_TOKEN
2026-01-04T19:41:02.4266410Z   overwrite-settings: true
2026-01-04T19:41:02.4266560Z   job-status: success
2026-01-04T19:41:02.4266810Z   token: ***
2026-01-04T19:41:02.4266940Z ##[endgroup]
2026-01-04T19:41:02.5958820Z ##[group]Installed distributions
2026-01-04T19:41:02.5984100Z Resolved Java 17.0.17+10 from tool-cache
2026-01-04T19:41:02.5984380Z Setting Java 17.0.17+10 as the default
2026-01-04T19:41:02.5995290Z Creating toolchains.xml for JDK version 17 from temurin
2026-01-04T19:41:02.6042180Z Writing to /Users/runner/.m2/toolchains.xml
2026-01-04T19:41:02.6043100Z 
2026-01-04T19:41:02.6043220Z Java configuration:
2026-01-04T19:41:02.6043510Z   Distribution: temurin
2026-01-04T19:41:02.6043700Z   Version: 17.0.17+10
2026-01-04T19:41:02.6044260Z   Path: /Users/runner/hostedtoolcache/Java_Temurin-Hotspot_jdk/17.0.17-10/arm64/Contents/Home
2026-01-04T19:41:02.6044550Z 
2026-01-04T19:41:02.6045280Z ##[endgroup]
2026-01-04T19:41:02.6061720Z Creating settings.xml with server-id: github
2026-01-04T19:41:02.6061990Z Writing to /Users/runner/.m2/settings.xml
2026-01-04T19:41:02.6194550Z ##[group]Run gradle/gradle-build-action@v2
2026-01-04T19:41:02.6194800Z with:
2026-01-04T19:41:02.6194920Z   cache-disabled: false
2026-01-04T19:41:02.6195080Z   cache-read-only: false
2026-01-04T19:41:02.6195250Z   cache-write-only: false
2026-01-04T19:41:02.6195440Z   cache-overwrite-existing: false
2026-01-04T19:41:02.6195680Z   gradle-home-cache-includes: caches
notifications

2026-01-04T19:41:02.6195920Z   gradle-home-cache-cleanup: false
2026-01-04T19:41:02.6196110Z   generate-job-summary: true
2026-01-04T19:41:02.6196270Z   dependency-graph: disabled
2026-01-04T19:41:02.6196470Z   gradle-home-cache-strict-match: false
2026-01-04T19:41:02.6196660Z   workflow-job-context: null
2026-01-04T19:41:02.6196940Z   github-token: ***
2026-01-04T19:41:02.6197070Z env:
2026-01-04T19:41:02.6197340Z   JAVA_HOME: /Users/runner/hostedtoolcache/Java_Temurin-Hotspot_jdk/17.0.17-10/arm64/Contents/Home
2026-01-04T19:41:02.6197870Z   JAVA_HOME_17_ARM64: /Users/runner/hostedtoolcache/Java_Temurin-Hotspot_jdk/17.0.17-10/arm64/Contents/Home
2026-01-04T19:41:02.6198230Z ##[endgroup]
2026-01-04T19:41:03.1972830Z ##[group]Restore Gradle state from cache
2026-01-04T19:41:03.3065650Z ##[warning]Failed to restore v8-gradle|macOS|ci-build-watchos[37a6259cc0c1dae299a7866489dff0bd]-9fdbc89f6bdef5abb8df2ef9c38a439d93fcba14: Error: Cache service responded with 400
2026-01-04T19:41:03.3084040Z Gradle User Home cache not found. Will initialize empty.
2026-01-04T19:41:03.3084550Z ##[endgroup]
2026-01-04T19:41:03.3177620Z ##[group]Run ./gradlew :crypto-core:compileKotlinWatchosArm64
2026-01-04T19:41:03.3178230Z [36;1m./gradlew :crypto-core:compileKotlinWatchosArm64[0m
2026-01-04T19:41:03.3229120Z shell: /bin/bash -e {0}
2026-01-04T19:41:03.3229360Z env:
2026-01-04T19:41:03.3229730Z   JAVA_HOME: /Users/runner/hostedtoolcache/Java_Temurin-Hotspot_jdk/17.0.17-10/arm64/Contents/Home
2026-01-04T19:41:03.3230250Z   JAVA_HOME_17_ARM64: /Users/runner/hostedtoolcache/Java_Temurin-Hotspot_jdk/17.0.17-10/arm64/Contents/Home
2026-01-04T19:41:03.3230630Z   GRADLE_BUILD_ACTION_SETUP_COMPLETED: true
2026-01-04T19:41:03.3230920Z   GRADLE_BUILD_ACTION_CACHE_RESTORED: true
2026-01-04T19:41:03.3231170Z ##[endgroup]
2026-01-04T19:41:03.5210070Z Downloading https://services.gradle.org/distributions/gradle-8.13-all.zip
2026-01-04T19:41:09.5618260Z ......................10%......................20%......................30%......................40%......................50%......................60%......................70%.......................80%......................90%......................100%
2026-01-04T19:41:14.8445240Z 
2026-01-04T19:41:14.8447940Z Welcome to Gradle 8.13!
2026-01-04T19:41:14.8453070Z 
2026-01-04T19:41:14.8453520Z Here are the highlights of this release:
2026-01-04T19:41:14.8455130Z  - Daemon JVM auto-provisioning
2026-01-04T19:41:14.8456330Z  - Enhancements for Scala plugin and JUnit testing
2026-01-04T19:41:14.8459410Z  - Improvements for build authors and plugin developers
2026-01-04T19:41:14.8460540Z 
2026-01-04T19:41:14.8461110Z For more details see https://docs.gradle.org/8.13/release-notes.html
2026-01-04T19:41:14.8461410Z 
2026-01-04T19:41:14.8461930Z Starting a Gradle Daemon (subsequent builds will be faster)
2026-01-04T19:42:10.8215060Z 
2026-01-04T19:42:10.8325580Z > Configure project :crypto-core
2026-01-04T19:42:10.8448930Z w: file:///Users/runner/work/kotlin-crypto-pure/kotlin-crypto-pure/crypto-core/build.gradle.kts:25:21: 'defFile: File' is deprecated. Deprecated because it is a non-lazy property.
2026-01-04T19:42:10.8593970Z w: file:///Users/runner/work/kotlin-crypto-pure/kotlin-crypto-pure/crypto-core/build.gradle.kts:36:21: 'defFile: File' is deprecated. Deprecated because it is a non-lazy property.
2026-01-04T19:42:10.8707980Z w: file:///Users/runner/work/kotlin-crypto-pure/kotlin-crypto-pure/crypto-core/build.gradle.kts:47:21: 'defFile: File' is deprecated. Deprecated because it is a non-lazy property.
2026-01-04T19:42:10.8817250Z w: file:///Users/runner/work/kotlin-crypto-pure/kotlin-crypto-pure/crypto-core/build.gradle.kts:59:21: 'defFile: File' is deprecated. Deprecated because it is a non-lazy property.
2026-01-04T19:42:10.8919810Z w: file:///Users/runner/work/kotlin-crypto-pure/kotlin-crypto-pure/crypto-core/build.gradle.kts:70:21: 'defFile: File' is deprecated. Deprecated because it is a non-lazy property.
2026-01-04T19:42:10.9020270Z w: file:///Users/runner/work/kotlin-crypto-pure/kotlin-crypto-pure/crypto-core/build.gradle.kts:81:21: 'defFile: File' is deprecated. Deprecated because it is a non-lazy property.
2026-01-04T19:42:11.7902260Z w: The Default Kotlin Hierarchy Template was not applied to 'project ':crypto-core'':
2026-01-04T19:42:11.7917460Z Explicit .dependsOn() edges were configured for the following source sets:
2026-01-04T19:42:11.7919470Z [iosArm64Main, iosArm64Test, iosMain, iosSimulatorArm64Main, iosSimulatorArm64Test, iosX64Main, iosX64Test, jvmMain, jvmTest, nativeMain, nativeTest, watchosArm64Main, watchosArm64Test, watchosMain, watchosSimulatorArm64Main, watchosSimulatorArm64Test, watchosX64Main, watchosX64Test]
2026-01-04T19:42:11.7920370Z 
2026-01-04T19:42:11.7920660Z Consider removing dependsOn-calls or disabling the default template by adding
2026-01-04T19:42:11.7921120Z     'kotlin.mpp.applyDefaultHierarchyTemplate=false'
2026-01-04T19:42:11.8080230Z to your gradle.properties
2026-01-04T19:42:11.8113820Z 
2026-01-04T19:42:11.8164970Z Learn more about hierarchy templates: https://kotl.in/hierarchy-template
2026-01-04T19:42:11.8166710Z 
2026-01-04T19:42:13.5784490Z 
2026-01-04T19:42:13.5802590Z > Configure project :demo-cli
2026-01-04T19:42:13.5803810Z w: file:///Users/runner/work/kotlin-crypto-pure/kotlin-crypto-pure/demo-cli/build.gradle.kts:7:9: Experimental API in the Kotlin Gradle Plugin: No stability guarantees can be provided. The API could get removed in the future without replacement
2026-01-04T19:42:13.5806960Z w: file:///Users/runner/work/kotlin-crypto-pure/kotlin-crypto-pure/demo-cli/build.gradle.kts:8:13: Experimental API in the Kotlin Gradle Plugin: No stability guarantees can be provided. The API could get removed in the future without replacement
2026-01-04T19:42:13.8154370Z 
2026-01-04T19:42:13.8155530Z > Task :crypto-core:checkKotlinGradlePluginConfigurationErrors SKIPPED
2026-01-04T19:42:43.8256770Z > Task :crypto-core:cinteropCommonCryptoWatchosArm64
2026-01-04T19:43:03.6992520Z Downloading native dependencies (LLVM, sysroot etc). This is a one-time action performed only on the first run of the compiler.
2026-01-04T19:43:06.3835570Z Done.
2026-01-04T19:43:06.3836750Z Extracting dependency: /Users/runner/.konan/dependencies/cache/llvm-16.0.0-aarch64-macos-essentials-63.tar.gz into /Users/runner/.konan/dependencies
2026-01-04T19:43:08.7588030Z Done.
2026-01-04T19:43:08.7590070Z Extracting dependency: /Users/runner/.konan/dependencies/cache/libffi-3.3-1-macos-arm64.tar.gz into /Users/runner/.konan/dependencies
2026-01-04T19:43:31.2987140Z e: file:///Users/runner/work/kotlin-crypto-pure/kotlin-crypto-pure/crypto-core/src/commonMain/kotlin/io/github/iml1s/crypto/Blake2b.kt:42:29 Unresolved reference 'clone'.
2026-01-04T19:43:31.2987930Z 
2026-01-04T19:43:31.3091900Z e: file:///Users/runner/work/kotlin-crypto-pure/kotlin-crypto-pure/crypto-core/src/commonMain/kotlin/io/github/iml1s/crypto/Blake2b.kt:44:25 Cannot infer type for this parameter. Please specify it explicitly.
2026-01-04T19:43:31.3092850Z > Task :crypto-core:compileKotlinWatchosArm64 FAILED
2026-01-04T19:43:31.3194500Z e: file:///Users/runner/work/kotlin-crypto-pure/kotlin-crypto-pure/crypto-core/src/commonMain/kotlin/io/github/iml1s/crypto/Blake2b.kt:44:39 Unresolved reference 'xor'.
2026-01-04T19:43:31.3296740Z e: file:///Users/runner/work/kotlin-crypto-pure/kotlin-crypto-pure/crypto-core/src/commonMain/kotlin/io/github/iml1s/crypto/Blake2b.kt:49:29 Cannot infer type for this parameter. Please specify it explicitly.
2026-01-04T19:43:31.3398720Z e: file:///Users/runner/work/kotlin-crypto-pure/kotlin-crypto-pure/crypto-core/src/commonMain/kotlin/io/github/iml1s/crypto/Blake2b.kt:49:43 Unresolved reference 'xor'.
2026-01-04T19:43:31.3500540Z e: file:///Users/runner/work/kotlin-crypto-pure/kotlin-crypto-pure/crypto-core/src/commonMain/kotlin/io/github/iml1s/crypto/Blake2b.kt:50:29 Cannot infer type for this parameter. Please specify it explicitly.
2026-01-04T19:43:31.3602830Z e: file:///Users/runner/work/kotlin-crypto-pure/kotlin-crypto-pure/crypto-core/src/commonMain/kotlin/io/github/iml1s/crypto/Blake2b.kt:50:43 Unresolved reference 'xor'.
2026-01-04T19:43:31.3707200Z e: file:///Users/runner/work/kotlin-crypto-pure/kotlin-crypto-pure/crypto-core/src/commonMain/kotlin/io/github/iml1s/crypto/Blake2b.kt:56:29 Cannot infer type for this parameter. Please specify it explicitly.
2026-01-04T19:43:31.3809250Z e: file:///Users/runner/work/kotlin-crypto-pure/kotlin-crypto-pure/crypto-core/src/commonMain/kotlin/io/github/iml1s/crypto/Blake2b.kt:56:43 Unresolved reference 'xor'.
2026-01-04T19:43:31.3911090Z e: file:///Users/runner/work/kotlin-crypto-pure/kotlin-crypto-pure/crypto-core/src/commonMain/kotlin/io/github/iml1s/crypto/Blake2b.kt:57:29 Cannot infer type for this parameter. Please specify it explicitly.
2026-01-04T19:43:31.4013050Z e: file:///Users/runner/work/kotlin-crypto-pure/kotlin-crypto-pure/crypto-core/src/commonMain/kotlin/io/github/iml1s/crypto/Blake2b.kt:57:43 Unresolved reference 'xor'.
2026-01-04T19:43:31.4160950Z e: file:///Users/runner/work/kotlin-crypto-pure/kotlin-crypto-pure/crypto-core/src/commonMain/kotlin/io/github/iml1s/crypto/Ristretto255.kt:167:33 Unresolved reference 'Character'.
2026-01-04T19:43:31.4161870Z 
2026-01-04T19:43:31.4163090Z e: file:///Users/runner/work/kotlin-crypto-pure/kotlin-crypto-pure/crypto-core/src/commonMain/kotlin/io/github/iml1s/crypto/Ristretto255.kt:167:68 Unresolved reference 'Character'.
2026-01-04T19:43:31.4164290Z e: file:///Users/runner/work/kotlin-crypto-pure/kotlin-crypto-pure/crypto-core/src/nativeMain/kotlin/io/github/iml1s/crypto/Sha512.native.kt:8:28 Unresolved reference 'CC_SHA512_DIGEST_LENGTH'.
2026-01-04T19:43:31.4164830Z 
2026-01-04T19:43:31.4164990Z FAILURE: Build failed with an exception.
2026-01-04T19:43:31.4165210Z 
2026-01-04T19:43:31.4165260Z * What went wrong:
2026-01-04T19:43:31.4165630Z Execution failed for task ':crypto-core:compileKotlinWatchosArm64'.
2026-01-04T19:43:31.4165980Z > Compilation finished with errors
2026-01-04T19:43:31.4166170Z 
2026-01-04T19:43:31.4166210Z * Try:
2026-01-04T19:43:31.4166490Z > Run with --stacktrace option to get the stack trace.
2026-01-04T19:43:31.4167500Z > Run with --info or --debug option to get more log output.
2026-01-04T19:43:31.4167830Z > Run with --scan to get full insights.
2026-01-04T19:43:31.4169160Z > Get more help at https://help.gradle.org.
2026-01-04T19:43:31.4169510Z 
2026-01-04T19:43:31.4171850Z BUILD FAILED in 2m 27s
2026-01-04T19:43:31.4172420Z [Incubating] Problems report is available at: file:///Users/runner/work/kotlin-crypto-pure/kotlin-crypto-pure/build/reports/problems/problems-report.html
2026-01-04T19:43:31.4172890Z 
2026-01-04T19:43:31.4173070Z Deprecated Gradle features were used in this build, making it incompatible with Gradle 9.0.
2026-01-04T19:43:31.4174940Z 
2026-01-04T19:43:31.4175600Z You can use '--warning-mode all' to show the individual deprecation warnings and determine if they come from your own scripts or plugins.
2026-01-04T19:43:31.4175950Z 
2026-01-04T19:43:31.4176550Z For more on this, please refer to https://docs.gradle.org/8.13/userguide/command_line_interface.html#sec:command_line_warnings in the Gradle documentation.
2026-01-04T19:43:31.4177060Z 2 actionable tasks: 2 executed
2026-01-04T19:43:32.8856130Z ##[error]Process completed with exit code 1.
2026-01-04T19:43:32.9116950Z Post job cleanup.
2026-01-04T19:43:33.3189690Z In final post-action step, saving state and writing summary
2026-01-04T19:43:33.3194850Z Stopping all Gradle daemons before saving Gradle User Home state
2026-01-04T19:43:33.3195640Z Stopping Gradle daemons for /Users/runner/.gradle/wrapper/dists/gradle-8.13-all/54h0s9kvb6g2sinako7ub77ku/gradle-8.13
2026-01-04T19:43:33.3207280Z [command]/Users/runner/.gradle/wrapper/dists/gradle-8.13-all/54h0s9kvb6g2sinako7ub77ku/gradle-8.13/bin/gradle --stop
2026-01-04T19:43:33.9612180Z Stopping Daemon(s)
2026-01-04T19:43:33.9738700Z 1 Daemon stopped
2026-01-04T19:43:33.9841520Z ##[group]Caching Gradle state
2026-01-04T19:43:34.0571190Z Caching generated-gradle-jars with path '/Users/runner/.gradle/caches/8.13/generated-gradle-jars/gradle-api-8.13.jar' and cache key: generated-gradle-jars-697f81ec8d80712ce7da03f513960371
2026-01-04T19:43:34.0575210Z Caching wrapper-zips with path '/Users/runner/.gradle/wrapper/dists/gradle-8.13-all/54h0s9kvb6g2sinako7ub77ku' and cache key: wrapper-zips-27b0df0fa405636de00fcbfa0ab79410
2026-01-04T19:43:34.1280450Z [command]/opt/homebrew/bin/gtar --posix -cf cache.tzst --exclude cache.tzst -P -C /Users/runner/work/kotlin-crypto-pure/kotlin-crypto-pure --files-from manifest.txt --delay-directory-restore --use-compress-program zstdmt
2026-01-04T19:43:34.1282710Z [command]/opt/homebrew/bin/gtar --posix -cf cache.tzst --exclude cache.tzst -P -C /Users/runner/work/kotlin-crypto-pure/kotlin-crypto-pure --files-from manifest.txt --delay-directory-restore --use-compress-program zstdmt
2026-01-04T19:43:34.7998260Z Caching dependencies with path '/Users/runner/.gradle/caches/modules-*/files-*/*/*/*/*' and cache key: dependencies-513559ae45b56a68d4f09ee68909475b
2026-01-04T19:43:34.9044300Z Caching instrumented-jars with path '/Users/runner/.gradle/caches/jars-*/*' and cache key: instrumented-jars-15ce2be0574bdabe8c37e37e72c3086c
2026-01-04T19:43:35.2729250Z [command]/opt/homebrew/bin/gtar --posix -cf cache.tzst --exclude cache.tzst -P -C /Users/runner/work/kotlin-crypto-pure/kotlin-crypto-pure --files-from manifest.txt --delay-directory-restore --use-compress-program zstdmt
2026-01-04T19:43:35.3106470Z Caching kotlin-dsl with path '/Users/runner/.gradle/caches/*/kotlin-dsl/*/*' and cache key: kotlin-dsl-f37ea44656728e6163304b447d113bbe
2026-01-04T19:43:35.3230700Z [command]/opt/homebrew/bin/gtar --posix -cf cache.tzst --exclude cache.tzst -P -C /Users/runner/work/kotlin-crypto-pure/kotlin-crypto-pure --files-from manifest.txt --delay-directory-restore --use-compress-program zstdmt
2026-01-04T19:43:35.3241940Z ##[warning]Failed to save cache entry with path '/Users/runner/.gradle/caches/jars-*/*,zstd-without-long,1.0' and key: instrumented-jars-15ce2be0574bdabe8c37e37e72c3086c: Error: <h2>Our services aren't available right now</h2><p>We're working to restore all services as soon as possible. Please check back soon.</p>058JaaQAAAADQmsAMGEm8SocJoxVhNvnEU04xRURHRTEzMjIARWRnZQ==
2026-01-04T19:43:35.3266820Z ##[warning]Failed to save cache entry with path '/Users/runner/.gradle/caches/8.13/generated-gradle-jars/gradle-api-8.13.jar,zstd-without-long,1.0' and key: generated-gradle-jars-697f81ec8d80712ce7da03f513960371: Error: <h2>Our services aren't available right now</h2><p>We're working to restore all services as soon as possible. Please check back soon.</p>058JaaQAAAAD5eQfq/FzjToCijPimm8x6U04xRURHRTEzMjIARWRnZQ==
2026-01-04T19:43:35.3750240Z [command]/opt/homebrew/bin/gtar --posix -cf cache.tzst --exclude cache.tzst -P -C /Users/runner/work/kotlin-crypto-pure/kotlin-crypto-pure --files-from manifest.txt --delay-directory-restore --use-compress-program zstdmt
2026-01-04T19:43:35.9779910Z ##[warning]Failed to save cache entry with path '/Users/runner/.gradle/caches/*/kotlin-dsl/*/*,zstd-without-long,1.0' and key: kotlin-dsl-f37ea44656728e6163304b447d113bbe: Error: <h2>Our services aren't available right now</h2><p>We're working to restore all services as soon as possible. Please check back soon.</p>06MJaaQAAAAA031n90JcqRbIsuDWiG6USU04xRURHRTEzMjIARWRnZQ==
2026-01-04T19:43:37.0473560Z ##[warning]Failed to save cache entry with path '/Users/runner/.gradle/caches/modules-*/files-*/*/*/*/*,zstd-without-long,1.0' and key: dependencies-513559ae45b56a68d4f09ee68909475b: Error: <h2>Our services aren't available right now</h2><p>We're working to restore all services as soon as possible. Please check back soon.</p>06cJaaQAAAACIye4y778CSYl5lxKP0LedU04xRURHRTEzMjIARWRnZQ==
2026-01-04T19:43:43.8679270Z ##[warning]Failed to save cache entry with path '/Users/runner/.gradle/wrapper/dists/gradle-8.13-all/54h0s9kvb6g2sinako7ub77ku,zstd-without-long,1.0' and key: wrapper-zips-27b0df0fa405636de00fcbfa0ab79410: Error: <h2>Our services aren't available right now</h2><p>We're working to restore all services as soon as possible. Please check back soon.</p>08MJaaQAAAADEn+ZmneiFR51l9F0PI1ggU04xRURHRTIyMDcARWRnZQ==
2026-01-04T19:43:45.6021730Z Caching Gradle User Home with cache key: v8-gradle|macOS|ci-build-watchos[37a6259cc0c1dae299a7866489dff0bd]-9fdbc89f6bdef5abb8df2ef9c38a439d93fcba14
2026-01-04T19:43:45.6125370Z [command]/opt/homebrew/bin/gtar --posix -cf cache.tzst --exclude cache.tzst -P -C /Users/runner/work/kotlin-crypto-pure/kotlin-crypto-pure --files-from manifest.txt --delay-directory-restore --use-compress-program zstdmt
2026-01-04T19:43:58.8229390Z ##[warning]Failed to save cache entry with path '/Users/runner/.gradle/caches,/Users/runner/.gradle/notifications,/Users/runner/.gradle/.gradle-build-action,zstd-without-long,1.0' and key: v8-gradle|macOS|ci-build-watchos[37a6259cc0c1dae299a7866489dff0bd]-9fdbc89f6bdef5abb8df2ef9c38a439d93fcba14: Error: <h2>Our services aren't available right now</h2><p>We're working to restore all services as soon as possible. Please check back soon.</p>0/sJaaQAAAAD8DvXu3HWORKo7rMnpAOZXU04xRURHRTE3MjAARWRnZQ==
2026-01-04T19:43:58.8258790Z ##[endgroup]
2026-01-04T19:43:58.8259120Z Writing job summary
2026-01-04T19:43:58.9562610Z Post job cleanup.
2026-01-04T19:43:59.1768770Z Post job cleanup.
2026-01-04T19:43:59.3085100Z [command]/opt/homebrew/bin/git version
2026-01-04T19:43:59.3662840Z git version 2.50.1
2026-01-04T19:43:59.3685890Z Copying '/Users/runner/.gitconfig' to '/Users/runner/work/_temp/e1e53f95-8254-41b3-90fe-78e1932f5233/.gitconfig'
2026-01-04T19:43:59.3693850Z Temporarily overriding HOME='/Users/runner/work/_temp/e1e53f95-8254-41b3-90fe-78e1932f5233' before making global git config changes
2026-01-04T19:43:59.3694450Z Adding repository directory to the temporary git global config as a safe directory
2026-01-04T19:43:59.3705070Z [command]/opt/homebrew/bin/git config --global --add safe.directory /Users/runner/work/kotlin-crypto-pure/kotlin-crypto-pure
2026-01-04T19:43:59.3891720Z [command]/opt/homebrew/bin/git config --local --name-only --get-regexp core\.sshCommand
2026-01-04T19:43:59.3925560Z [command]/opt/homebrew/bin/git submodule foreach --recursive sh -c "git config --local --name-only --get-regexp 'core\.sshCommand' && git config --local --unset-all 'core.sshCommand' || :"
2026-01-04T19:43:59.4954970Z [command]/opt/homebrew/bin/git config --local --name-only --get-regexp http\.https\:\/\/github\.com\/\.extraheader
2026-01-04T19:43:59.5028810Z http.https://github.com/.extraheader
2026-01-04T19:43:59.5041640Z [command]/opt/homebrew/bin/git config --local --unset-all http.https://github.com/.extraheader
2026-01-04T19:43:59.5114190Z [command]/opt/homebrew/bin/git submodule foreach --recursive sh -c "git config --local --name-only --get-regexp 'http\.https\:\/\/github\.com\/\.extraheader' && git config --local --unset-all 'http.https://github.com/.extraheader' || :"
2026-01-04T19:43:59.6382790Z [command]/opt/homebrew/bin/git config --local --name-only --get-regexp ^includeIf\.gitdir:
2026-01-04T19:43:59.6450490Z [command]/opt/homebrew/bin/git submodule foreach --recursive git config --local --show-origin --name-only --get-regexp remote.origin.url
2026-01-04T19:43:59.7720060Z Cleaning up orphan processes
